[0.628s] Invoking command in '/home/zero/ball_follower/src/ball_follower_interface_pkg': PYTHONPATH=/home/zero/ball_follower/build/ball_follower_interface_pkg/prefix_override:/usr/lib/python3/dist-packages/colcon_core/task/python/colcon_distutils_commands:/home/zero/ball_follower/install/ball_follower_interface_pkg/lib/python3.10/site-packages:${PYTHONPATH} /usr/bin/python3 -W ignore:setup.py install is deprecated -W ignore:easy_install command is deprecated setup.py egg_info --egg-base ../../build/ball_follower_interface_pkg build --build-base /home/zero/ball_follower/build/ball_follower_interface_pkg/build install --record /home/zero/ball_follower/build/ball_follower_interface_pkg/install.log --single-version-externally-managed install_data
[0.867s] running egg_info
[0.867s] writing ../../build/ball_follower_interface_pkg/ball_follower_interface_pkg.egg-info/PKG-INFO
[0.867s] writing dependency_links to ../../build/ball_follower_interface_pkg/ball_follower_interface_pkg.egg-info/dependency_links.txt
[0.867s] writing entry points to ../../build/ball_follower_interface_pkg/ball_follower_interface_pkg.egg-info/entry_points.txt
[0.867s] writing requirements to ../../build/ball_follower_interface_pkg/ball_follower_interface_pkg.egg-info/requires.txt
[0.867s] writing top-level names to ../../build/ball_follower_interface_pkg/ball_follower_interface_pkg.egg-info/top_level.txt
[0.870s] reading manifest file '../../build/ball_follower_interface_pkg/ball_follower_interface_pkg.egg-info/SOURCES.txt'
[0.870s] writing manifest file '../../build/ball_follower_interface_pkg/ball_follower_interface_pkg.egg-info/SOURCES.txt'
[0.870s] running build
[0.870s] running build_py
[0.871s] running install
[0.871s] running install_lib
[0.872s] running install_data
[0.872s] running install_egg_info
[0.874s] removing '/home/zero/ball_follower/install/ball_follower_interface_pkg/lib/python3.10/site-packages/ball_follower_interface_pkg-0.0.0-py3.10.egg-info' (and everything under it)
[0.874s] Copying ../../build/ball_follower_interface_pkg/ball_follower_interface_pkg.egg-info to /home/zero/ball_follower/install/ball_follower_interface_pkg/lib/python3.10/site-packages/ball_follower_interface_pkg-0.0.0-py3.10.egg-info
[0.874s] running install_scripts
[0.892s] Installing human_follower script to /home/zero/ball_follower/install/ball_follower_interface_pkg/lib/ball_follower_interface_pkg
[0.892s] Installing keyboard script to /home/zero/ball_follower/install/ball_follower_interface_pkg/lib/ball_follower_interface_pkg
[0.892s] Installing keyboard_twist script to /home/zero/ball_follower/install/ball_follower_interface_pkg/lib/ball_follower_interface_pkg
[0.892s] Installing ps3_twist script to /home/zero/ball_follower/install/ball_follower_interface_pkg/lib/ball_follower_interface_pkg
[0.892s] writing list of installed files to '/home/zero/ball_follower/build/ball_follower_interface_pkg/install.log'
[0.911s] Invoked command in '/home/zero/ball_follower/src/ball_follower_interface_pkg' returned '0': PYTHONPATH=/home/zero/ball_follower/build/ball_follower_interface_pkg/prefix_override:/usr/lib/python3/dist-packages/colcon_core/task/python/colcon_distutils_commands:/home/zero/ball_follower/install/ball_follower_interface_pkg/lib/python3.10/site-packages:${PYTHONPATH} /usr/bin/python3 -W ignore:setup.py install is deprecated -W ignore:easy_install command is deprecated setup.py egg_info --egg-base ../../build/ball_follower_interface_pkg build --build-base /home/zero/ball_follower/build/ball_follower_interface_pkg/build install --record /home/zero/ball_follower/build/ball_follower_interface_pkg/install.log --single-version-externally-managed install_data
