[0.013s] Invoking command in '/home/zero/ball_follower/build/ball_follower_bringup': CMAKE_PREFIX_PATH=/home/zero/ball_follower/install/ball_follower_description:/home/zero/ball_follower/install/ball_follower_bringup:/home/zero/ball_follower/install/sanad_bringup:/home/zero/ball_follower/install/sanad_description:/home/zero/mangobot/install/mangobot_moveit:/home/zero/mangobot/install/mangobot_description:/home/zero/mangobot/install/mangobot_cpp_examples:/home/zero/mangobot/install/mangobot_controller:/home/zero/sanad_ws/install/sanad_bringup:/home/zero/sanad_ws/install/sanad_navigation:/home/zero/sanad_ws/install/sanad_planning:/home/zero/sanad_ws/install/sanad_mapping:/home/zero/sanad_ws/install/sanad_localization:/home/zero/sanad_ws/install/sanad_interfaces:/home/zero/sanad_ws/install/sanad_firmware:/home/zero/sanad_ws/install/sanad_description:/home/zero/sanad_ws/install/sanad_controller:/home/zero/arduinobot/install/arduinobot_moveit:/home/zero/arduinobot/install/arduinobot_description:/home/zero/arduinobot/install/arduinobot_controller:/home/zero/ros2_ws/install/ldlidar_ros2:/home/zero/ros2_ws/install/dual_laser_merger:/home/zero/ros2_ws/install/astra_camera:/home/zero/ros2_ws/install/astra_camera_msgs:/home/zero/essential_ros2/install/micro_ros_agent:/home/zero/grid_fleet_ws/install/fleet_interfaces:/home/zero/bumperbot_ws/install/ldlidar_ros2:/home/zero/bumperbot_ws/install/bumperbot_utils:/home/zero/bumperbot_ws/install/bumperbot_navigation:/home/zero/bumperbot_ws/install/bumperbot_planning:/home/zero/bumperbot_ws/install/bumperbot_cpp_examples:/home/zero/bumperbot_ws/install/bumperbot_msgs:/home/zero/bumperbot_ws/install/bumperbot_motion:/home/zero/bumperbot_ws/install/bumperbot_bringup:/home/zero/bumperbot_ws/install/bumperbot_mapping:/home/zero/bumperbot_ws/install/bumperbot_localization:/home/zero/bumperbot_ws/install/bumperbot_firmware:/home/zero/bumperbot_ws/install/bumperbot_description:/home/zero/bumperbot_ws/install/bumperbot_controller:/home/zero/ball_follower/install/ball_follower_interface_pkg:/home/zero/ball_follower/install/sanad_interface_pkg:/home/zero/sanad_ws/install/sanad_voice_control:/home/zero/sanad_ws/install/sanad_room_manager:/home/zero/sanad_ws/install/sanad_perception:/home/zero/sanad_ws/install/sanad_interface_pkg:/home/zero/ros2_ws/install/camera_vision_service:/home/zero/grid_fleet_ws/install/fleet_sim:/home/zero/bumperbot_ws/install/sanad_controller:/home/zero/bumperbot_ws/install/bumperbot_py_examples:/opt/ros/humble /usr/bin/cmake --build /home/zero/ball_follower/build/ball_follower_bringup -- -j12 -l12
[0.044s] Invoked command in '/home/zero/ball_follower/build/ball_follower_bringup' returned '0': CMAKE_PREFIX_PATH=/home/zero/ball_follower/install/ball_follower_description:/home/zero/ball_follower/install/ball_follower_bringup:/home/zero/ball_follower/install/sanad_bringup:/home/zero/ball_follower/install/sanad_description:/home/zero/mangobot/install/mangobot_moveit:/home/zero/mangobot/install/mangobot_description:/home/zero/mangobot/install/mangobot_cpp_examples:/home/zero/mangobot/install/mangobot_controller:/home/zero/sanad_ws/install/sanad_bringup:/home/zero/sanad_ws/install/sanad_navigation:/home/zero/sanad_ws/install/sanad_planning:/home/zero/sanad_ws/install/sanad_mapping:/home/zero/sanad_ws/install/sanad_localization:/home/zero/sanad_ws/install/sanad_interfaces:/home/zero/sanad_ws/install/sanad_firmware:/home/zero/sanad_ws/install/sanad_description:/home/zero/sanad_ws/install/sanad_controller:/home/zero/arduinobot/install/arduinobot_moveit:/home/zero/arduinobot/install/arduinobot_description:/home/zero/arduinobot/install/arduinobot_controller:/home/zero/ros2_ws/install/ldlidar_ros2:/home/zero/ros2_ws/install/dual_laser_merger:/home/zero/ros2_ws/install/astra_camera:/home/zero/ros2_ws/install/astra_camera_msgs:/home/zero/essential_ros2/install/micro_ros_agent:/home/zero/grid_fleet_ws/install/fleet_interfaces:/home/zero/bumperbot_ws/install/ldlidar_ros2:/home/zero/bumperbot_ws/install/bumperbot_utils:/home/zero/bumperbot_ws/install/bumperbot_navigation:/home/zero/bumperbot_ws/install/bumperbot_planning:/home/zero/bumperbot_ws/install/bumperbot_cpp_examples:/home/zero/bumperbot_ws/install/bumperbot_msgs:/home/zero/bumperbot_ws/install/bumperbot_motion:/home/zero/bumperbot_ws/install/bumperbot_bringup:/home/zero/bumperbot_ws/install/bumperbot_mapping:/home/zero/bumperbot_ws/install/bumperbot_localization:/home/zero/bumperbot_ws/install/bumperbot_firmware:/home/zero/bumperbot_ws/install/bumperbot_description:/home/zero/bumperbot_ws/install/bumperbot_controller:/home/zero/ball_follower/install/ball_follower_interface_pkg:/home/zero/ball_follower/install/sanad_interface_pkg:/home/zero/sanad_ws/install/sanad_voice_control:/home/zero/sanad_ws/install/sanad_room_manager:/home/zero/sanad_ws/install/sanad_perception:/home/zero/sanad_ws/install/sanad_interface_pkg:/home/zero/ros2_ws/install/camera_vision_service:/home/zero/grid_fleet_ws/install/fleet_sim:/home/zero/bumperbot_ws/install/sanad_controller:/home/zero/bumperbot_ws/install/bumperbot_py_examples:/opt/ros/humble /usr/bin/cmake --build /home/zero/ball_follower/build/ball_follower_bringup -- -j12 -l12
[0.046s] Invoking command in '/home/zero/ball_follower/build/ball_follower_bringup': CMAKE_PREFIX_PATH=/home/zero/ball_follower/install/ball_follower_description:/home/zero/ball_follower/install/ball_follower_bringup:/home/zero/ball_follower/install/sanad_bringup:/home/zero/ball_follower/install/sanad_description:/home/zero/mangobot/install/mangobot_moveit:/home/zero/mangobot/install/mangobot_description:/home/zero/mangobot/install/mangobot_cpp_examples:/home/zero/mangobot/install/mangobot_controller:/home/zero/sanad_ws/install/sanad_bringup:/home/zero/sanad_ws/install/sanad_navigation:/home/zero/sanad_ws/install/sanad_planning:/home/zero/sanad_ws/install/sanad_mapping:/home/zero/sanad_ws/install/sanad_localization:/home/zero/sanad_ws/install/sanad_interfaces:/home/zero/sanad_ws/install/sanad_firmware:/home/zero/sanad_ws/install/sanad_description:/home/zero/sanad_ws/install/sanad_controller:/home/zero/arduinobot/install/arduinobot_moveit:/home/zero/arduinobot/install/arduinobot_description:/home/zero/arduinobot/install/arduinobot_controller:/home/zero/ros2_ws/install/ldlidar_ros2:/home/zero/ros2_ws/install/dual_laser_merger:/home/zero/ros2_ws/install/astra_camera:/home/zero/ros2_ws/install/astra_camera_msgs:/home/zero/essential_ros2/install/micro_ros_agent:/home/zero/grid_fleet_ws/install/fleet_interfaces:/home/zero/bumperbot_ws/install/ldlidar_ros2:/home/zero/bumperbot_ws/install/bumperbot_utils:/home/zero/bumperbot_ws/install/bumperbot_navigation:/home/zero/bumperbot_ws/install/bumperbot_planning:/home/zero/bumperbot_ws/install/bumperbot_cpp_examples:/home/zero/bumperbot_ws/install/bumperbot_msgs:/home/zero/bumperbot_ws/install/bumperbot_motion:/home/zero/bumperbot_ws/install/bumperbot_bringup:/home/zero/bumperbot_ws/install/bumperbot_mapping:/home/zero/bumperbot_ws/install/bumperbot_localization:/home/zero/bumperbot_ws/install/bumperbot_firmware:/home/zero/bumperbot_ws/install/bumperbot_description:/home/zero/bumperbot_ws/install/bumperbot_controller:/home/zero/ball_follower/install/ball_follower_interface_pkg:/home/zero/ball_follower/install/sanad_interface_pkg:/home/zero/sanad_ws/install/sanad_voice_control:/home/zero/sanad_ws/install/sanad_room_manager:/home/zero/sanad_ws/install/sanad_perception:/home/zero/sanad_ws/install/sanad_interface_pkg:/home/zero/ros2_ws/install/camera_vision_service:/home/zero/grid_fleet_ws/install/fleet_sim:/home/zero/bumperbot_ws/install/sanad_controller:/home/zero/bumperbot_ws/install/bumperbot_py_examples:/opt/ros/humble /usr/bin/cmake --install /home/zero/ball_follower/build/ball_follower_bringup
[0.052s] -- Install configuration: ""
[0.052s] -- Up-to-date: /home/zero/ball_follower/install/ball_follower_bringup/share/ball_follower_bringup//launch
[0.052s] -- Up-to-date: /home/zero/ball_follower/install/ball_follower_bringup/share/ball_follower_bringup//launch/ball_follower_gazebo.launch.py
[0.052s] -- Up-to-date: /home/zero/ball_follower/install/ball_follower_bringup/share/ball_follower_bringup//config
[0.052s] -- Up-to-date: /home/zero/ball_follower/install/ball_follower_bringup/share/ball_follower_bringup//config/gazebo_bringup.yaml
[0.052s] -- Up-to-date: /home/zero/ball_follower/install/ball_follower_bringup/share/ball_follower_bringup//worlds
[0.052s] -- Up-to-date: /home/zero/ball_follower/install/ball_follower_bringup/share/ball_follower_bringup//worlds/home.sdf
[0.052s] -- Up-to-date: /home/zero/ball_follower/install/ball_follower_bringup/share/ball_follower_bringup//worlds/empty.sdf
[0.052s] -- Up-to-date: /home/zero/ball_follower/install/ball_follower_bringup/share/ball_follower_bringup//models
[0.052s] -- Up-to-date: /home/zero/ball_follower/install/ball_follower_bringup/share/ball_follower_bringup//models/dining_chair
[0.052s] -- Up-to-date: /home/zero/ball_follower/install/ball_follower_bringup/share/ball_follower_bringup//models/dining_chair/model.sdf
[0.052s] -- Up-to-date: /home/zero/ball_follower/install/ball_follower_bringup/share/ball_follower_bringup//models/dining_chair/thumbnails
[0.053s] -- Up-to-date: /home/zero/ball_follower/install/ball_follower_bringup/share/ball_follower_bringup//models/dining_chair/thumbnails/DiningChair.png
[0.053s] -- Up-to-date: /home/zero/ball_follower/install/ball_follower_bringup/share/ball_follower_bringup//models/dining_chair/model.config
[0.053s] -- Up-to-date: /home/zero/ball_follower/install/ball_follower_bringup/share/ball_follower_bringup//models/dining_chair/meshes
[0.053s] -- Up-to-date: /home/zero/ball_follower/install/ball_follower_bringup/share/ball_follower_bringup//models/dining_chair/meshes/diningchair.dae
[0.053s] -- Up-to-date: /home/zero/ball_follower/install/ball_follower_bringup/share/ball_follower_bringup//models/dining_chair/materials
[0.053s] -- Up-to-date: /home/zero/ball_follower/install/ball_follower_bringup/share/ball_follower_bringup//models/dining_chair/materials/textures
[0.053s] -- Up-to-date: /home/zero/ball_follower/install/ball_follower_bringup/share/ball_follower_bringup//models/dining_chair/materials/textures/DiningChair_Albedo.jpg
[0.053s] -- Up-to-date: /home/zero/ball_follower/install/ball_follower_bringup/share/ball_follower_bringup//models/dining_chair/materials/textures/DiningChair_Normal.jpg
[0.053s] -- Up-to-date: /home/zero/ball_follower/install/ball_follower_bringup/share/ball_follower_bringup//models/dining_chair/materials/textures/DiningChair_Roughness.jpg
[0.053s] -- Up-to-date: /home/zero/ball_follower/install/ball_follower_bringup/share/ball_follower_bringup//models/standing_person
[0.053s] -- Up-to-date: /home/zero/ball_follower/install/ball_follower_bringup/share/ball_follower_bringup//models/standing_person/model.sdf
[0.053s] -- Up-to-date: /home/zero/ball_follower/install/ball_follower_bringup/share/ball_follower_bringup//models/standing_person/thumbnails
[0.053s] -- Up-to-date: /home/zero/ball_follower/install/ball_follower_bringup/share/ball_follower_bringup//models/standing_person/thumbnails/1.png
[0.053s] -- Up-to-date: /home/zero/ball_follower/install/ball_follower_bringup/share/ball_follower_bringup//models/standing_person/thumbnails/3.png
[0.053s] -- Up-to-date: /home/zero/ball_follower/install/ball_follower_bringup/share/ball_follower_bringup//models/standing_person/thumbnails/4.png
[0.054s] -- Up-to-date: /home/zero/ball_follower/install/ball_follower_bringup/share/ball_follower_bringup//models/standing_person/thumbnails/5.png
[0.054s] -- Up-to-date: /home/zero/ball_follower/install/ball_follower_bringup/share/ball_follower_bringup//models/standing_person/thumbnails/2.png
[0.054s] -- Up-to-date: /home/zero/ball_follower/install/ball_follower_bringup/share/ball_follower_bringup//models/standing_person/model.config
[0.054s] -- Up-to-date: /home/zero/ball_follower/install/ball_follower_bringup/share/ball_follower_bringup//models/standing_person/meshes
[0.054s] -- Up-to-date: /home/zero/ball_follower/install/ball_follower_bringup/share/ball_follower_bringup//models/standing_person/meshes/standing.dae
[0.054s] -- Up-to-date: /home/zero/ball_follower/install/ball_follower_bringup/share/ball_follower_bringup//models/standing_person/materials
[0.054s] -- Up-to-date: /home/zero/ball_follower/install/ball_follower_bringup/share/ball_follower_bringup//models/standing_person/materials/textures
[0.054s] -- Up-to-date: /home/zero/ball_follower/install/ball_follower_bringup/share/ball_follower_bringup//models/standing_person/materials/textures/eyebrow001.png
[0.054s] -- Up-to-date: /home/zero/ball_follower/install/ball_follower_bringup/share/ball_follower_bringup//models/standing_person/materials/textures/green_eye.png
[0.054s] -- Up-to-date: /home/zero/ball_follower/install/ball_follower_bringup/share/ball_follower_bringup//models/standing_person/materials/textures/teeth.png
[0.054s] -- Up-to-date: /home/zero/ball_follower/install/ball_follower_bringup/share/ball_follower_bringup//models/standing_person/materials/textures/jeans01_normals.png
[0.054s] -- Up-to-date: /home/zero/ball_follower/install/ball_follower_bringup/share/ball_follower_bringup//models/standing_person/materials/textures/male02_diffuse_black-unmodified.png
[0.055s] -- Up-to-date: /home/zero/ball_follower/install/ball_follower_bringup/share/ball_follower_bringup//models/standing_person/materials/textures/male02_diffuse_black.png
[0.055s] -- Up-to-date: /home/zero/ball_follower/install/ball_follower_bringup/share/ball_follower_bringup//models/standing_person/materials/textures/tshirt02_texture.png
[0.055s] -- Up-to-date: /home/zero/ball_follower/install/ball_follower_bringup/share/ball_follower_bringup//models/standing_person/materials/textures/tshirt02_normals.png
[0.055s] -- Up-to-date: /home/zero/ball_follower/install/ball_follower_bringup/share/ball_follower_bringup//models/standing_person/materials/textures/young_lightskinned_male_diffuse.png
[0.055s] -- Up-to-date: /home/zero/ball_follower/install/ball_follower_bringup/share/ball_follower_bringup//models/standing_person/materials/textures/jeans_basic_diffuse.png
[0.056s] -- Up-to-date: /home/zero/ball_follower/install/ball_follower_bringup/share/ball_follower_bringup//models/standing_person/materials/textures/eyebrow001-unmodified.png
[0.056s] -- Up-to-date: /home/zero/ball_follower/install/ball_follower_bringup/share/ball_follower_bringup//models/nist_maze_wall_120
[0.056s] -- Up-to-date: /home/zero/ball_follower/install/ball_follower_bringup/share/ball_follower_bringup//models/nist_maze_wall_120/model-1_2.sdf
[0.056s] -- Up-to-date: /home/zero/ball_follower/install/ball_follower_bringup/share/ball_follower_bringup//models/nist_maze_wall_120/model.sdf
[0.056s] -- Up-to-date: /home/zero/ball_follower/install/ball_follower_bringup/share/ball_follower_bringup//models/nist_maze_wall_120/model-1_4.sdf
[0.056s] -- Up-to-date: /home/zero/ball_follower/install/ball_follower_bringup/share/ball_follower_bringup//models/nist_maze_wall_120/thumbnails
[0.056s] -- Up-to-date: /home/zero/ball_follower/install/ball_follower_bringup/share/ball_follower_bringup//models/nist_maze_wall_120/thumbnails/1.png
[0.056s] -- Up-to-date: /home/zero/ball_follower/install/ball_follower_bringup/share/ball_follower_bringup//models/nist_maze_wall_120/thumbnails/3.png
[0.056s] -- Up-to-date: /home/zero/ball_follower/install/ball_follower_bringup/share/ball_follower_bringup//models/nist_maze_wall_120/thumbnails/4.png
[0.056s] -- Up-to-date: /home/zero/ball_follower/install/ball_follower_bringup/share/ball_follower_bringup//models/nist_maze_wall_120/thumbnails/5.png
[0.056s] -- Up-to-date: /home/zero/ball_follower/install/ball_follower_bringup/share/ball_follower_bringup//models/nist_maze_wall_120/thumbnails/2.png
[0.056s] -- Up-to-date: /home/zero/ball_follower/install/ball_follower_bringup/share/ball_follower_bringup//models/nist_maze_wall_120/model-1_3.sdf
[0.056s] -- Up-to-date: /home/zero/ball_follower/install/ball_follower_bringup/share/ball_follower_bringup//models/nist_maze_wall_120/model.config
[0.057s] -- Up-to-date: /home/zero/ball_follower/install/ball_follower_bringup/share/ball_follower_bringup//models/nist_maze_wall_120/meshes
[0.057s] -- Up-to-date: /home/zero/ball_follower/install/ball_follower_bringup/share/ball_follower_bringup//models/nist_maze_wall_120/meshes/nist_maze_wall_120.dae
[0.057s] -- Up-to-date: /home/zero/ball_follower/install/ball_follower_bringup/share/ball_follower_bringup//models/nist_maze_wall_120/materials
[0.057s] -- Up-to-date: /home/zero/ball_follower/install/ball_follower_bringup/share/ball_follower_bringup//models/nist_maze_wall_120/materials/textures
[0.057s] -- Up-to-date: /home/zero/ball_follower/install/ball_follower_bringup/share/ball_follower_bringup//models/nist_maze_wall_120/materials/textures/plywood256x256.png
[0.057s] -- Up-to-date: /home/zero/ball_follower/install/ball_follower_bringup/share/ball_follower_bringup//models/dining_table
[0.057s] -- Up-to-date: /home/zero/ball_follower/install/ball_follower_bringup/share/ball_follower_bringup//models/dining_table/model.sdf
[0.057s] -- Up-to-date: /home/zero/ball_follower/install/ball_follower_bringup/share/ball_follower_bringup//models/dining_table/thumbnails
[0.057s] -- Up-to-date: /home/zero/ball_follower/install/ball_follower_bringup/share/ball_follower_bringup//models/dining_table/thumbnails/DiningTable.png
[0.057s] -- Up-to-date: /home/zero/ball_follower/install/ball_follower_bringup/share/ball_follower_bringup//models/dining_table/model.config
[0.057s] -- Up-to-date: /home/zero/ball_follower/install/ball_follower_bringup/share/ball_follower_bringup//models/dining_table/meshes
[0.058s] -- Up-to-date: /home/zero/ball_follower/install/ball_follower_bringup/share/ball_follower_bringup//models/dining_table/meshes/diningtable.dae
[0.058s] -- Up-to-date: /home/zero/ball_follower/install/ball_follower_bringup/share/ball_follower_bringup//models/dining_table/materials
[0.058s] -- Up-to-date: /home/zero/ball_follower/install/ball_follower_bringup/share/ball_follower_bringup//models/dining_table/materials/textures
[0.058s] -- Up-to-date: /home/zero/ball_follower/install/ball_follower_bringup/share/ball_follower_bringup//models/dining_table/materials/textures/Wood_Normal.png
[0.058s] -- Up-to-date: /home/zero/ball_follower/install/ball_follower_bringup/share/ball_follower_bringup//models/dining_table/materials/textures/Wood_Albedo.png
[0.058s] -- Up-to-date: /home/zero/ball_follower/install/ball_follower_bringup/share/ball_follower_bringup//models/dining_table/materials/textures/Wood_Roughness.png
[0.058s] -- Up-to-date: /home/zero/ball_follower/install/ball_follower_bringup/share/ament_index/resource_index/package_run_dependencies/ball_follower_bringup
[0.058s] -- Up-to-date: /home/zero/ball_follower/install/ball_follower_bringup/share/ament_index/resource_index/parent_prefix_path/ball_follower_bringup
[0.058s] -- Up-to-date: /home/zero/ball_follower/install/ball_follower_bringup/share/ball_follower_bringup/environment/ament_prefix_path.sh
[0.058s] -- Up-to-date: /home/zero/ball_follower/install/ball_follower_bringup/share/ball_follower_bringup/environment/ament_prefix_path.dsv
[0.058s] -- Up-to-date: /home/zero/ball_follower/install/ball_follower_bringup/share/ball_follower_bringup/environment/path.sh
[0.058s] -- Up-to-date: /home/zero/ball_follower/install/ball_follower_bringup/share/ball_follower_bringup/environment/path.dsv
[0.058s] -- Up-to-date: /home/zero/ball_follower/install/ball_follower_bringup/share/ball_follower_bringup/local_setup.bash
[0.058s] -- Up-to-date: /home/zero/ball_follower/install/ball_follower_bringup/share/ball_follower_bringup/local_setup.sh
[0.058s] -- Up-to-date: /home/zero/ball_follower/install/ball_follower_bringup/share/ball_follower_bringup/local_setup.zsh
[0.059s] -- Up-to-date: /home/zero/ball_follower/install/ball_follower_bringup/share/ball_follower_bringup/local_setup.dsv
[0.059s] -- Installing: /home/zero/ball_follower/install/ball_follower_bringup/share/ball_follower_bringup/package.dsv
[0.059s] -- Up-to-date: /home/zero/ball_follower/install/ball_follower_bringup/share/ament_index/resource_index/packages/ball_follower_bringup
[0.059s] -- Up-to-date: /home/zero/ball_follower/install/ball_follower_bringup/share/ball_follower_bringup/cmake/ball_follower_bringupConfig.cmake
[0.059s] -- Up-to-date: /home/zero/ball_follower/install/ball_follower_bringup/share/ball_follower_bringup/cmake/ball_follower_bringupConfig-version.cmake
[0.059s] -- Up-to-date: /home/zero/ball_follower/install/ball_follower_bringup/share/ball_follower_bringup/package.xml
[0.059s] Invoked command in '/home/zero/ball_follower/build/ball_follower_bringup' returned '0': CMAKE_PREFIX_PATH=/home/zero/ball_follower/install/ball_follower_description:/home/zero/ball_follower/install/ball_follower_bringup:/home/zero/ball_follower/install/sanad_bringup:/home/zero/ball_follower/install/sanad_description:/home/zero/mangobot/install/mangobot_moveit:/home/zero/mangobot/install/mangobot_description:/home/zero/mangobot/install/mangobot_cpp_examples:/home/zero/mangobot/install/mangobot_controller:/home/zero/sanad_ws/install/sanad_bringup:/home/zero/sanad_ws/install/sanad_navigation:/home/zero/sanad_ws/install/sanad_planning:/home/zero/sanad_ws/install/sanad_mapping:/home/zero/sanad_ws/install/sanad_localization:/home/zero/sanad_ws/install/sanad_interfaces:/home/zero/sanad_ws/install/sanad_firmware:/home/zero/sanad_ws/install/sanad_description:/home/zero/sanad_ws/install/sanad_controller:/home/zero/arduinobot/install/arduinobot_moveit:/home/zero/arduinobot/install/arduinobot_description:/home/zero/arduinobot/install/arduinobot_controller:/home/zero/ros2_ws/install/ldlidar_ros2:/home/zero/ros2_ws/install/dual_laser_merger:/home/zero/ros2_ws/install/astra_camera:/home/zero/ros2_ws/install/astra_camera_msgs:/home/zero/essential_ros2/install/micro_ros_agent:/home/zero/grid_fleet_ws/install/fleet_interfaces:/home/zero/bumperbot_ws/install/ldlidar_ros2:/home/zero/bumperbot_ws/install/bumperbot_utils:/home/zero/bumperbot_ws/install/bumperbot_navigation:/home/zero/bumperbot_ws/install/bumperbot_planning:/home/zero/bumperbot_ws/install/bumperbot_cpp_examples:/home/zero/bumperbot_ws/install/bumperbot_msgs:/home/zero/bumperbot_ws/install/bumperbot_motion:/home/zero/bumperbot_ws/install/bumperbot_bringup:/home/zero/bumperbot_ws/install/bumperbot_mapping:/home/zero/bumperbot_ws/install/bumperbot_localization:/home/zero/bumperbot_ws/install/bumperbot_firmware:/home/zero/bumperbot_ws/install/bumperbot_description:/home/zero/bumperbot_ws/install/bumperbot_controller:/home/zero/ball_follower/install/ball_follower_interface_pkg:/home/zero/ball_follower/install/sanad_interface_pkg:/home/zero/sanad_ws/install/sanad_voice_control:/home/zero/sanad_ws/install/sanad_room_manager:/home/zero/sanad_ws/install/sanad_perception:/home/zero/sanad_ws/install/sanad_interface_pkg:/home/zero/ros2_ws/install/camera_vision_service:/home/zero/grid_fleet_ws/install/fleet_sim:/home/zero/bumperbot_ws/install/sanad_controller:/home/zero/bumperbot_ws/install/bumperbot_py_examples:/opt/ros/humble /usr/bin/cmake --install /home/zero/ball_follower/build/ball_follower_bringup
