[0.112s] [34mcolcon[0m [1;30mDEBUG[0m [32mCommand line arguments: ['/usr/bin/colcon', 'build', '--symlink-install'][0m
[0.112s] [34mcolcon[0m [1;30mDEBUG[0m [32mParsed command line arguments: Namespace(log_base=None, log_level=None, verb_name='build', build_base='build', install_base='install', merge_install=False, symlink_install=True, test_result_base=None, continue_on_error=False, executor='parallel', parallel_workers=12, event_handlers=None, ignore_user_meta=False, metas=['./colcon.meta'], base_paths=['.'], packages_ignore=None, packages_ignore_regex=None, paths=None, packages_up_to=None, packages_up_to_regex=None, packages_above=None, packages_above_and_dependencies=None, packages_above_depth=None, packages_select_by_dep=None, packages_skip_by_dep=None, packages_skip_up_to=None, packages_select_build_failed=False, packages_skip_build_finished=False, packages_select_test_failures=False, packages_skip_test_passed=False, packages_select=None, packages_skip=None, packages_select_regex=None, packages_skip_regex=None, packages_start=None, packages_end=None, allow_overriding=[], cmake_args=None, cmake_target=None, cmake_target_skip_unavailable=False, cmake_clean_cache=False, cmake_clean_first=False, cmake_force_configure=False, ament_cmake_args=None, catkin_cmake_args=None, catkin_skip_building_tests=False, mixin_files=None, mixin=None, verb_parser=<colcon_mixin.mixin.mixin_argument.MixinArgumentDecorator object at 0x7988b4c5f8b0>, verb_extension=<colcon_core.verb.build.BuildVerb object at 0x7988b4c5f2b0>, main=<bound method BuildVerb.main of <colcon_core.verb.build.BuildVerb object at 0x7988b4c5f2b0>>, mixin_verb=('build',))[0m
[0.305s] [34mcolcon.colcon_core.package_discovery[0m [1;30mLevel 1[0m discover_packages(colcon_meta) check parameters
[0.305s] [34mcolcon.colcon_core.package_discovery[0m [1;30mLevel 1[0m discover_packages(recursive) check parameters
[0.305s] [34mcolcon.colcon_core.package_discovery[0m [1;30mLevel 1[0m discover_packages(ignore) check parameters
[0.305s] [34mcolcon.colcon_core.package_discovery[0m [1;30mLevel 1[0m discover_packages(path) check parameters
[0.305s] [34mcolcon.colcon_core.package_discovery[0m [1;30mLevel 1[0m discover_packages(colcon_meta) discover
[0.305s] [34mcolcon.colcon_core.package_discovery[0m [1;30mLevel 1[0m discover_packages(recursive) discover
[0.305s] [34mcolcon.colcon_core.package_discovery[0m [1;30mINFO[0m Crawling recursively for packages in '/home/zero/ball_follower'
[0.305s] [34mcolcon.colcon_core.package_identification[0m [1;30mLevel 1[0m _identify(.) by extensions ['ignore', 'ignore_ament_install']
[0.305s] [34mcolcon.colcon_core.package_identification[0m [1;30mLevel 1[0m _identify(.) by extension 'ignore'
[0.305s] [34mcolcon.colcon_core.package_identification[0m [1;30mLevel 1[0m _identify(.) by extension 'ignore_ament_install'
[0.305s] [34mcolcon.colcon_core.package_identification[0m [1;30mLevel 1[0m _identify(.) by extensions ['colcon_pkg']
[0.305s] [34mcolcon.colcon_core.package_identification[0m [1;30mLevel 1[0m _identify(.) by extension 'colcon_pkg'
[0.305s] [34mcolcon.colcon_core.package_identification[0m [1;30mLevel 1[0m _identify(.) by extensions ['colcon_meta']
[0.305s] [34mcolcon.colcon_core.package_identification[0m [1;30mLevel 1[0m _identify(.) by extension 'colcon_meta'
[0.305s] [34mcolcon.colcon_core.package_identification[0m [1;30mLevel 1[0m _identify(.) by extensions ['ros']
[0.305s] [34mcolcon.colcon_core.package_identification[0m [1;30mLevel 1[0m _identify(.) by extension 'ros'
[0.333s] [34mcolcon.colcon_core.package_identification[0m [1;30mLevel 1[0m _identify(.) by extensions ['cmake', 'python']
[0.333s] [34mcolcon.colcon_core.package_identification[0m [1;30mLevel 1[0m _identify(.) by extension 'cmake'
[0.333s] [34mcolcon.colcon_core.package_identification[0m [1;30mLevel 1[0m _identify(.) by extension 'python'
[0.333s] [34mcolcon.colcon_core.package_identification[0m [1;30mLevel 1[0m _identify(.) by extensions ['python_setup_py']
[0.333s] [34mcolcon.colcon_core.package_identification[0m [1;30mLevel 1[0m _identify(.) by extension 'python_setup_py'
[0.333s] [34mcolcon.colcon_core.package_identification[0m [1;30mLevel 1[0m _identify(build) by extensions ['ignore', 'ignore_ament_install']
[0.333s] [34mcolcon.colcon_core.package_identification[0m [1;30mLevel 1[0m _identify(build) by extension 'ignore'
[0.333s] [34mcolcon.colcon_core.package_identification[0m [1;30mLevel 1[0m _identify(build) ignored
[0.333s] [34mcolcon.colcon_core.package_identification[0m [1;30mLevel 1[0m _identify(install) by extensions ['ignore', 'ignore_ament_install']
[0.334s] [34mcolcon.colcon_core.package_identification[0m [1;30mLevel 1[0m _identify(install) by extension 'ignore'
[0.334s] [34mcolcon.colcon_core.package_identification[0m [1;30mLevel 1[0m _identify(install) ignored
[0.334s] [34mcolcon.colcon_core.package_identification[0m [1;30mLevel 1[0m _identify(log) by extensions ['ignore', 'ignore_ament_install']
[0.334s] [34mcolcon.colcon_core.package_identification[0m [1;30mLevel 1[0m _identify(log) by extension 'ignore'
[0.334s] [34mcolcon.colcon_core.package_identification[0m [1;30mLevel 1[0m _identify(log) ignored
[0.334s] [34mcolcon.colcon_core.package_identification[0m [1;30mLevel 1[0m _identify(src) by extensions ['ignore', 'ignore_ament_install']
[0.334s] [34mcolcon.colcon_core.package_identification[0m [1;30mLevel 1[0m _identify(src) by extension 'ignore'
[0.334s] [34mcolcon.colcon_core.package_identification[0m [1;30mLevel 1[0m _identify(src) by extension 'ignore_ament_install'
[0.334s] [34mcolcon.colcon_core.package_identification[0m [1;30mLevel 1[0m _identify(src) by extensions ['colcon_pkg']
[0.334s] [34mcolcon.colcon_core.package_identification[0m [1;30mLevel 1[0m _identify(src) by extension 'colcon_pkg'
[0.334s] [34mcolcon.colcon_core.package_identification[0m [1;30mLevel 1[0m _identify(src) by extensions ['colcon_meta']
[0.334s] [34mcolcon.colcon_core.package_identification[0m [1;30mLevel 1[0m _identify(src) by extension 'colcon_meta'
[0.334s] [34mcolcon.colcon_core.package_identification[0m [1;30mLevel 1[0m _identify(src) by extensions ['ros']
[0.334s] [34mcolcon.colcon_core.package_identification[0m [1;30mLevel 1[0m _identify(src) by extension 'ros'
[0.334s] [34mcolcon.colcon_core.package_identification[0m [1;30mLevel 1[0m _identify(src) by extensions ['cmake', 'python']
[0.334s] [34mcolcon.colcon_core.package_identification[0m [1;30mLevel 1[0m _identify(src) by extension 'cmake'
[0.334s] [34mcolcon.colcon_core.package_identification[0m [1;30mLevel 1[0m _identify(src) by extension 'python'
[0.334s] [34mcolcon.colcon_core.package_identification[0m [1;30mLevel 1[0m _identify(src) by extensions ['python_setup_py']
[0.334s] [34mcolcon.colcon_core.package_identification[0m [1;30mLevel 1[0m _identify(src) by extension 'python_setup_py'
[0.335s] [34mcolcon.colcon_core.package_identification[0m [1;30mLevel 1[0m _identify(src/ball_follower_bringup) by extensions ['ignore', 'ignore_ament_install']
[0.335s] [34mcolcon.colcon_core.package_identification[0m [1;30mLevel 1[0m _identify(src/ball_follower_bringup) by extension 'ignore'
[0.335s] [34mcolcon.colcon_core.package_identification[0m [1;30mLevel 1[0m _identify(src/ball_follower_bringup) by extension 'ignore_ament_install'
[0.335s] [34mcolcon.colcon_core.package_identification[0m [1;30mLevel 1[0m _identify(src/ball_follower_bringup) by extensions ['colcon_pkg']
[0.335s] [34mcolcon.colcon_core.package_identification[0m [1;30mLevel 1[0m _identify(src/ball_follower_bringup) by extension 'colcon_pkg'
[0.335s] [34mcolcon.colcon_core.package_identification[0m [1;30mLevel 1[0m _identify(src/ball_follower_bringup) by extensions ['colcon_meta']
[0.335s] [34mcolcon.colcon_core.package_identification[0m [1;30mLevel 1[0m _identify(src/ball_follower_bringup) by extension 'colcon_meta'
[0.335s] [34mcolcon.colcon_core.package_identification[0m [1;30mLevel 1[0m _identify(src/ball_follower_bringup) by extensions ['ros']
[0.335s] [34mcolcon.colcon_core.package_identification[0m [1;30mLevel 1[0m _identify(src/ball_follower_bringup) by extension 'ros'
[0.338s] [34mcolcon.colcon_core.package_identification[0m [1;30mDEBUG[0m [32mPackage 'src/ball_follower_bringup' with type 'ros.ament_cmake' and name 'ball_follower_bringup'[0m
[0.338s] [34mcolcon.colcon_core.package_identification[0m [1;30mLevel 1[0m _identify(src/ball_follower_description) by extensions ['ignore', 'ignore_ament_install']
[0.339s] [34mcolcon.colcon_core.package_identification[0m [1;30mLevel 1[0m _identify(src/ball_follower_description) by extension 'ignore'
[0.339s] [34mcolcon.colcon_core.package_identification[0m [1;30mLevel 1[0m _identify(src/ball_follower_description) by extension 'ignore_ament_install'
[0.339s] [34mcolcon.colcon_core.package_identification[0m [1;30mLevel 1[0m _identify(src/ball_follower_description) by extensions ['colcon_pkg']
[0.339s] [34mcolcon.colcon_core.package_identification[0m [1;30mLevel 1[0m _identify(src/ball_follower_description) by extension 'colcon_pkg'
[0.339s] [34mcolcon.colcon_core.package_identification[0m [1;30mLevel 1[0m _identify(src/ball_follower_description) by extensions ['colcon_meta']
[0.339s] [34mcolcon.colcon_core.package_identification[0m [1;30mLevel 1[0m _identify(src/ball_follower_description) by extension 'colcon_meta'
[0.339s] [34mcolcon.colcon_core.package_identification[0m [1;30mLevel 1[0m _identify(src/ball_follower_description) by extensions ['ros']
[0.339s] [34mcolcon.colcon_core.package_identification[0m [1;30mLevel 1[0m _identify(src/ball_follower_description) by extension 'ros'
[0.340s] [34mcolcon.colcon_core.package_identification[0m [1;30mDEBUG[0m [32mPackage 'src/ball_follower_description' with type 'ros.ament_cmake' and name 'ball_follower_description'[0m
[0.340s] [34mcolcon.colcon_core.package_identification[0m [1;30mLevel 1[0m _identify(src/ball_follower_interface_pkg) by extensions ['ignore', 'ignore_ament_install']
[0.340s] [34mcolcon.colcon_core.package_identification[0m [1;30mLevel 1[0m _identify(src/ball_follower_interface_pkg) by extension 'ignore'
[0.340s] [34mcolcon.colcon_core.package_identification[0m [1;30mLevel 1[0m _identify(src/ball_follower_interface_pkg) by extension 'ignore_ament_install'
[0.340s] [34mcolcon.colcon_core.package_identification[0m [1;30mLevel 1[0m _identify(src/ball_follower_interface_pkg) by extensions ['colcon_pkg']
[0.340s] [34mcolcon.colcon_core.package_identification[0m [1;30mLevel 1[0m _identify(src/ball_follower_interface_pkg) by extension 'colcon_pkg'
[0.340s] [34mcolcon.colcon_core.package_identification[0m [1;30mLevel 1[0m _identify(src/ball_follower_interface_pkg) by extensions ['colcon_meta']
[0.340s] [34mcolcon.colcon_core.package_identification[0m [1;30mLevel 1[0m _identify(src/ball_follower_interface_pkg) by extension 'colcon_meta'
[0.340s] [34mcolcon.colcon_core.package_identification[0m [1;30mLevel 1[0m _identify(src/ball_follower_interface_pkg) by extensions ['ros']
[0.340s] [34mcolcon.colcon_core.package_identification[0m [1;30mLevel 1[0m _identify(src/ball_follower_interface_pkg) by extension 'ros'
[0.341s] [34mcolcon.colcon_core.package_identification[0m [1;30mDEBUG[0m [32mPackage 'src/ball_follower_interface_pkg' with type 'ros.ament_python' and name 'ball_follower_interface_pkg'[0m
[0.341s] [34mcolcon.colcon_core.package_discovery[0m [1;30mLevel 1[0m discover_packages(recursive) using defaults
[0.341s] [34mcolcon.colcon_core.package_discovery[0m [1;30mLevel 1[0m discover_packages(ignore) discover
[0.341s] [34mcolcon.colcon_core.package_discovery[0m [1;30mLevel 1[0m discover_packages(ignore) using defaults
[0.341s] [34mcolcon.colcon_core.package_discovery[0m [1;30mLevel 1[0m discover_packages(path) discover
[0.341s] [34mcolcon.colcon_core.package_discovery[0m [1;30mLevel 1[0m discover_packages(path) using defaults
[0.363s] [34mcolcon.colcon_core.package_discovery[0m [1;30mLevel 1[0m discover_packages(prefix_path) check parameters
[0.363s] [34mcolcon.colcon_core.package_discovery[0m [1;30mLevel 1[0m discover_packages(prefix_path) discover
[0.366s] [34mcolcon.colcon_installed_package_information.package_discovery[0m [1;30mDEBUG[0m [32mFound 3 installed packages in /home/zero/ball_follower/install[0m
[0.367s] [34mcolcon.colcon_installed_package_information.package_discovery[0m [1;30mDEBUG[0m [32mFound 4 installed packages in /home/zero/mangobot/install[0m
[0.367s] [34mcolcon.colcon_installed_package_information.package_discovery[0m [1;30mDEBUG[0m [32mFound 3 installed packages in /home/zero/arduinobot/install[0m
[0.368s] [34mcolcon.colcon_installed_package_information.package_discovery[0m [1;30mDEBUG[0m [32mFound 5 installed packages in /home/zero/ros2_ws/install[0m
[0.368s] [34mcolcon.colcon_installed_package_information.package_discovery[0m [1;30mDEBUG[0m [32mFound 13 installed packages in /home/zero/sanad_ws/install[0m
[0.369s] [34mcolcon.colcon_installed_package_information.package_discovery[0m [1;30mDEBUG[0m [32mFound 2 installed packages in /home/zero/essential_ros2/install[0m
[0.369s] [34mcolcon.colcon_installed_package_information.package_discovery[0m [1;30mDEBUG[0m [32mFound 2 installed packages in /home/zero/grid_fleet_ws/install[0m
[0.370s] [34mcolcon.colcon_installed_package_information.package_discovery[0m [1;30mDEBUG[0m [32mFound 15 installed packages in /home/zero/bumperbot_ws/install[0m
[0.372s] [34mcolcon.colcon_installed_package_information.package_discovery[0m [1;30mDEBUG[0m [32mFound 444 installed packages in /opt/ros/humble[0m
[0.374s] [34mcolcon.colcon_core.package_discovery[0m [1;30mLevel 1[0m discover_packages(prefix_path) using defaults
[0.418s] [34mcolcon.colcon_core.verb[0m [1;30mLevel 5[0m set package 'ball_follower_description' build argument 'cmake_args' from command line to 'None'
[0.418s] [34mcolcon.colcon_core.verb[0m [1;30mLevel 5[0m set package 'ball_follower_description' build argument 'cmake_target' from command line to 'None'
[0.418s] [34mcolcon.colcon_core.verb[0m [1;30mLevel 5[0m set package 'ball_follower_description' build argument 'cmake_target_skip_unavailable' from command line to 'False'
[0.418s] [34mcolcon.colcon_core.verb[0m [1;30mLevel 5[0m set package 'ball_follower_description' build argument 'cmake_clean_cache' from command line to 'False'
[0.418s] [34mcolcon.colcon_core.verb[0m [1;30mLevel 5[0m set package 'ball_follower_description' build argument 'cmake_clean_first' from command line to 'False'
[0.418s] [34mcolcon.colcon_core.verb[0m [1;30mLevel 5[0m set package 'ball_follower_description' build argument 'cmake_force_configure' from command line to 'False'
[0.418s] [34mcolcon.colcon_core.verb[0m [1;30mLevel 5[0m set package 'ball_follower_description' build argument 'ament_cmake_args' from command line to 'None'
[0.418s] [34mcolcon.colcon_core.verb[0m [1;30mLevel 5[0m set package 'ball_follower_description' build argument 'catkin_cmake_args' from command line to 'None'
[0.418s] [34mcolcon.colcon_core.verb[0m [1;30mLevel 5[0m set package 'ball_follower_description' build argument 'catkin_skip_building_tests' from command line to 'False'
[0.418s] [34mcolcon.colcon_core.verb[0m [1;30mDEBUG[0m [32mBuilding package 'ball_follower_description' with the following arguments: {'ament_cmake_args': None, 'build_base': '/home/zero/ball_follower/build/ball_follower_description', 'catkin_cmake_args': None, 'catkin_skip_building_tests': False, 'cmake_args': None, 'cmake_clean_cache': False, 'cmake_clean_first': False, 'cmake_force_configure': False, 'cmake_target': None, 'cmake_target_skip_unavailable': False, 'install_base': '/home/zero/ball_follower/install/ball_follower_description', 'merge_install': False, 'path': '/home/zero/ball_follower/src/ball_follower_description', 'symlink_install': True, 'test_result_base': None}[0m
[0.418s] [34mcolcon.colcon_core.verb[0m [1;30mLevel 5[0m set package 'ball_follower_interface_pkg' build argument 'cmake_args' from command line to 'None'
[0.419s] [34mcolcon.colcon_core.verb[0m [1;30mLevel 5[0m set package 'ball_follower_interface_pkg' build argument 'cmake_target' from command line to 'None'
[0.419s] [34mcolcon.colcon_core.verb[0m [1;30mLevel 5[0m set package 'ball_follower_interface_pkg' build argument 'cmake_target_skip_unavailable' from command line to 'False'
[0.419s] [34mcolcon.colcon_core.verb[0m [1;30mLevel 5[0m set package 'ball_follower_interface_pkg' build argument 'cmake_clean_cache' from command line to 'False'
[0.419s] [34mcolcon.colcon_core.verb[0m [1;30mLevel 5[0m set package 'ball_follower_interface_pkg' build argument 'cmake_clean_first' from command line to 'False'
[0.419s] [34mcolcon.colcon_core.verb[0m [1;30mLevel 5[0m set package 'ball_follower_interface_pkg' build argument 'cmake_force_configure' from command line to 'False'
[0.419s] [34mcolcon.colcon_core.verb[0m [1;30mLevel 5[0m set package 'ball_follower_interface_pkg' build argument 'ament_cmake_args' from command line to 'None'
[0.419s] [34mcolcon.colcon_core.verb[0m [1;30mLevel 5[0m set package 'ball_follower_interface_pkg' build argument 'catkin_cmake_args' from command line to 'None'
[0.419s] [34mcolcon.colcon_core.verb[0m [1;30mLevel 5[0m set package 'ball_follower_interface_pkg' build argument 'catkin_skip_building_tests' from command line to 'False'
[0.419s] [34mcolcon.colcon_core.verb[0m [1;30mDEBUG[0m [32mBuilding package 'ball_follower_interface_pkg' with the following arguments: {'ament_cmake_args': None, 'build_base': '/home/zero/ball_follower/build/ball_follower_interface_pkg', 'catkin_cmake_args': None, 'catkin_skip_building_tests': False, 'cmake_args': None, 'cmake_clean_cache': False, 'cmake_clean_first': False, 'cmake_force_configure': False, 'cmake_target': None, 'cmake_target_skip_unavailable': False, 'install_base': '/home/zero/ball_follower/install/ball_follower_interface_pkg', 'merge_install': False, 'path': '/home/zero/ball_follower/src/ball_follower_interface_pkg', 'symlink_install': True, 'test_result_base': None}[0m
[0.419s] [34mcolcon.colcon_core.verb[0m [1;30mLevel 5[0m set package 'ball_follower_bringup' build argument 'cmake_args' from command line to 'None'
[0.419s] [34mcolcon.colcon_core.verb[0m [1;30mLevel 5[0m set package 'ball_follower_bringup' build argument 'cmake_target' from command line to 'None'
[0.419s] [34mcolcon.colcon_core.verb[0m [1;30mLevel 5[0m set package 'ball_follower_bringup' build argument 'cmake_target_skip_unavailable' from command line to 'False'
[0.419s] [34mcolcon.colcon_core.verb[0m [1;30mLevel 5[0m set package 'ball_follower_bringup' build argument 'cmake_clean_cache' from command line to 'False'
[0.419s] [34mcolcon.colcon_core.verb[0m [1;30mLevel 5[0m set package 'ball_follower_bringup' build argument 'cmake_clean_first' from command line to 'False'
[0.419s] [34mcolcon.colcon_core.verb[0m [1;30mLevel 5[0m set package 'ball_follower_bringup' build argument 'cmake_force_configure' from command line to 'False'
[0.419s] [34mcolcon.colcon_core.verb[0m [1;30mLevel 5[0m set package 'ball_follower_bringup' build argument 'ament_cmake_args' from command line to 'None'
[0.419s] [34mcolcon.colcon_core.verb[0m [1;30mLevel 5[0m set package 'ball_follower_bringup' build argument 'catkin_cmake_args' from command line to 'None'
[0.419s] [34mcolcon.colcon_core.verb[0m [1;30mLevel 5[0m set package 'ball_follower_bringup' build argument 'catkin_skip_building_tests' from command line to 'False'
[0.419s] [34mcolcon.colcon_core.verb[0m [1;30mDEBUG[0m [32mBuilding package 'ball_follower_bringup' with the following arguments: {'ament_cmake_args': None, 'build_base': '/home/zero/ball_follower/build/ball_follower_bringup', 'catkin_cmake_args': None, 'catkin_skip_building_tests': False, 'cmake_args': None, 'cmake_clean_cache': False, 'cmake_clean_first': False, 'cmake_force_configure': False, 'cmake_target': None, 'cmake_target_skip_unavailable': False, 'install_base': '/home/zero/ball_follower/install/ball_follower_bringup', 'merge_install': False, 'path': '/home/zero/ball_follower/src/ball_follower_bringup', 'symlink_install': True, 'test_result_base': None}[0m
[0.419s] [34mcolcon.colcon_core.executor[0m [1;30mINFO[0m Executing jobs using 'parallel' executor
[0.420s] [34mcolcon.colcon_parallel_executor.executor.parallel[0m [1;30mDEBUG[0m [32mrun_until_complete[0m
[0.421s] [34mcolcon.colcon_ros.task.ament_cmake.build[0m [1;30mINFO[0m Building ROS package in '/home/zero/ball_follower/src/ball_follower_description' with build type 'ament_cmake'
[0.421s] [34mcolcon.colcon_cmake.task.cmake.build[0m [1;30mINFO[0m Building CMake package in '/home/zero/ball_follower/src/ball_follower_description'
[0.423s] [34mcolcon.colcon_core.plugin_system[0m [1;30mINFO[0m Skipping extension 'colcon_core.shell.bat': Not used on non-Windows systems
[0.423s] [34mcolcon.colcon_core.shell[0m [1;30mINFO[0m Skip shell extension 'powershell' for command environment: Not usable outside of PowerShell
[0.423s] [34mcolcon.colcon_core.shell[0m [1;30mDEBUG[0m [32mSkip shell extension 'dsv' for command environment[0m
[0.429s] [34mcolcon.colcon_ros.task.ament_python.build[0m [1;30mINFO[0m Building ROS package in '/home/zero/ball_follower/src/ball_follower_interface_pkg' with build type 'ament_python'
[0.429s] [34mcolcon.colcon_core.shell[0m [1;30mLevel 1[0m create_environment_hook('ball_follower_interface_pkg', 'ament_prefix_path')
[0.429s] [34mcolcon.colcon_core.shell[0m [1;30mINFO[0m Creating environment hook '/home/zero/ball_follower/install/ball_follower_interface_pkg/share/ball_follower_interface_pkg/hook/ament_prefix_path.ps1'
[0.429s] [34mcolcon.colcon_core.shell[0m [1;30mINFO[0m Creating environment descriptor '/home/zero/ball_follower/install/ball_follower_interface_pkg/share/ball_follower_interface_pkg/hook/ament_prefix_path.dsv'
[0.430s] [34mcolcon.colcon_core.shell[0m [1;30mINFO[0m Creating environment hook '/home/zero/ball_follower/install/ball_follower_interface_pkg/share/ball_follower_interface_pkg/hook/ament_prefix_path.sh'
[0.430s] [34mcolcon.colcon_core.shell[0m [1;30mINFO[0m Skip shell extension 'powershell' for command environment: Not usable outside of PowerShell
[0.430s] [34mcolcon.colcon_core.shell[0m [1;30mDEBUG[0m [32mSkip shell extension 'dsv' for command environment[0m
[0.439s] [34mcolcon.colcon_core.event_handler.log_command[0m [1;30mDEBUG[0m [32mInvoking command in '/home/zero/ball_follower/build/ball_follower_description': CMAKE_PREFIX_PATH=${CMAKE_PREFIX_PATH}:/home/zero/ball_follower/install/ball_follower_interface_pkg:/home/zero/sanad_ws/install/sanad_voice_control:/home/zero/sanad_ws/install/sanad_room_manager:/home/zero/sanad_ws/install/sanad_perception:/home/zero/sanad_ws/install/sanad_interface_pkg:/home/zero/ros2_ws/install/camera_vision_service:/home/zero/grid_fleet_ws/install/fleet_sim:/home/zero/bumperbot_ws/install/sanad_controller:/home/zero/bumperbot_ws/install/bumperbot_py_examples:/opt/ros/humble /usr/bin/cmake /home/zero/ball_follower/src/ball_follower_description -DAMENT_CMAKE_SYMLINK_INSTALL=1 -DCMAKE_INSTALL_PREFIX=/home/zero/ball_follower/install/ball_follower_description[0m
[0.760s] [34mcolcon.colcon_core.task.python.build[0m [1;30mINFO[0m Building Python package in '/home/zero/ball_follower/src/ball_follower_interface_pkg'
[0.760s] [34mcolcon.colcon_core.shell[0m [1;30mINFO[0m Skip shell extension 'powershell' for command environment: Not usable outside of PowerShell
[0.760s] [34mcolcon.colcon_core.shell[0m [1;30mDEBUG[0m [32mSkip shell extension 'dsv' for command environment[0m
[0.768s] [34mcolcon.colcon_core.event_handler.log_command[0m [1;30mDEBUG[0m [32mInvoked command in '/home/zero/ball_follower/build/ball_follower_description' returned '0': CMAKE_PREFIX_PATH=${CMAKE_PREFIX_PATH}:/home/zero/ball_follower/install/ball_follower_interface_pkg:/home/zero/sanad_ws/install/sanad_voice_control:/home/zero/sanad_ws/install/sanad_room_manager:/home/zero/sanad_ws/install/sanad_perception:/home/zero/sanad_ws/install/sanad_interface_pkg:/home/zero/ros2_ws/install/camera_vision_service:/home/zero/grid_fleet_ws/install/fleet_sim:/home/zero/bumperbot_ws/install/sanad_controller:/home/zero/bumperbot_ws/install/bumperbot_py_examples:/opt/ros/humble /usr/bin/cmake /home/zero/ball_follower/src/ball_follower_description -DAMENT_CMAKE_SYMLINK_INSTALL=1 -DCMAKE_INSTALL_PREFIX=/home/zero/ball_follower/install/ball_follower_description[0m
[0.771s] [34mcolcon.colcon_core.event_handler.log_command[0m [1;30mDEBUG[0m [32mInvoking command in '/home/zero/ball_follower/build/ball_follower_description': CMAKE_PREFIX_PATH=${CMAKE_PREFIX_PATH}:/home/zero/ball_follower/install/ball_follower_interface_pkg:/home/zero/sanad_ws/install/sanad_voice_control:/home/zero/sanad_ws/install/sanad_room_manager:/home/zero/sanad_ws/install/sanad_perception:/home/zero/sanad_ws/install/sanad_interface_pkg:/home/zero/ros2_ws/install/camera_vision_service:/home/zero/grid_fleet_ws/install/fleet_sim:/home/zero/bumperbot_ws/install/sanad_controller:/home/zero/bumperbot_ws/install/bumperbot_py_examples:/opt/ros/humble /usr/bin/cmake --build /home/zero/ball_follower/build/ball_follower_description -- -j12 -l12[0m
[0.811s] [34mcolcon.colcon_core.event_handler.log_command[0m [1;30mDEBUG[0m [32mInvoked command in '/home/zero/ball_follower/build/ball_follower_description' returned '0': CMAKE_PREFIX_PATH=${CMAKE_PREFIX_PATH}:/home/zero/ball_follower/install/ball_follower_interface_pkg:/home/zero/sanad_ws/install/sanad_voice_control:/home/zero/sanad_ws/install/sanad_room_manager:/home/zero/sanad_ws/install/sanad_perception:/home/zero/sanad_ws/install/sanad_interface_pkg:/home/zero/ros2_ws/install/camera_vision_service:/home/zero/grid_fleet_ws/install/fleet_sim:/home/zero/bumperbot_ws/install/sanad_controller:/home/zero/bumperbot_ws/install/bumperbot_py_examples:/opt/ros/humble /usr/bin/cmake --build /home/zero/ball_follower/build/ball_follower_description -- -j12 -l12[0m
[0.821s] [34mcolcon.colcon_core.event_handler.log_command[0m [1;30mDEBUG[0m [32mInvoking command in '/home/zero/ball_follower/build/ball_follower_description': CMAKE_PREFIX_PATH=${CMAKE_PREFIX_PATH}:/home/zero/ball_follower/install/ball_follower_interface_pkg:/home/zero/sanad_ws/install/sanad_voice_control:/home/zero/sanad_ws/install/sanad_room_manager:/home/zero/sanad_ws/install/sanad_perception:/home/zero/sanad_ws/install/sanad_interface_pkg:/home/zero/ros2_ws/install/camera_vision_service:/home/zero/grid_fleet_ws/install/fleet_sim:/home/zero/bumperbot_ws/install/sanad_controller:/home/zero/bumperbot_ws/install/bumperbot_py_examples:/opt/ros/humble /usr/bin/cmake --install /home/zero/ball_follower/build/ball_follower_description[0m
[1.036s] [34mcolcon.colcon_core.environment[0m [1;30mLevel 1[0m create_environment_scripts_only(ball_follower_description)
[1.037s] [34mcolcon.colcon_core.event_handler.log_command[0m [1;30mDEBUG[0m [32mInvoked command in '/home/zero/ball_follower/build/ball_follower_description' returned '0': CMAKE_PREFIX_PATH=${CMAKE_PREFIX_PATH}:/home/zero/ball_follower/install/ball_follower_interface_pkg:/home/zero/sanad_ws/install/sanad_voice_control:/home/zero/sanad_ws/install/sanad_room_manager:/home/zero/sanad_ws/install/sanad_perception:/home/zero/sanad_ws/install/sanad_interface_pkg:/home/zero/ros2_ws/install/camera_vision_service:/home/zero/grid_fleet_ws/install/fleet_sim:/home/zero/bumperbot_ws/install/sanad_controller:/home/zero/bumperbot_ws/install/bumperbot_py_examples:/opt/ros/humble /usr/bin/cmake --install /home/zero/ball_follower/build/ball_follower_description[0m
[1.039s] [34mcolcon.colcon_core.environment[0m [1;30mLevel 1[0m checking '/home/zero/ball_follower/install/ball_follower_description' for CMake module files
[1.040s] [34mcolcon.colcon_core.environment[0m [1;30mLevel 1[0m checking '/home/zero/ball_follower/install/ball_follower_description' for CMake config files
[1.040s] [34mcolcon.colcon_core.shell[0m [1;30mLevel 1[0m create_environment_hook('ball_follower_description', 'cmake_prefix_path')
[1.040s] [34mcolcon.colcon_core.shell[0m [1;30mINFO[0m Creating environment hook '/home/zero/ball_follower/install/ball_follower_description/share/ball_follower_description/hook/cmake_prefix_path.ps1'
[1.040s] [34mcolcon.colcon_core.shell[0m [1;30mINFO[0m Creating environment descriptor '/home/zero/ball_follower/install/ball_follower_description/share/ball_follower_description/hook/cmake_prefix_path.dsv'
[1.041s] [34mcolcon.colcon_core.shell[0m [1;30mINFO[0m Creating environment hook '/home/zero/ball_follower/install/ball_follower_description/share/ball_follower_description/hook/cmake_prefix_path.sh'
[1.041s] [34mcolcon.colcon_core.environment[0m [1;30mLevel 1[0m checking '/home/zero/ball_follower/install/ball_follower_description/bin'
[1.041s] [34mcolcon.colcon_core.environment[0m [1;30mLevel 1[0m checking '/home/zero/ball_follower/install/ball_follower_description/lib/pkgconfig/ball_follower_description.pc'
[1.042s] [34mcolcon.colcon_core.environment[0m [1;30mLevel 1[0m checking '/home/zero/ball_follower/install/ball_follower_description/lib/python3.10/site-packages'
[1.042s] [34mcolcon.colcon_core.environment[0m [1;30mLevel 1[0m checking '/home/zero/ball_follower/install/ball_follower_description/bin'
[1.042s] [34mcolcon.colcon_core.shell[0m [1;30mINFO[0m Creating package script '/home/zero/ball_follower/install/ball_follower_description/share/ball_follower_description/package.ps1'
[1.043s] [34mcolcon.colcon_core.shell[0m [1;30mINFO[0m Creating package descriptor '/home/zero/ball_follower/install/ball_follower_description/share/ball_follower_description/package.dsv'
[1.044s] [34mcolcon.colcon_core.shell[0m [1;30mINFO[0m Creating package script '/home/zero/ball_follower/install/ball_follower_description/share/ball_follower_description/package.sh'
[1.045s] [34mcolcon.colcon_core.shell[0m [1;30mINFO[0m Creating package script '/home/zero/ball_follower/install/ball_follower_description/share/ball_follower_description/package.bash'
[1.045s] [34mcolcon.colcon_core.shell[0m [1;30mINFO[0m Creating package script '/home/zero/ball_follower/install/ball_follower_description/share/ball_follower_description/package.zsh'
[1.046s] [34mcolcon.colcon_core.environment[0m [1;30mLevel 1[0m create_file_with_runtime_dependencies(/home/zero/ball_follower/install/ball_follower_description/share/colcon-core/packages/ball_follower_description)
[1.046s] [34mcolcon.colcon_core.environment[0m [1;30mLevel 1[0m create_environment_scripts_only(ball_follower_description)
[1.046s] [34mcolcon.colcon_core.environment[0m [1;30mLevel 1[0m checking '/home/zero/ball_follower/install/ball_follower_description' for CMake module files
[1.047s] [34mcolcon.colcon_core.environment[0m [1;30mLevel 1[0m checking '/home/zero/ball_follower/install/ball_follower_description' for CMake config files
[1.047s] [34mcolcon.colcon_core.shell[0m [1;30mLevel 1[0m create_environment_hook('ball_follower_description', 'cmake_prefix_path')
[1.047s] [34mcolcon.colcon_core.shell[0m [1;30mINFO[0m Creating environment hook '/home/zero/ball_follower/install/ball_follower_description/share/ball_follower_description/hook/cmake_prefix_path.ps1'
[1.050s] [34mcolcon.colcon_core.shell[0m [1;30mINFO[0m Creating environment descriptor '/home/zero/ball_follower/install/ball_follower_description/share/ball_follower_description/hook/cmake_prefix_path.dsv'
[1.050s] [34mcolcon.colcon_core.shell[0m [1;30mINFO[0m Creating environment hook '/home/zero/ball_follower/install/ball_follower_description/share/ball_follower_description/hook/cmake_prefix_path.sh'
[1.051s] [34mcolcon.colcon_core.environment[0m [1;30mLevel 1[0m checking '/home/zero/ball_follower/install/ball_follower_description/bin'
[1.051s] [34mcolcon.colcon_core.environment[0m [1;30mLevel 1[0m checking '/home/zero/ball_follower/install/ball_follower_description/lib/pkgconfig/ball_follower_description.pc'
[1.051s] [34mcolcon.colcon_core.environment[0m [1;30mLevel 1[0m checking '/home/zero/ball_follower/install/ball_follower_description/lib/python3.10/site-packages'
[1.051s] [34mcolcon.colcon_core.environment[0m [1;30mLevel 1[0m checking '/home/zero/ball_follower/install/ball_follower_description/bin'
[1.051s] [34mcolcon.colcon_core.shell[0m [1;30mINFO[0m Creating package script '/home/zero/ball_follower/install/ball_follower_description/share/ball_follower_description/package.ps1'
[1.052s] [34mcolcon.colcon_core.shell[0m [1;30mINFO[0m Creating package descriptor '/home/zero/ball_follower/install/ball_follower_description/share/ball_follower_description/package.dsv'
[1.052s] [34mcolcon.colcon_core.shell[0m [1;30mINFO[0m Creating package script '/home/zero/ball_follower/install/ball_follower_description/share/ball_follower_description/package.sh'
[1.053s] [34mcolcon.colcon_core.shell[0m [1;30mINFO[0m Creating package script '/home/zero/ball_follower/install/ball_follower_description/share/ball_follower_description/package.bash'
[1.053s] [34mcolcon.colcon_core.shell[0m [1;30mINFO[0m Creating package script '/home/zero/ball_follower/install/ball_follower_description/share/ball_follower_description/package.zsh'
[1.053s] [34mcolcon.colcon_core.environment[0m [1;30mLevel 1[0m create_file_with_runtime_dependencies(/home/zero/ball_follower/install/ball_follower_description/share/colcon-core/packages/ball_follower_description)
[1.054s] [34mcolcon.colcon_ros.task.ament_cmake.build[0m [1;30mINFO[0m Building ROS package in '/home/zero/ball_follower/src/ball_follower_bringup' with build type 'ament_cmake'
[1.054s] [34mcolcon.colcon_cmake.task.cmake.build[0m [1;30mINFO[0m Building CMake package in '/home/zero/ball_follower/src/ball_follower_bringup'
[1.054s] [34mcolcon.colcon_core.shell[0m [1;30mINFO[0m Skip shell extension 'powershell' for command environment: Not usable outside of PowerShell
[1.054s] [34mcolcon.colcon_core.shell[0m [1;30mDEBUG[0m [32mSkip shell extension 'dsv' for command environment[0m
[1.066s] [34mcolcon.colcon_core.event_handler.log_command[0m [1;30mDEBUG[0m [32mInvoking command in '/home/zero/ball_follower/build/ball_follower_bringup': CMAKE_PREFIX_PATH=/home/zero/ball_follower/install/ball_follower_description:/home/zero/ball_follower/install/ball_follower_bringup:/home/zero/sanad_ws/install/sanad_bringup:/home/zero/sanad_ws/install/sanad_navigation:/home/zero/sanad_ws/install/sanad_planning:/home/zero/sanad_ws/install/sanad_mapping:/home/zero/sanad_ws/install/sanad_localization:/home/zero/sanad_ws/install/sanad_interfaces:/home/zero/sanad_ws/install/sanad_firmware:/home/zero/sanad_ws/install/sanad_description:/home/zero/sanad_ws/install/sanad_controller:/home/zero/mangobot/install/mangobot_moveit:/home/zero/mangobot/install/mangobot_description:/home/zero/mangobot/install/mangobot_cpp_examples:/home/zero/mangobot/install/mangobot_controller:/home/zero/arduinobot/install/arduinobot_moveit:/home/zero/arduinobot/install/arduinobot_description:/home/zero/arduinobot/install/arduinobot_controller:/home/zero/ros2_ws/install/ldlidar_ros2:/home/zero/ros2_ws/install/dual_laser_merger:/home/zero/ros2_ws/install/astra_camera:/home/zero/ros2_ws/install/astra_camera_msgs:/home/zero/essential_ros2/install/micro_ros_agent:/home/zero/grid_fleet_ws/install/fleet_interfaces:/home/zero/bumperbot_ws/install/ldlidar_ros2:/home/zero/bumperbot_ws/install/bumperbot_utils:/home/zero/bumperbot_ws/install/bumperbot_navigation:/home/zero/bumperbot_ws/install/bumperbot_planning:/home/zero/bumperbot_ws/install/bumperbot_cpp_examples:/home/zero/bumperbot_ws/install/bumperbot_msgs:/home/zero/bumperbot_ws/install/bumperbot_motion:/home/zero/bumperbot_ws/install/bumperbot_bringup:/home/zero/bumperbot_ws/install/bumperbot_mapping:/home/zero/bumperbot_ws/install/bumperbot_localization:/home/zero/bumperbot_ws/install/bumperbot_firmware:/home/zero/bumperbot_ws/install/bumperbot_description:/home/zero/bumperbot_ws/install/bumperbot_controller:/home/zero/ball_follower/install/ball_follower_interface_pkg:/home/zero/sanad_ws/install/sanad_voice_control:/home/zero/sanad_ws/install/sanad_room_manager:/home/zero/sanad_ws/install/sanad_perception:/home/zero/sanad_ws/install/sanad_interface_pkg:/home/zero/ros2_ws/install/camera_vision_service:/home/zero/grid_fleet_ws/install/fleet_sim:/home/zero/bumperbot_ws/install/sanad_controller:/home/zero/bumperbot_ws/install/bumperbot_py_examples:/opt/ros/humble /usr/bin/cmake /home/zero/ball_follower/src/ball_follower_bringup -DAMENT_CMAKE_SYMLINK_INSTALL=1 -DCMAKE_INSTALL_PREFIX=/home/zero/ball_follower/install/ball_follower_bringup[0m
[1.188s] [34mcolcon.colcon_core.task.python.build[0m [1;30mDEBUG[0m [32mWhile undoing a previous installation files outside the Python library path are being ignored: /home/zero/ball_follower/install/ball_follower_interface_pkg/share/ament_index/resource_index/packages/ball_follower_interface_pkg[0m
[1.188s] [34mcolcon.colcon_core.task.python.build[0m [1;30mDEBUG[0m [32mWhile undoing a previous installation files outside the Python library path are being ignored: /home/zero/ball_follower/install/ball_follower_interface_pkg/share/ball_follower_interface_pkg/package.xml[0m
[1.188s] [34mcolcon.colcon_core.task.python.build[0m [1;30mDEBUG[0m [32mWhile undoing a previous installation files outside the Python library path are being ignored: /home/zero/ball_follower/install/ball_follower_interface_pkg/lib/ball_follower_interface_pkg/green_ball_follower[0m
[1.190s] [34mcolcon.colcon_core.event_handler.log_command[0m [1;30mDEBUG[0m [32mInvoking command in '/home/zero/ball_follower/build/ball_follower_interface_pkg': PYTHONPATH=/home/zero/ball_follower/build/ball_follower_interface_pkg/prefix_override:/usr/lib/python3/dist-packages/colcon_core/task/python/colcon_distutils_commands:/home/zero/ball_follower/install/ball_follower_interface_pkg/lib/python3.10/site-packages:${PYTHONPATH} /usr/bin/python3 -W ignore:setup.py install is deprecated -W ignore:easy_install command is deprecated setup.py develop --editable --build-directory /home/zero/ball_follower/build/ball_follower_interface_pkg/build --no-deps symlink_data --force[0m
[1.614s] [34mcolcon.colcon_core.event_handler.log_command[0m [1;30mDEBUG[0m [32mInvoked command in '/home/zero/ball_follower/build/ball_follower_bringup' returned '0': CMAKE_PREFIX_PATH=/home/zero/ball_follower/install/ball_follower_description:/home/zero/ball_follower/install/ball_follower_bringup:/home/zero/sanad_ws/install/sanad_bringup:/home/zero/sanad_ws/install/sanad_navigation:/home/zero/sanad_ws/install/sanad_planning:/home/zero/sanad_ws/install/sanad_mapping:/home/zero/sanad_ws/install/sanad_localization:/home/zero/sanad_ws/install/sanad_interfaces:/home/zero/sanad_ws/install/sanad_firmware:/home/zero/sanad_ws/install/sanad_description:/home/zero/sanad_ws/install/sanad_controller:/home/zero/mangobot/install/mangobot_moveit:/home/zero/mangobot/install/mangobot_description:/home/zero/mangobot/install/mangobot_cpp_examples:/home/zero/mangobot/install/mangobot_controller:/home/zero/arduinobot/install/arduinobot_moveit:/home/zero/arduinobot/install/arduinobot_description:/home/zero/arduinobot/install/arduinobot_controller:/home/zero/ros2_ws/install/ldlidar_ros2:/home/zero/ros2_ws/install/dual_laser_merger:/home/zero/ros2_ws/install/astra_camera:/home/zero/ros2_ws/install/astra_camera_msgs:/home/zero/essential_ros2/install/micro_ros_agent:/home/zero/grid_fleet_ws/install/fleet_interfaces:/home/zero/bumperbot_ws/install/ldlidar_ros2:/home/zero/bumperbot_ws/install/bumperbot_utils:/home/zero/bumperbot_ws/install/bumperbot_navigation:/home/zero/bumperbot_ws/install/bumperbot_planning:/home/zero/bumperbot_ws/install/bumperbot_cpp_examples:/home/zero/bumperbot_ws/install/bumperbot_msgs:/home/zero/bumperbot_ws/install/bumperbot_motion:/home/zero/bumperbot_ws/install/bumperbot_bringup:/home/zero/bumperbot_ws/install/bumperbot_mapping:/home/zero/bumperbot_ws/install/bumperbot_localization:/home/zero/bumperbot_ws/install/bumperbot_firmware:/home/zero/bumperbot_ws/install/bumperbot_description:/home/zero/bumperbot_ws/install/bumperbot_controller:/home/zero/ball_follower/install/ball_follower_interface_pkg:/home/zero/sanad_ws/install/sanad_voice_control:/home/zero/sanad_ws/install/sanad_room_manager:/home/zero/sanad_ws/install/sanad_perception:/home/zero/sanad_ws/install/sanad_interface_pkg:/home/zero/ros2_ws/install/camera_vision_service:/home/zero/grid_fleet_ws/install/fleet_sim:/home/zero/bumperbot_ws/install/sanad_controller:/home/zero/bumperbot_ws/install/bumperbot_py_examples:/opt/ros/humble /usr/bin/cmake /home/zero/ball_follower/src/ball_follower_bringup -DAMENT_CMAKE_SYMLINK_INSTALL=1 -DCMAKE_INSTALL_PREFIX=/home/zero/ball_follower/install/ball_follower_bringup[0m
[1.615s] [34mcolcon.colcon_core.event_handler.log_command[0m [1;30mDEBUG[0m [32mInvoking command in '/home/zero/ball_follower/build/ball_follower_bringup': CMAKE_PREFIX_PATH=/home/zero/ball_follower/install/ball_follower_description:/home/zero/ball_follower/install/ball_follower_bringup:/home/zero/sanad_ws/install/sanad_bringup:/home/zero/sanad_ws/install/sanad_navigation:/home/zero/sanad_ws/install/sanad_planning:/home/zero/sanad_ws/install/sanad_mapping:/home/zero/sanad_ws/install/sanad_localization:/home/zero/sanad_ws/install/sanad_interfaces:/home/zero/sanad_ws/install/sanad_firmware:/home/zero/sanad_ws/install/sanad_description:/home/zero/sanad_ws/install/sanad_controller:/home/zero/mangobot/install/mangobot_moveit:/home/zero/mangobot/install/mangobot_description:/home/zero/mangobot/install/mangobot_cpp_examples:/home/zero/mangobot/install/mangobot_controller:/home/zero/arduinobot/install/arduinobot_moveit:/home/zero/arduinobot/install/arduinobot_description:/home/zero/arduinobot/install/arduinobot_controller:/home/zero/ros2_ws/install/ldlidar_ros2:/home/zero/ros2_ws/install/dual_laser_merger:/home/zero/ros2_ws/install/astra_camera:/home/zero/ros2_ws/install/astra_camera_msgs:/home/zero/essential_ros2/install/micro_ros_agent:/home/zero/grid_fleet_ws/install/fleet_interfaces:/home/zero/bumperbot_ws/install/ldlidar_ros2:/home/zero/bumperbot_ws/install/bumperbot_utils:/home/zero/bumperbot_ws/install/bumperbot_navigation:/home/zero/bumperbot_ws/install/bumperbot_planning:/home/zero/bumperbot_ws/install/bumperbot_cpp_examples:/home/zero/bumperbot_ws/install/bumperbot_msgs:/home/zero/bumperbot_ws/install/bumperbot_motion:/home/zero/bumperbot_ws/install/bumperbot_bringup:/home/zero/bumperbot_ws/install/bumperbot_mapping:/home/zero/bumperbot_ws/install/bumperbot_localization:/home/zero/bumperbot_ws/install/bumperbot_firmware:/home/zero/bumperbot_ws/install/bumperbot_description:/home/zero/bumperbot_ws/install/bumperbot_controller:/home/zero/ball_follower/install/ball_follower_interface_pkg:/home/zero/sanad_ws/install/sanad_voice_control:/home/zero/sanad_ws/install/sanad_room_manager:/home/zero/sanad_ws/install/sanad_perception:/home/zero/sanad_ws/install/sanad_interface_pkg:/home/zero/ros2_ws/install/camera_vision_service:/home/zero/grid_fleet_ws/install/fleet_sim:/home/zero/bumperbot_ws/install/sanad_controller:/home/zero/bumperbot_ws/install/bumperbot_py_examples:/opt/ros/humble /usr/bin/cmake --build /home/zero/ball_follower/build/ball_follower_bringup -- -j12 -l12[0m
[1.653s] [34mcolcon.colcon_core.event_handler.log_command[0m [1;30mDEBUG[0m [32mInvoked command in '/home/zero/ball_follower/build/ball_follower_bringup' returned '0': CMAKE_PREFIX_PATH=/home/zero/ball_follower/install/ball_follower_description:/home/zero/ball_follower/install/ball_follower_bringup:/home/zero/sanad_ws/install/sanad_bringup:/home/zero/sanad_ws/install/sanad_navigation:/home/zero/sanad_ws/install/sanad_planning:/home/zero/sanad_ws/install/sanad_mapping:/home/zero/sanad_ws/install/sanad_localization:/home/zero/sanad_ws/install/sanad_interfaces:/home/zero/sanad_ws/install/sanad_firmware:/home/zero/sanad_ws/install/sanad_description:/home/zero/sanad_ws/install/sanad_controller:/home/zero/mangobot/install/mangobot_moveit:/home/zero/mangobot/install/mangobot_description:/home/zero/mangobot/install/mangobot_cpp_examples:/home/zero/mangobot/install/mangobot_controller:/home/zero/arduinobot/install/arduinobot_moveit:/home/zero/arduinobot/install/arduinobot_description:/home/zero/arduinobot/install/arduinobot_controller:/home/zero/ros2_ws/install/ldlidar_ros2:/home/zero/ros2_ws/install/dual_laser_merger:/home/zero/ros2_ws/install/astra_camera:/home/zero/ros2_ws/install/astra_camera_msgs:/home/zero/essential_ros2/install/micro_ros_agent:/home/zero/grid_fleet_ws/install/fleet_interfaces:/home/zero/bumperbot_ws/install/ldlidar_ros2:/home/zero/bumperbot_ws/install/bumperbot_utils:/home/zero/bumperbot_ws/install/bumperbot_navigation:/home/zero/bumperbot_ws/install/bumperbot_planning:/home/zero/bumperbot_ws/install/bumperbot_cpp_examples:/home/zero/bumperbot_ws/install/bumperbot_msgs:/home/zero/bumperbot_ws/install/bumperbot_motion:/home/zero/bumperbot_ws/install/bumperbot_bringup:/home/zero/bumperbot_ws/install/bumperbot_mapping:/home/zero/bumperbot_ws/install/bumperbot_localization:/home/zero/bumperbot_ws/install/bumperbot_firmware:/home/zero/bumperbot_ws/install/bumperbot_description:/home/zero/bumperbot_ws/install/bumperbot_controller:/home/zero/ball_follower/install/ball_follower_interface_pkg:/home/zero/sanad_ws/install/sanad_voice_control:/home/zero/sanad_ws/install/sanad_room_manager:/home/zero/sanad_ws/install/sanad_perception:/home/zero/sanad_ws/install/sanad_interface_pkg:/home/zero/ros2_ws/install/camera_vision_service:/home/zero/grid_fleet_ws/install/fleet_sim:/home/zero/bumperbot_ws/install/sanad_controller:/home/zero/bumperbot_ws/install/bumperbot_py_examples:/opt/ros/humble /usr/bin/cmake --build /home/zero/ball_follower/build/ball_follower_bringup -- -j12 -l12[0m
[1.654s] [34mcolcon.colcon_core.event_handler.log_command[0m [1;30mDEBUG[0m [32mInvoking command in '/home/zero/ball_follower/build/ball_follower_bringup': CMAKE_PREFIX_PATH=/home/zero/ball_follower/install/ball_follower_description:/home/zero/ball_follower/install/ball_follower_bringup:/home/zero/sanad_ws/install/sanad_bringup:/home/zero/sanad_ws/install/sanad_navigation:/home/zero/sanad_ws/install/sanad_planning:/home/zero/sanad_ws/install/sanad_mapping:/home/zero/sanad_ws/install/sanad_localization:/home/zero/sanad_ws/install/sanad_interfaces:/home/zero/sanad_ws/install/sanad_firmware:/home/zero/sanad_ws/install/sanad_description:/home/zero/sanad_ws/install/sanad_controller:/home/zero/mangobot/install/mangobot_moveit:/home/zero/mangobot/install/mangobot_description:/home/zero/mangobot/install/mangobot_cpp_examples:/home/zero/mangobot/install/mangobot_controller:/home/zero/arduinobot/install/arduinobot_moveit:/home/zero/arduinobot/install/arduinobot_description:/home/zero/arduinobot/install/arduinobot_controller:/home/zero/ros2_ws/install/ldlidar_ros2:/home/zero/ros2_ws/install/dual_laser_merger:/home/zero/ros2_ws/install/astra_camera:/home/zero/ros2_ws/install/astra_camera_msgs:/home/zero/essential_ros2/install/micro_ros_agent:/home/zero/grid_fleet_ws/install/fleet_interfaces:/home/zero/bumperbot_ws/install/ldlidar_ros2:/home/zero/bumperbot_ws/install/bumperbot_utils:/home/zero/bumperbot_ws/install/bumperbot_navigation:/home/zero/bumperbot_ws/install/bumperbot_planning:/home/zero/bumperbot_ws/install/bumperbot_cpp_examples:/home/zero/bumperbot_ws/install/bumperbot_msgs:/home/zero/bumperbot_ws/install/bumperbot_motion:/home/zero/bumperbot_ws/install/bumperbot_bringup:/home/zero/bumperbot_ws/install/bumperbot_mapping:/home/zero/bumperbot_ws/install/bumperbot_localization:/home/zero/bumperbot_ws/install/bumperbot_firmware:/home/zero/bumperbot_ws/install/bumperbot_description:/home/zero/bumperbot_ws/install/bumperbot_controller:/home/zero/ball_follower/install/ball_follower_interface_pkg:/home/zero/sanad_ws/install/sanad_voice_control:/home/zero/sanad_ws/install/sanad_room_manager:/home/zero/sanad_ws/install/sanad_perception:/home/zero/sanad_ws/install/sanad_interface_pkg:/home/zero/ros2_ws/install/camera_vision_service:/home/zero/grid_fleet_ws/install/fleet_sim:/home/zero/bumperbot_ws/install/sanad_controller:/home/zero/bumperbot_ws/install/bumperbot_py_examples:/opt/ros/humble /usr/bin/cmake --install /home/zero/ball_follower/build/ball_follower_bringup[0m
[1.759s] [34mcolcon.colcon_core.shell[0m [1;30mLevel 1[0m create_environment_hook('ball_follower_interface_pkg', 'pythonpath_develop')
[1.760s] [34mcolcon.colcon_core.shell[0m [1;30mINFO[0m Creating environment hook '/home/zero/ball_follower/build/ball_follower_interface_pkg/share/ball_follower_interface_pkg/hook/pythonpath_develop.ps1'
[1.762s] [34mcolcon.colcon_core.event_handler.log_command[0m [1;30mDEBUG[0m [32mInvoked command in '/home/zero/ball_follower/build/ball_follower_interface_pkg' returned '0': PYTHONPATH=/home/zero/ball_follower/build/ball_follower_interface_pkg/prefix_override:/usr/lib/python3/dist-packages/colcon_core/task/python/colcon_distutils_commands:/home/zero/ball_follower/install/ball_follower_interface_pkg/lib/python3.10/site-packages:${PYTHONPATH} /usr/bin/python3 -W ignore:setup.py install is deprecated -W ignore:easy_install command is deprecated setup.py develop --editable --build-directory /home/zero/ball_follower/build/ball_follower_interface_pkg/build --no-deps symlink_data --force[0m
[1.762s] [34mcolcon.colcon_core.shell[0m [1;30mINFO[0m Creating environment descriptor '/home/zero/ball_follower/build/ball_follower_interface_pkg/share/ball_follower_interface_pkg/hook/pythonpath_develop.dsv'
[1.763s] [34mcolcon.colcon_core.shell[0m [1;30mINFO[0m Creating environment hook '/home/zero/ball_follower/build/ball_follower_interface_pkg/share/ball_follower_interface_pkg/hook/pythonpath_develop.sh'
[1.764s] [34mcolcon.colcon_core.environment[0m [1;30mLevel 1[0m checking '/home/zero/ball_follower/install/ball_follower_interface_pkg' for CMake module files
[1.764s] [34mcolcon.colcon_core.environment[0m [1;30mLevel 1[0m checking '/home/zero/ball_follower/install/ball_follower_interface_pkg' for CMake config files
[1.765s] [34mcolcon.colcon_core.environment[0m [1;30mLevel 1[0m checking '/home/zero/ball_follower/install/ball_follower_interface_pkg/lib'
[1.766s] [34mcolcon.colcon_core.environment[0m [1;30mLevel 1[0m checking '/home/zero/ball_follower/install/ball_follower_interface_pkg/bin'
[1.766s] [34mcolcon.colcon_core.environment[0m [1;30mLevel 1[0m checking '/home/zero/ball_follower/install/ball_follower_interface_pkg/lib/pkgconfig/ball_follower_interface_pkg.pc'
[1.766s] [34mcolcon.colcon_core.environment[0m [1;30mLevel 1[0m checking '/home/zero/ball_follower/install/ball_follower_interface_pkg/lib/python3.10/site-packages'
[1.766s] [34mcolcon.colcon_core.shell[0m [1;30mLevel 1[0m create_environment_hook('ball_follower_interface_pkg', 'pythonpath')
[1.766s] [34mcolcon.colcon_core.shell[0m [1;30mINFO[0m Creating environment hook '/home/zero/ball_follower/install/ball_follower_interface_pkg/share/ball_follower_interface_pkg/hook/pythonpath.ps1'
[1.767s] [34mcolcon.colcon_core.shell[0m [1;30mINFO[0m Creating environment descriptor '/home/zero/ball_follower/install/ball_follower_interface_pkg/share/ball_follower_interface_pkg/hook/pythonpath.dsv'
[1.767s] [34mcolcon.colcon_core.shell[0m [1;30mINFO[0m Creating environment hook '/home/zero/ball_follower/install/ball_follower_interface_pkg/share/ball_follower_interface_pkg/hook/pythonpath.sh'
[1.768s] [34mcolcon.colcon_core.environment[0m [1;30mLevel 1[0m checking '/home/zero/ball_follower/install/ball_follower_interface_pkg/bin'
[1.768s] [34mcolcon.colcon_core.environment[0m [1;30mLevel 1[0m create_environment_scripts_only(ball_follower_interface_pkg)
[1.769s] [34mcolcon.colcon_core.shell[0m [1;30mINFO[0m Creating package script '/home/zero/ball_follower/install/ball_follower_interface_pkg/share/ball_follower_interface_pkg/package.ps1'
[1.770s] [34mcolcon.colcon_core.shell[0m [1;30mINFO[0m Creating package descriptor '/home/zero/ball_follower/install/ball_follower_interface_pkg/share/ball_follower_interface_pkg/package.dsv'
[1.770s] [34mcolcon.colcon_core.shell[0m [1;30mINFO[0m Creating package script '/home/zero/ball_follower/install/ball_follower_interface_pkg/share/ball_follower_interface_pkg/package.sh'
[1.771s] [34mcolcon.colcon_core.shell[0m [1;30mINFO[0m Creating package script '/home/zero/ball_follower/install/ball_follower_interface_pkg/share/ball_follower_interface_pkg/package.bash'
[1.771s] [34mcolcon.colcon_core.shell[0m [1;30mINFO[0m Creating package script '/home/zero/ball_follower/install/ball_follower_interface_pkg/share/ball_follower_interface_pkg/package.zsh'
[1.772s] [34mcolcon.colcon_core.environment[0m [1;30mLevel 1[0m create_file_with_runtime_dependencies(/home/zero/ball_follower/install/ball_follower_interface_pkg/share/colcon-core/packages/ball_follower_interface_pkg)
[2.584s] [34mcolcon.colcon_core.environment[0m [1;30mLevel 1[0m create_environment_scripts_only(ball_follower_bringup)
[2.585s] [34mcolcon.colcon_core.environment[0m [1;30mLevel 1[0m checking '/home/zero/ball_follower/install/ball_follower_bringup' for CMake module files
[2.585s] [34mcolcon.colcon_core.event_handler.log_command[0m [1;30mDEBUG[0m [32mInvoked command in '/home/zero/ball_follower/build/ball_follower_bringup' returned '0': CMAKE_PREFIX_PATH=/home/zero/ball_follower/install/ball_follower_description:/home/zero/ball_follower/install/ball_follower_bringup:/home/zero/sanad_ws/install/sanad_bringup:/home/zero/sanad_ws/install/sanad_navigation:/home/zero/sanad_ws/install/sanad_planning:/home/zero/sanad_ws/install/sanad_mapping:/home/zero/sanad_ws/install/sanad_localization:/home/zero/sanad_ws/install/sanad_interfaces:/home/zero/sanad_ws/install/sanad_firmware:/home/zero/sanad_ws/install/sanad_description:/home/zero/sanad_ws/install/sanad_controller:/home/zero/mangobot/install/mangobot_moveit:/home/zero/mangobot/install/mangobot_description:/home/zero/mangobot/install/mangobot_cpp_examples:/home/zero/mangobot/install/mangobot_controller:/home/zero/arduinobot/install/arduinobot_moveit:/home/zero/arduinobot/install/arduinobot_description:/home/zero/arduinobot/install/arduinobot_controller:/home/zero/ros2_ws/install/ldlidar_ros2:/home/zero/ros2_ws/install/dual_laser_merger:/home/zero/ros2_ws/install/astra_camera:/home/zero/ros2_ws/install/astra_camera_msgs:/home/zero/essential_ros2/install/micro_ros_agent:/home/zero/grid_fleet_ws/install/fleet_interfaces:/home/zero/bumperbot_ws/install/ldlidar_ros2:/home/zero/bumperbot_ws/install/bumperbot_utils:/home/zero/bumperbot_ws/install/bumperbot_navigation:/home/zero/bumperbot_ws/install/bumperbot_planning:/home/zero/bumperbot_ws/install/bumperbot_cpp_examples:/home/zero/bumperbot_ws/install/bumperbot_msgs:/home/zero/bumperbot_ws/install/bumperbot_motion:/home/zero/bumperbot_ws/install/bumperbot_bringup:/home/zero/bumperbot_ws/install/bumperbot_mapping:/home/zero/bumperbot_ws/install/bumperbot_localization:/home/zero/bumperbot_ws/install/bumperbot_firmware:/home/zero/bumperbot_ws/install/bumperbot_description:/home/zero/bumperbot_ws/install/bumperbot_controller:/home/zero/ball_follower/install/ball_follower_interface_pkg:/home/zero/sanad_ws/install/sanad_voice_control:/home/zero/sanad_ws/install/sanad_room_manager:/home/zero/sanad_ws/install/sanad_perception:/home/zero/sanad_ws/install/sanad_interface_pkg:/home/zero/ros2_ws/install/camera_vision_service:/home/zero/grid_fleet_ws/install/fleet_sim:/home/zero/bumperbot_ws/install/sanad_controller:/home/zero/bumperbot_ws/install/bumperbot_py_examples:/opt/ros/humble /usr/bin/cmake --install /home/zero/ball_follower/build/ball_follower_bringup[0m
[2.586s] [34mcolcon.colcon_core.environment[0m [1;30mLevel 1[0m checking '/home/zero/ball_follower/install/ball_follower_bringup' for CMake config files
[2.586s] [34mcolcon.colcon_core.shell[0m [1;30mLevel 1[0m create_environment_hook('ball_follower_bringup', 'cmake_prefix_path')
[2.586s] [34mcolcon.colcon_core.shell[0m [1;30mINFO[0m Creating environment hook '/home/zero/ball_follower/install/ball_follower_bringup/share/ball_follower_bringup/hook/cmake_prefix_path.ps1'
[2.587s] [34mcolcon.colcon_core.shell[0m [1;30mINFO[0m Creating environment descriptor '/home/zero/ball_follower/install/ball_follower_bringup/share/ball_follower_bringup/hook/cmake_prefix_path.dsv'
[2.587s] [34mcolcon.colcon_core.shell[0m [1;30mINFO[0m Creating environment hook '/home/zero/ball_follower/install/ball_follower_bringup/share/ball_follower_bringup/hook/cmake_prefix_path.sh'
[2.588s] [34mcolcon.colcon_core.environment[0m [1;30mLevel 1[0m checking '/home/zero/ball_follower/install/ball_follower_bringup/bin'
[2.588s] [34mcolcon.colcon_core.environment[0m [1;30mLevel 1[0m checking '/home/zero/ball_follower/install/ball_follower_bringup/lib/pkgconfig/ball_follower_bringup.pc'
[2.588s] [34mcolcon.colcon_core.environment[0m [1;30mLevel 1[0m checking '/home/zero/ball_follower/install/ball_follower_bringup/lib/python3.10/site-packages'
[2.589s] [34mcolcon.colcon_core.environment[0m [1;30mLevel 1[0m checking '/home/zero/ball_follower/install/ball_follower_bringup/bin'
[2.589s] [34mcolcon.colcon_core.shell[0m [1;30mINFO[0m Creating package script '/home/zero/ball_follower/install/ball_follower_bringup/share/ball_follower_bringup/package.ps1'
[2.590s] [34mcolcon.colcon_core.shell[0m [1;30mINFO[0m Creating package descriptor '/home/zero/ball_follower/install/ball_follower_bringup/share/ball_follower_bringup/package.dsv'
[2.590s] [34mcolcon.colcon_core.shell[0m [1;30mINFO[0m Creating package script '/home/zero/ball_follower/install/ball_follower_bringup/share/ball_follower_bringup/package.sh'
[2.591s] [34mcolcon.colcon_core.shell[0m [1;30mINFO[0m Creating package script '/home/zero/ball_follower/install/ball_follower_bringup/share/ball_follower_bringup/package.bash'
[2.591s] [34mcolcon.colcon_core.shell[0m [1;30mINFO[0m Creating package script '/home/zero/ball_follower/install/ball_follower_bringup/share/ball_follower_bringup/package.zsh'
[2.591s] [34mcolcon.colcon_core.environment[0m [1;30mLevel 1[0m create_file_with_runtime_dependencies(/home/zero/ball_follower/install/ball_follower_bringup/share/colcon-core/packages/ball_follower_bringup)
[2.592s] [34mcolcon.colcon_core.environment[0m [1;30mLevel 1[0m create_environment_scripts_only(ball_follower_bringup)
[2.592s] [34mcolcon.colcon_core.environment[0m [1;30mLevel 1[0m checking '/home/zero/ball_follower/install/ball_follower_bringup' for CMake module files
[2.592s] [34mcolcon.colcon_core.environment[0m [1;30mLevel 1[0m checking '/home/zero/ball_follower/install/ball_follower_bringup' for CMake config files
[2.593s] [34mcolcon.colcon_core.shell[0m [1;30mLevel 1[0m create_environment_hook('ball_follower_bringup', 'cmake_prefix_path')
[2.593s] [34mcolcon.colcon_core.shell[0m [1;30mINFO[0m Creating environment hook '/home/zero/ball_follower/install/ball_follower_bringup/share/ball_follower_bringup/hook/cmake_prefix_path.ps1'
[2.593s] [34mcolcon.colcon_core.shell[0m [1;30mINFO[0m Creating environment descriptor '/home/zero/ball_follower/install/ball_follower_bringup/share/ball_follower_bringup/hook/cmake_prefix_path.dsv'
[2.593s] [34mcolcon.colcon_core.shell[0m [1;30mINFO[0m Creating environment hook '/home/zero/ball_follower/install/ball_follower_bringup/share/ball_follower_bringup/hook/cmake_prefix_path.sh'
[2.594s] [34mcolcon.colcon_core.environment[0m [1;30mLevel 1[0m checking '/home/zero/ball_follower/install/ball_follower_bringup/bin'
[2.594s] [34mcolcon.colcon_core.environment[0m [1;30mLevel 1[0m checking '/home/zero/ball_follower/install/ball_follower_bringup/lib/pkgconfig/ball_follower_bringup.pc'
[2.594s] [34mcolcon.colcon_core.environment[0m [1;30mLevel 1[0m checking '/home/zero/ball_follower/install/ball_follower_bringup/lib/python3.10/site-packages'
[2.594s] [34mcolcon.colcon_core.environment[0m [1;30mLevel 1[0m checking '/home/zero/ball_follower/install/ball_follower_bringup/bin'
[2.595s] [34mcolcon.colcon_core.shell[0m [1;30mINFO[0m Creating package script '/home/zero/ball_follower/install/ball_follower_bringup/share/ball_follower_bringup/package.ps1'
[2.595s] [34mcolcon.colcon_core.shell[0m [1;30mINFO[0m Creating package descriptor '/home/zero/ball_follower/install/ball_follower_bringup/share/ball_follower_bringup/package.dsv'
[2.595s] [34mcolcon.colcon_core.shell[0m [1;30mINFO[0m Creating package script '/home/zero/ball_follower/install/ball_follower_bringup/share/ball_follower_bringup/package.sh'
[2.596s] [34mcolcon.colcon_core.shell[0m [1;30mINFO[0m Creating package script '/home/zero/ball_follower/install/ball_follower_bringup/share/ball_follower_bringup/package.bash'
[2.596s] [34mcolcon.colcon_core.shell[0m [1;30mINFO[0m Creating package script '/home/zero/ball_follower/install/ball_follower_bringup/share/ball_follower_bringup/package.zsh'
[2.596s] [34mcolcon.colcon_core.environment[0m [1;30mLevel 1[0m create_file_with_runtime_dependencies(/home/zero/ball_follower/install/ball_follower_bringup/share/colcon-core/packages/ball_follower_bringup)
[2.597s] [34mcolcon.colcon_parallel_executor.executor.parallel[0m [1;30mDEBUG[0m [32mclosing loop[0m
[2.597s] [34mcolcon.colcon_parallel_executor.executor.parallel[0m [1;30mDEBUG[0m [32mloop closed[0m
[2.597s] [34mcolcon.colcon_parallel_executor.executor.parallel[0m [1;30mDEBUG[0m [32mrun_until_complete finished with '0'[0m
[2.597s] [34mcolcon.colcon_core.event_reactor[0m [1;30mDEBUG[0m [32mjoining thread[0m
[2.602s] [34mcolcon.colcon_core.plugin_system[0m [1;30mINFO[0m Skipping extension 'colcon_notification.desktop_notification.terminal_notifier': Not used on non-Darwin systems
[2.602s] [34mcolcon.colcon_core.plugin_system[0m [1;30mINFO[0m Skipping extension 'colcon_notification.desktop_notification.win32': Not used on non-Windows systems
[2.602s] [34mcolcon.colcon_notification.desktop_notification[0m [1;30mINFO[0m Sending desktop notification using 'notify2'
[2.614s] [34mcolcon.colcon_core.event_reactor[0m [1;30mDEBUG[0m [32mjoined thread[0m
[2.614s] [34mcolcon.colcon_core.shell[0m [1;30mINFO[0m Creating prefix script '/home/zero/ball_follower/install/local_setup.ps1'
[2.616s] [34mcolcon.colcon_core.shell[0m [1;30mINFO[0m Creating prefix util module '/home/zero/ball_follower/install/_local_setup_util_ps1.py'
[2.617s] [34mcolcon.colcon_core.shell[0m [1;30mINFO[0m Creating prefix chain script '/home/zero/ball_follower/install/setup.ps1'
[2.620s] [34mcolcon.colcon_core.shell[0m [1;30mINFO[0m Creating prefix script '/home/zero/ball_follower/install/local_setup.sh'
[2.621s] [34mcolcon.colcon_core.shell[0m [1;30mINFO[0m Creating prefix util module '/home/zero/ball_follower/install/_local_setup_util_sh.py'
[2.621s] [34mcolcon.colcon_core.shell[0m [1;30mINFO[0m Creating prefix chain script '/home/zero/ball_follower/install/setup.sh'
[2.624s] [34mcolcon.colcon_core.shell[0m [1;30mINFO[0m Creating prefix script '/home/zero/ball_follower/install/local_setup.bash'
[2.625s] [34mcolcon.colcon_core.shell[0m [1;30mINFO[0m Creating prefix chain script '/home/zero/ball_follower/install/setup.bash'
[2.627s] [34mcolcon.colcon_core.shell[0m [1;30mINFO[0m Creating prefix script '/home/zero/ball_follower/install/local_setup.zsh'
[2.627s] [34mcolcon.colcon_core.shell[0m [1;30mINFO[0m Creating prefix chain script '/home/zero/ball_follower/install/setup.zsh'
