-- Install configuration: ""
-- Up-to-date: /home/zero/ball_follower/install/ball_follower_bringup/share/ball_follower_bringup//launch
-- Up-to-date: /home/zero/ball_follower/install/ball_follower_bringup/share/ball_follower_bringup//launch/ball_follower_gazebo.launch.xml
-- Up-to-date: /home/zero/ball_follower/install/ball_follower_bringup/share/ball_follower_bringup//config
-- Installing: /home/zero/ball_follower/install/ball_follower_bringup/share/ball_follower_bringup//config/gazebo_bringup.yaml
-- Up-to-date: /home/zero/ball_follower/install/ball_follower_bringup/share/ball_follower_bringup//worlds
-- Up-to-date: /home/zero/ball_follower/install/ball_follower_bringup/share/ball_follower_bringup//worlds/home.sdf
-- Up-to-date: /home/zero/ball_follower/install/ball_follower_bringup/share/ball_follower_bringup//models
-- Up-to-date: /home/zero/ball_follower/install/ball_follower_bringup/share/ball_follower_bringup//models/dining_chair
-- Up-to-date: /home/zero/ball_follower/install/ball_follower_bringup/share/ball_follower_bringup//models/dining_chair/model.sdf
-- Up-to-date: /home/zero/ball_follower/install/ball_follower_bringup/share/ball_follower_bringup//models/dining_chair/thumbnails
-- Up-to-date: /home/zero/ball_follower/install/ball_follower_bringup/share/ball_follower_bringup//models/dining_chair/thumbnails/DiningChair.png
-- Up-to-date: /home/zero/ball_follower/install/ball_follower_bringup/share/ball_follower_bringup//models/dining_chair/model.config
-- Up-to-date: /home/zero/ball_follower/install/ball_follower_bringup/share/ball_follower_bringup//models/dining_chair/meshes
-- Up-to-date: /home/zero/ball_follower/install/ball_follower_bringup/share/ball_follower_bringup//models/dining_chair/meshes/diningchair.dae
-- Up-to-date: /home/zero/ball_follower/install/ball_follower_bringup/share/ball_follower_bringup//models/dining_chair/materials
-- Up-to-date: /home/zero/ball_follower/install/ball_follower_bringup/share/ball_follower_bringup//models/dining_chair/materials/textures
-- Up-to-date: /home/zero/ball_follower/install/ball_follower_bringup/share/ball_follower_bringup//models/dining_chair/materials/textures/DiningChair_Albedo.jpg
-- Up-to-date: /home/zero/ball_follower/install/ball_follower_bringup/share/ball_follower_bringup//models/dining_chair/materials/textures/DiningChair_Normal.jpg
-- Up-to-date: /home/zero/ball_follower/install/ball_follower_bringup/share/ball_follower_bringup//models/dining_chair/materials/textures/DiningChair_Roughness.jpg
-- Up-to-date: /home/zero/ball_follower/install/ball_follower_bringup/share/ball_follower_bringup//models/standing_person
-- Up-to-date: /home/zero/ball_follower/install/ball_follower_bringup/share/ball_follower_bringup//models/standing_person/model.sdf
-- Up-to-date: /home/zero/ball_follower/install/ball_follower_bringup/share/ball_follower_bringup//models/standing_person/thumbnails
-- Up-to-date: /home/zero/ball_follower/install/ball_follower_bringup/share/ball_follower_bringup//models/standing_person/thumbnails/1.png
-- Up-to-date: /home/zero/ball_follower/install/ball_follower_bringup/share/ball_follower_bringup//models/standing_person/thumbnails/3.png
-- Up-to-date: /home/zero/ball_follower/install/ball_follower_bringup/share/ball_follower_bringup//models/standing_person/thumbnails/4.png
-- Up-to-date: /home/zero/ball_follower/install/ball_follower_bringup/share/ball_follower_bringup//models/standing_person/thumbnails/5.png
-- Up-to-date: /home/zero/ball_follower/install/ball_follower_bringup/share/ball_follower_bringup//models/standing_person/thumbnails/2.png
-- Up-to-date: /home/zero/ball_follower/install/ball_follower_bringup/share/ball_follower_bringup//models/standing_person/model.config
-- Up-to-date: /home/zero/ball_follower/install/ball_follower_bringup/share/ball_follower_bringup//models/standing_person/meshes
-- Up-to-date: /home/zero/ball_follower/install/ball_follower_bringup/share/ball_follower_bringup//models/standing_person/meshes/standing.dae
-- Up-to-date: /home/zero/ball_follower/install/ball_follower_bringup/share/ball_follower_bringup//models/standing_person/materials
-- Up-to-date: /home/zero/ball_follower/install/ball_follower_bringup/share/ball_follower_bringup//models/standing_person/materials/textures
-- Up-to-date: /home/zero/ball_follower/install/ball_follower_bringup/share/ball_follower_bringup//models/standing_person/materials/textures/eyebrow001.png
-- Up-to-date: /home/zero/ball_follower/install/ball_follower_bringup/share/ball_follower_bringup//models/standing_person/materials/textures/green_eye.png
-- Up-to-date: /home/zero/ball_follower/install/ball_follower_bringup/share/ball_follower_bringup//models/standing_person/materials/textures/teeth.png
-- Up-to-date: /home/zero/ball_follower/install/ball_follower_bringup/share/ball_follower_bringup//models/standing_person/materials/textures/jeans01_normals.png
-- Up-to-date: /home/zero/ball_follower/install/ball_follower_bringup/share/ball_follower_bringup//models/standing_person/materials/textures/male02_diffuse_black-unmodified.png
-- Up-to-date: /home/zero/ball_follower/install/ball_follower_bringup/share/ball_follower_bringup//models/standing_person/materials/textures/male02_diffuse_black.png
-- Up-to-date: /home/zero/ball_follower/install/ball_follower_bringup/share/ball_follower_bringup//models/standing_person/materials/textures/tshirt02_texture.png
-- Up-to-date: /home/zero/ball_follower/install/ball_follower_bringup/share/ball_follower_bringup//models/standing_person/materials/textures/tshirt02_normals.png
-- Up-to-date: /home/zero/ball_follower/install/ball_follower_bringup/share/ball_follower_bringup//models/standing_person/materials/textures/young_lightskinned_male_diffuse.png
-- Up-to-date: /home/zero/ball_follower/install/ball_follower_bringup/share/ball_follower_bringup//models/standing_person/materials/textures/jeans_basic_diffuse.png
-- Up-to-date: /home/zero/ball_follower/install/ball_follower_bringup/share/ball_follower_bringup//models/standing_person/materials/textures/eyebrow001-unmodified.png
-- Up-to-date: /home/zero/ball_follower/install/ball_follower_bringup/share/ball_follower_bringup//models/nist_maze_wall_120
-- Up-to-date: /home/zero/ball_follower/install/ball_follower_bringup/share/ball_follower_bringup//models/nist_maze_wall_120/model-1_2.sdf
-- Up-to-date: /home/zero/ball_follower/install/ball_follower_bringup/share/ball_follower_bringup//models/nist_maze_wall_120/model.sdf
-- Up-to-date: /home/zero/ball_follower/install/ball_follower_bringup/share/ball_follower_bringup//models/nist_maze_wall_120/model-1_4.sdf
-- Up-to-date: /home/zero/ball_follower/install/ball_follower_bringup/share/ball_follower_bringup//models/nist_maze_wall_120/thumbnails
-- Up-to-date: /home/zero/ball_follower/install/ball_follower_bringup/share/ball_follower_bringup//models/nist_maze_wall_120/thumbnails/1.png
-- Up-to-date: /home/zero/ball_follower/install/ball_follower_bringup/share/ball_follower_bringup//models/nist_maze_wall_120/thumbnails/3.png
-- Up-to-date: /home/zero/ball_follower/install/ball_follower_bringup/share/ball_follower_bringup//models/nist_maze_wall_120/thumbnails/4.png
-- Up-to-date: /home/zero/ball_follower/install/ball_follower_bringup/share/ball_follower_bringup//models/nist_maze_wall_120/thumbnails/5.png
-- Up-to-date: /home/zero/ball_follower/install/ball_follower_bringup/share/ball_follower_bringup//models/nist_maze_wall_120/thumbnails/2.png
-- Up-to-date: /home/zero/ball_follower/install/ball_follower_bringup/share/ball_follower_bringup//models/nist_maze_wall_120/model-1_3.sdf
-- Up-to-date: /home/zero/ball_follower/install/ball_follower_bringup/share/ball_follower_bringup//models/nist_maze_wall_120/model.config
-- Up-to-date: /home/zero/ball_follower/install/ball_follower_bringup/share/ball_follower_bringup//models/nist_maze_wall_120/meshes
-- Up-to-date: /home/zero/ball_follower/install/ball_follower_bringup/share/ball_follower_bringup//models/nist_maze_wall_120/meshes/nist_maze_wall_120.dae
-- Up-to-date: /home/zero/ball_follower/install/ball_follower_bringup/share/ball_follower_bringup//models/nist_maze_wall_120/materials
-- Up-to-date: /home/zero/ball_follower/install/ball_follower_bringup/share/ball_follower_bringup//models/nist_maze_wall_120/materials/textures
-- Up-to-date: /home/zero/ball_follower/install/ball_follower_bringup/share/ball_follower_bringup//models/nist_maze_wall_120/materials/textures/plywood256x256.png
-- Up-to-date: /home/zero/ball_follower/install/ball_follower_bringup/share/ball_follower_bringup//models/dining_table
-- Up-to-date: /home/zero/ball_follower/install/ball_follower_bringup/share/ball_follower_bringup//models/dining_table/model.sdf
-- Up-to-date: /home/zero/ball_follower/install/ball_follower_bringup/share/ball_follower_bringup//models/dining_table/thumbnails
-- Up-to-date: /home/zero/ball_follower/install/ball_follower_bringup/share/ball_follower_bringup//models/dining_table/thumbnails/DiningTable.png
-- Up-to-date: /home/zero/ball_follower/install/ball_follower_bringup/share/ball_follower_bringup//models/dining_table/model.config
-- Up-to-date: /home/zero/ball_follower/install/ball_follower_bringup/share/ball_follower_bringup//models/dining_table/meshes
-- Up-to-date: /home/zero/ball_follower/install/ball_follower_bringup/share/ball_follower_bringup//models/dining_table/meshes/diningtable.dae
-- Up-to-date: /home/zero/ball_follower/install/ball_follower_bringup/share/ball_follower_bringup//models/dining_table/materials
-- Up-to-date: /home/zero/ball_follower/install/ball_follower_bringup/share/ball_follower_bringup//models/dining_table/materials/textures
-- Up-to-date: /home/zero/ball_follower/install/ball_follower_bringup/share/ball_follower_bringup//models/dining_table/materials/textures/Wood_Normal.png
-- Up-to-date: /home/zero/ball_follower/install/ball_follower_bringup/share/ball_follower_bringup//models/dining_table/materials/textures/Wood_Albedo.png
-- Up-to-date: /home/zero/ball_follower/install/ball_follower_bringup/share/ball_follower_bringup//models/dining_table/materials/textures/Wood_Roughness.png
-- Up-to-date: /home/zero/ball_follower/install/ball_follower_bringup/share/ament_index/resource_index/package_run_dependencies/ball_follower_bringup
-- Up-to-date: /home/zero/ball_follower/install/ball_follower_bringup/share/ament_index/resource_index/parent_prefix_path/ball_follower_bringup
-- Up-to-date: /home/zero/ball_follower/install/ball_follower_bringup/share/ball_follower_bringup/environment/ament_prefix_path.sh
-- Up-to-date: /home/zero/ball_follower/install/ball_follower_bringup/share/ball_follower_bringup/environment/ament_prefix_path.dsv
-- Up-to-date: /home/zero/ball_follower/install/ball_follower_bringup/share/ball_follower_bringup/environment/path.sh
-- Up-to-date: /home/zero/ball_follower/install/ball_follower_bringup/share/ball_follower_bringup/environment/path.dsv
-- Up-to-date: /home/zero/ball_follower/install/ball_follower_bringup/share/ball_follower_bringup/local_setup.bash
-- Up-to-date: /home/zero/ball_follower/install/ball_follower_bringup/share/ball_follower_bringup/local_setup.sh
-- Up-to-date: /home/zero/ball_follower/install/ball_follower_bringup/share/ball_follower_bringup/local_setup.zsh
-- Up-to-date: /home/zero/ball_follower/install/ball_follower_bringup/share/ball_follower_bringup/local_setup.dsv
-- Installing: /home/zero/ball_follower/install/ball_follower_bringup/share/ball_follower_bringup/package.dsv
-- Up-to-date: /home/zero/ball_follower/install/ball_follower_bringup/share/ament_index/resource_index/packages/ball_follower_bringup
-- Up-to-date: /home/zero/ball_follower/install/ball_follower_bringup/share/ball_follower_bringup/cmake/ball_follower_bringupConfig.cmake
-- Up-to-date: /home/zero/ball_follower/install/ball_follower_bringup/share/ball_follower_bringup/cmake/ball_follower_bringupConfig-version.cmake
-- Up-to-date: /home/zero/ball_follower/install/ball_follower_bringup/share/ball_follower_bringup/package.xml
