[0.015s] Invoking command in '/home/zero/ball_follower/build/ball_follower_description': CMAKE_PREFIX_PATH=${CMAKE_PREFIX_PATH}:/home/zero/ball_follower/install/sanad_interface_pkg:/home/zero/sanad_ws/install/sanad_voice_control:/home/zero/sanad_ws/install/sanad_room_manager:/home/zero/sanad_ws/install/sanad_perception:/home/zero/sanad_ws/install/sanad_interface_pkg:/home/zero/ros2_ws/install/camera_vision_service:/home/zero/grid_fleet_ws/install/fleet_sim:/home/zero/bumperbot_ws/install/sanad_controller:/home/zero/bumperbot_ws/install/bumperbot_py_examples:/opt/ros/humble /usr/bin/cmake /home/zero/ball_follower/src/ball_follower_description -DCMAKE_INSTALL_PREFIX=/home/zero/ball_follower/install/ball_follower_description
[0.058s] -- The C compiler identification is GNU 11.4.0
[0.101s] -- The CXX compiler identification is GNU 11.4.0
[0.106s] -- Detecting C compiler ABI info
[0.161s] -- Detecting C compiler ABI info - done
[0.167s] -- Check for working C compiler: /usr/bin/cc - skipped
[0.167s] -- Detecting C compile features
[0.167s] -- Detecting C compile features - done
[0.169s] -- Detecting CXX compiler ABI info
[0.233s] -- Detecting CXX compiler ABI info - done
[0.238s] -- Check for working CXX compiler: /usr/bin/c++ - skipped
[0.238s] -- Detecting CXX compile features
[0.238s] -- Detecting CXX compile features - done
[0.242s] -- Found ament_cmake: 1.3.14 (/opt/ros/humble/share/ament_cmake/cmake)
[0.398s] -- Found Python3: /usr/bin/python3 (found version "3.10.12") found components: Interpreter 
[0.593s] -- Configuring done
[0.594s] -- Generating done
[0.595s] -- Build files have been written to: /home/zero/ball_follower/build/ball_follower_description
[0.599s] Invoked command in '/home/zero/ball_follower/build/ball_follower_description' returned '0': CMAKE_PREFIX_PATH=${CMAKE_PREFIX_PATH}:/home/zero/ball_follower/install/sanad_interface_pkg:/home/zero/sanad_ws/install/sanad_voice_control:/home/zero/sanad_ws/install/sanad_room_manager:/home/zero/sanad_ws/install/sanad_perception:/home/zero/sanad_ws/install/sanad_interface_pkg:/home/zero/ros2_ws/install/camera_vision_service:/home/zero/grid_fleet_ws/install/fleet_sim:/home/zero/bumperbot_ws/install/sanad_controller:/home/zero/bumperbot_ws/install/bumperbot_py_examples:/opt/ros/humble /usr/bin/cmake /home/zero/ball_follower/src/ball_follower_description -DCMAKE_INSTALL_PREFIX=/home/zero/ball_follower/install/ball_follower_description
[0.600s] Invoking command in '/home/zero/ball_follower/build/ball_follower_description': CMAKE_PREFIX_PATH=${CMAKE_PREFIX_PATH}:/home/zero/ball_follower/install/sanad_interface_pkg:/home/zero/sanad_ws/install/sanad_voice_control:/home/zero/sanad_ws/install/sanad_room_manager:/home/zero/sanad_ws/install/sanad_perception:/home/zero/sanad_ws/install/sanad_interface_pkg:/home/zero/ros2_ws/install/camera_vision_service:/home/zero/grid_fleet_ws/install/fleet_sim:/home/zero/bumperbot_ws/install/sanad_controller:/home/zero/bumperbot_ws/install/bumperbot_py_examples:/opt/ros/humble /usr/bin/cmake --build /home/zero/ball_follower/build/ball_follower_description -- -j12 -l12
[0.632s] Invoked command in '/home/zero/ball_follower/build/ball_follower_description' returned '0': CMAKE_PREFIX_PATH=${CMAKE_PREFIX_PATH}:/home/zero/ball_follower/install/sanad_interface_pkg:/home/zero/sanad_ws/install/sanad_voice_control:/home/zero/sanad_ws/install/sanad_room_manager:/home/zero/sanad_ws/install/sanad_perception:/home/zero/sanad_ws/install/sanad_interface_pkg:/home/zero/ros2_ws/install/camera_vision_service:/home/zero/grid_fleet_ws/install/fleet_sim:/home/zero/bumperbot_ws/install/sanad_controller:/home/zero/bumperbot_ws/install/bumperbot_py_examples:/opt/ros/humble /usr/bin/cmake --build /home/zero/ball_follower/build/ball_follower_description -- -j12 -l12
[0.640s] Invoking command in '/home/zero/ball_follower/build/ball_follower_description': CMAKE_PREFIX_PATH=${CMAKE_PREFIX_PATH}:/home/zero/ball_follower/install/sanad_interface_pkg:/home/zero/sanad_ws/install/sanad_voice_control:/home/zero/sanad_ws/install/sanad_room_manager:/home/zero/sanad_ws/install/sanad_perception:/home/zero/sanad_ws/install/sanad_interface_pkg:/home/zero/ros2_ws/install/camera_vision_service:/home/zero/grid_fleet_ws/install/fleet_sim:/home/zero/bumperbot_ws/install/sanad_controller:/home/zero/bumperbot_ws/install/bumperbot_py_examples:/opt/ros/humble /usr/bin/cmake --install /home/zero/ball_follower/build/ball_follower_description
[0.646s] -- Install configuration: ""
[0.646s] -- Installing: /home/zero/ball_follower/install/ball_follower_description/share/ball_follower_description//urdf
[0.646s] -- Installing: /home/zero/ball_follower/install/ball_follower_description/share/ball_follower_description//urdf/ball_follower.urdf.xacro
[0.646s] -- Installing: /home/zero/ball_follower/install/ball_follower_description/share/ball_follower_description//urdf/mobile_base_gazebo.xacro
[0.646s] -- Installing: /home/zero/ball_follower/install/ball_follower_description/share/ball_follower_description//urdf/mobile_base.xacro
[0.647s] -- Installing: /home/zero/ball_follower/install/ball_follower_description/share/ball_follower_description//urdf/camera.xacro
[0.647s] -- Installing: /home/zero/ball_follower/install/ball_follower_description/share/ball_follower_description//urdf/common_properties.xacro
[0.647s] -- Installing: /home/zero/ball_follower/install/ball_follower_description/share/ball_follower_description//launch
[0.647s] -- Installing: /home/zero/ball_follower/install/ball_follower_description/share/ball_follower_description//launch/display.launch.xml
[0.647s] -- Installing: /home/zero/ball_follower/install/ball_follower_description/share/ball_follower_description//rviz
[0.647s] -- Installing: /home/zero/ball_follower/install/ball_follower_description/share/ball_follower_description//rviz/config.rviz
[0.647s] -- Installing: /home/zero/ball_follower/install/ball_follower_description/share/ament_index/resource_index/package_run_dependencies/ball_follower_description
[0.647s] -- Installing: /home/zero/ball_follower/install/ball_follower_description/share/ament_index/resource_index/parent_prefix_path/ball_follower_description
[0.647s] -- Installing: /home/zero/ball_follower/install/ball_follower_description/share/ball_follower_description/environment/ament_prefix_path.sh
[0.647s] -- Installing: /home/zero/ball_follower/install/ball_follower_description/share/ball_follower_description/environment/ament_prefix_path.dsv
[0.647s] -- Installing: /home/zero/ball_follower/install/ball_follower_description/share/ball_follower_description/environment/path.sh
[0.647s] -- Installing: /home/zero/ball_follower/install/ball_follower_description/share/ball_follower_description/environment/path.dsv
[0.647s] -- Installing: /home/zero/ball_follower/install/ball_follower_description/share/ball_follower_description/local_setup.bash
[0.647s] -- Installing: /home/zero/ball_follower/install/ball_follower_description/share/ball_follower_description/local_setup.sh
[0.647s] -- Installing: /home/zero/ball_follower/install/ball_follower_description/share/ball_follower_description/local_setup.zsh
[0.647s] -- Installing: /home/zero/ball_follower/install/ball_follower_description/share/ball_follower_description/local_setup.dsv
[0.647s] -- Installing: /home/zero/ball_follower/install/ball_follower_description/share/ball_follower_description/package.dsv
[0.647s] -- Installing: /home/zero/ball_follower/install/ball_follower_description/share/ament_index/resource_index/packages/ball_follower_description
[0.647s] -- Installing: /home/zero/ball_follower/install/ball_follower_description/share/ball_follower_description/cmake/ball_follower_descriptionConfig.cmake
[0.648s] -- Installing: /home/zero/ball_follower/install/ball_follower_description/share/ball_follower_description/cmake/ball_follower_descriptionConfig-version.cmake
[0.648s] -- Installing: /home/zero/ball_follower/install/ball_follower_description/share/ball_follower_description/package.xml
[0.649s] Invoked command in '/home/zero/ball_follower/build/ball_follower_description' returned '0': CMAKE_PREFIX_PATH=${CMAKE_PREFIX_PATH}:/home/zero/ball_follower/install/sanad_interface_pkg:/home/zero/sanad_ws/install/sanad_voice_control:/home/zero/sanad_ws/install/sanad_room_manager:/home/zero/sanad_ws/install/sanad_perception:/home/zero/sanad_ws/install/sanad_interface_pkg:/home/zero/ros2_ws/install/camera_vision_service:/home/zero/grid_fleet_ws/install/fleet_sim:/home/zero/bumperbot_ws/install/sanad_controller:/home/zero/bumperbot_ws/install/bumperbot_py_examples:/opt/ros/humble /usr/bin/cmake --install /home/zero/ball_follower/build/ball_follower_description
