[0.020s] Invoking command in '/home/zero/ball_follower/build/ball_follower_description': CMAKE_PREFIX_PATH=${CMAKE_PREFIX_PATH}:/home/zero/ball_follower/install/ball_follower_interface_pkg:/home/zero/sanad_ws/install/sanad_voice_control:/home/zero/sanad_ws/install/sanad_room_manager:/home/zero/sanad_ws/install/sanad_perception:/home/zero/sanad_ws/install/sanad_interface_pkg:/home/zero/ros2_ws/install/camera_vision_service:/home/zero/grid_fleet_ws/install/fleet_sim:/home/zero/bumperbot_ws/install/sanad_controller:/home/zero/bumperbot_ws/install/bumperbot_py_examples:/opt/ros/humble /usr/bin/cmake --build /home/zero/ball_follower/build/ball_follower_description -- -j12 -l12
[0.325s] Invoked command in '/home/zero/ball_follower/build/ball_follower_description' returned '0': CMAKE_PREFIX_PATH=${CMAKE_PREFIX_PATH}:/home/zero/ball_follower/install/ball_follower_interface_pkg:/home/zero/sanad_ws/install/sanad_voice_control:/home/zero/sanad_ws/install/sanad_room_manager:/home/zero/sanad_ws/install/sanad_perception:/home/zero/sanad_ws/install/sanad_interface_pkg:/home/zero/ros2_ws/install/camera_vision_service:/home/zero/grid_fleet_ws/install/fleet_sim:/home/zero/bumperbot_ws/install/sanad_controller:/home/zero/bumperbot_ws/install/bumperbot_py_examples:/opt/ros/humble /usr/bin/cmake --build /home/zero/ball_follower/build/ball_follower_description -- -j12 -l12
[0.335s] Invoking command in '/home/zero/ball_follower/build/ball_follower_description': CMAKE_PREFIX_PATH=${CMAKE_PREFIX_PATH}:/home/zero/ball_follower/install/ball_follower_interface_pkg:/home/zero/sanad_ws/install/sanad_voice_control:/home/zero/sanad_ws/install/sanad_room_manager:/home/zero/sanad_ws/install/sanad_perception:/home/zero/sanad_ws/install/sanad_interface_pkg:/home/zero/ros2_ws/install/camera_vision_service:/home/zero/grid_fleet_ws/install/fleet_sim:/home/zero/bumperbot_ws/install/sanad_controller:/home/zero/bumperbot_ws/install/bumperbot_py_examples:/opt/ros/humble /usr/bin/cmake --install /home/zero/ball_follower/build/ball_follower_description
[0.343s] -- Install configuration: ""
[0.343s] -- Execute custom install script
[0.343s] -- Up-to-date symlink: /home/zero/ball_follower/install/ball_follower_description/share/ball_follower_description//urdf/ball_follower.urdf.xacro
[0.343s] -- Up-to-date symlink: /home/zero/ball_follower/install/ball_follower_description/share/ball_follower_description//urdf/camera.xacro
[0.343s] -- Up-to-date symlink: /home/zero/ball_follower/install/ball_follower_description/share/ball_follower_description//urdf/common_properties.xacro
[0.343s] -- Up-to-date symlink: /home/zero/ball_follower/install/ball_follower_description/share/ball_follower_description//urdf/mobile_base.xacro
[0.344s] -- Up-to-date symlink: /home/zero/ball_follower/install/ball_follower_description/share/ball_follower_description//urdf/mobile_base_gazebo.xacro
[0.344s] -- Up-to-date symlink: /home/zero/ball_follower/install/ball_follower_description/share/ball_follower_description//launch/display.launch.py
[0.344s] -- Up-to-date symlink: /home/zero/ball_follower/install/ball_follower_description/share/ball_follower_description//rviz/config.rviz
[0.344s] -- Up-to-date symlink: /home/zero/ball_follower/install/ball_follower_description/share/ament_index/resource_index/package_run_dependencies/ball_follower_description
[0.344s] -- Up-to-date symlink: /home/zero/ball_follower/install/ball_follower_description/share/ament_index/resource_index/parent_prefix_path/ball_follower_description
[0.344s] -- Up-to-date symlink: /home/zero/ball_follower/install/ball_follower_description/share/ball_follower_description/environment/ament_prefix_path.sh
[0.344s] -- Up-to-date symlink: /home/zero/ball_follower/install/ball_follower_description/share/ball_follower_description/environment/ament_prefix_path.dsv
[0.345s] -- Up-to-date symlink: /home/zero/ball_follower/install/ball_follower_description/share/ball_follower_description/environment/path.sh
[0.345s] -- Up-to-date symlink: /home/zero/ball_follower/install/ball_follower_description/share/ball_follower_description/environment/path.dsv
[0.345s] -- Up-to-date symlink: /home/zero/ball_follower/install/ball_follower_description/share/ball_follower_description/local_setup.bash
[0.345s] -- Up-to-date symlink: /home/zero/ball_follower/install/ball_follower_description/share/ball_follower_description/local_setup.sh
[0.345s] -- Up-to-date symlink: /home/zero/ball_follower/install/ball_follower_description/share/ball_follower_description/local_setup.zsh
[0.345s] -- Up-to-date symlink: /home/zero/ball_follower/install/ball_follower_description/share/ball_follower_description/local_setup.dsv
[0.345s] -- Symlinking: /home/zero/ball_follower/install/ball_follower_description/share/ball_follower_description/package.dsv
[0.355s] -- Up-to-date symlink: /home/zero/ball_follower/install/ball_follower_description/share/ament_index/resource_index/packages/ball_follower_description
[0.355s] -- Up-to-date symlink: /home/zero/ball_follower/install/ball_follower_description/share/ball_follower_description/cmake/ball_follower_descriptionConfig.cmake
[0.355s] -- Up-to-date symlink: /home/zero/ball_follower/install/ball_follower_description/share/ball_follower_description/cmake/ball_follower_descriptionConfig-version.cmake
[0.355s] -- Up-to-date symlink: /home/zero/ball_follower/install/ball_follower_description/share/ball_follower_description/package.xml
[0.358s] Invoked command in '/home/zero/ball_follower/build/ball_follower_description' returned '0': CMAKE_PREFIX_PATH=${CMAKE_PREFIX_PATH}:/home/zero/ball_follower/install/ball_follower_interface_pkg:/home/zero/sanad_ws/install/sanad_voice_control:/home/zero/sanad_ws/install/sanad_room_manager:/home/zero/sanad_ws/install/sanad_perception:/home/zero/sanad_ws/install/sanad_interface_pkg:/home/zero/ros2_ws/install/camera_vision_service:/home/zero/grid_fleet_ws/install/fleet_sim:/home/zero/bumperbot_ws/install/sanad_controller:/home/zero/bumperbot_ws/install/bumperbot_py_examples:/opt/ros/humble /usr/bin/cmake --install /home/zero/ball_follower/build/ball_follower_description
