[0.020s] Invoking command in '/home/zero/ball_follower/build/ball_follower_description': CMAKE_PREFIX_PATH=${CMAKE_PREFIX_PATH}:/home/zero/ball_follower/install/ball_follower_interface_pkg:/home/zero/sanad_ws/install/sanad_voice_control:/home/zero/sanad_ws/install/sanad_room_manager:/home/zero/sanad_ws/install/sanad_perception:/home/zero/sanad_ws/install/sanad_interface_pkg:/home/zero/ros2_ws/install/camera_vision_service:/home/zero/grid_fleet_ws/install/fleet_sim:/home/zero/bumperbot_ws/install/sanad_controller:/home/zero/bumperbot_ws/install/bumperbot_py_examples:/opt/ros/humble /usr/bin/cmake /home/zero/ball_follower/src/ball_follower_description -DCMAKE_INSTALL_PREFIX=/home/zero/ball_follower/install/ball_follower_description
[0.033s] -- Found ament_cmake: 1.3.14 (/opt/ros/humble/share/ament_cmake/cmake)
[0.170s] -- Override CMake install command with custom implementation using symlinks instead of copying resources
[0.288s] -- Configuring done
[0.290s] -- Generating done
[0.291s] -- Build files have been written to: /home/zero/ball_follower/build/ball_follower_description
[0.350s] Invoked command in '/home/zero/ball_follower/build/ball_follower_description' returned '0': CMAKE_PREFIX_PATH=${CMAKE_PREFIX_PATH}:/home/zero/ball_follower/install/ball_follower_interface_pkg:/home/zero/sanad_ws/install/sanad_voice_control:/home/zero/sanad_ws/install/sanad_room_manager:/home/zero/sanad_ws/install/sanad_perception:/home/zero/sanad_ws/install/sanad_interface_pkg:/home/zero/ros2_ws/install/camera_vision_service:/home/zero/grid_fleet_ws/install/fleet_sim:/home/zero/bumperbot_ws/install/sanad_controller:/home/zero/bumperbot_ws/install/bumperbot_py_examples:/opt/ros/humble /usr/bin/cmake /home/zero/ball_follower/src/ball_follower_description -DCMAKE_INSTALL_PREFIX=/home/zero/ball_follower/install/ball_follower_description
[0.351s] Invoking command in '/home/zero/ball_follower/build/ball_follower_description': CMAKE_PREFIX_PATH=${CMAKE_PREFIX_PATH}:/home/zero/ball_follower/install/ball_follower_interface_pkg:/home/zero/sanad_ws/install/sanad_voice_control:/home/zero/sanad_ws/install/sanad_room_manager:/home/zero/sanad_ws/install/sanad_perception:/home/zero/sanad_ws/install/sanad_interface_pkg:/home/zero/ros2_ws/install/camera_vision_service:/home/zero/grid_fleet_ws/install/fleet_sim:/home/zero/bumperbot_ws/install/sanad_controller:/home/zero/bumperbot_ws/install/bumperbot_py_examples:/opt/ros/humble /usr/bin/cmake --build /home/zero/ball_follower/build/ball_follower_description -- -j12 -l12
[0.394s] Invoked command in '/home/zero/ball_follower/build/ball_follower_description' returned '0': CMAKE_PREFIX_PATH=${CMAKE_PREFIX_PATH}:/home/zero/ball_follower/install/ball_follower_interface_pkg:/home/zero/sanad_ws/install/sanad_voice_control:/home/zero/sanad_ws/install/sanad_room_manager:/home/zero/sanad_ws/install/sanad_perception:/home/zero/sanad_ws/install/sanad_interface_pkg:/home/zero/ros2_ws/install/camera_vision_service:/home/zero/grid_fleet_ws/install/fleet_sim:/home/zero/bumperbot_ws/install/sanad_controller:/home/zero/bumperbot_ws/install/bumperbot_py_examples:/opt/ros/humble /usr/bin/cmake --build /home/zero/ball_follower/build/ball_follower_description -- -j12 -l12
[0.404s] Invoking command in '/home/zero/ball_follower/build/ball_follower_description': CMAKE_PREFIX_PATH=${CMAKE_PREFIX_PATH}:/home/zero/ball_follower/install/ball_follower_interface_pkg:/home/zero/sanad_ws/install/sanad_voice_control:/home/zero/sanad_ws/install/sanad_room_manager:/home/zero/sanad_ws/install/sanad_perception:/home/zero/sanad_ws/install/sanad_interface_pkg:/home/zero/ros2_ws/install/camera_vision_service:/home/zero/grid_fleet_ws/install/fleet_sim:/home/zero/bumperbot_ws/install/sanad_controller:/home/zero/bumperbot_ws/install/bumperbot_py_examples:/opt/ros/humble /usr/bin/cmake --install /home/zero/ball_follower/build/ball_follower_description
[0.411s] -- Install configuration: ""
[0.412s] -- Execute custom install script
[0.412s] -- Up-to-date symlink: /home/zero/ball_follower/install/ball_follower_description/share/ball_follower_description//urdf/ball_follower.urdf.xacro
[0.412s] -- Up-to-date symlink: /home/zero/ball_follower/install/ball_follower_description/share/ball_follower_description//urdf/camera.xacro
[0.412s] -- Up-to-date symlink: /home/zero/ball_follower/install/ball_follower_description/share/ball_follower_description//urdf/common_properties.xacro
[0.412s] -- Up-to-date symlink: /home/zero/ball_follower/install/ball_follower_description/share/ball_follower_description//urdf/mobile_base.xacro
[0.412s] -- Up-to-date symlink: /home/zero/ball_follower/install/ball_follower_description/share/ball_follower_description//urdf/mobile_base_gazebo.xacro
[0.412s] -- Up-to-date symlink: /home/zero/ball_follower/install/ball_follower_description/share/ball_follower_description//launch/display.launch.py
[0.412s] -- Up-to-date symlink: /home/zero/ball_follower/install/ball_follower_description/share/ball_follower_description//rviz/config.rviz
[0.413s] -- Up-to-date symlink: /home/zero/ball_follower/install/ball_follower_description/share/ament_index/resource_index/package_run_dependencies/ball_follower_description
[0.413s] -- Up-to-date symlink: /home/zero/ball_follower/install/ball_follower_description/share/ament_index/resource_index/parent_prefix_path/ball_follower_description
[0.413s] -- Up-to-date symlink: /home/zero/ball_follower/install/ball_follower_description/share/ball_follower_description/environment/ament_prefix_path.sh
[0.413s] -- Up-to-date symlink: /home/zero/ball_follower/install/ball_follower_description/share/ball_follower_description/environment/ament_prefix_path.dsv
[0.413s] -- Up-to-date symlink: /home/zero/ball_follower/install/ball_follower_description/share/ball_follower_description/environment/path.sh
[0.413s] -- Up-to-date symlink: /home/zero/ball_follower/install/ball_follower_description/share/ball_follower_description/environment/path.dsv
[0.413s] -- Up-to-date symlink: /home/zero/ball_follower/install/ball_follower_description/share/ball_follower_description/local_setup.bash
[0.413s] -- Up-to-date symlink: /home/zero/ball_follower/install/ball_follower_description/share/ball_follower_description/local_setup.sh
[0.413s] -- Up-to-date symlink: /home/zero/ball_follower/install/ball_follower_description/share/ball_follower_description/local_setup.zsh
[0.414s] -- Up-to-date symlink: /home/zero/ball_follower/install/ball_follower_description/share/ball_follower_description/local_setup.dsv
[0.414s] -- Symlinking: /home/zero/ball_follower/install/ball_follower_description/share/ball_follower_description/package.dsv
[0.426s] -- Up-to-date symlink: /home/zero/ball_follower/install/ball_follower_description/share/ament_index/resource_index/packages/ball_follower_description
[0.426s] -- Up-to-date symlink: /home/zero/ball_follower/install/ball_follower_description/share/ball_follower_description/cmake/ball_follower_descriptionConfig.cmake
[0.427s] -- Up-to-date symlink: /home/zero/ball_follower/install/ball_follower_description/share/ball_follower_description/cmake/ball_follower_descriptionConfig-version.cmake
[0.427s] -- Up-to-date symlink: /home/zero/ball_follower/install/ball_follower_description/share/ball_follower_description/package.xml
[0.429s] Invoked command in '/home/zero/ball_follower/build/ball_follower_description' returned '0': CMAKE_PREFIX_PATH=${CMAKE_PREFIX_PATH}:/home/zero/ball_follower/install/ball_follower_interface_pkg:/home/zero/sanad_ws/install/sanad_voice_control:/home/zero/sanad_ws/install/sanad_room_manager:/home/zero/sanad_ws/install/sanad_perception:/home/zero/sanad_ws/install/sanad_interface_pkg:/home/zero/ros2_ws/install/camera_vision_service:/home/zero/grid_fleet_ws/install/fleet_sim:/home/zero/bumperbot_ws/install/sanad_controller:/home/zero/bumperbot_ws/install/bumperbot_py_examples:/opt/ros/humble /usr/bin/cmake --install /home/zero/ball_follower/build/ball_follower_description
