-- Found ament_cmake: 1.3.14 (/opt/ros/humble/share/ament_cmake/cmake)
-- Override CMake install command with custom implementation using symlinks instead of copying resources
-- Configuring done
-- Generating done
-- Build files have been written to: /home/zero/ball_follower/build/ball_follower_description
-- Install configuration: ""
-- Execute custom install script
-- Symlinking: /home/zero/ball_follower/install/ball_follower_description/share/ball_follower_description//urdf/ball_follower.urdf.xacro
-- Symlinking: /home/zero/ball_follower/install/ball_follower_description/share/ball_follower_description//urdf/camera.xacro
-- Symlinking: /home/zero/ball_follower/install/ball_follower_description/share/ball_follower_description//urdf/common_properties.xacro
-- Symlinking: /home/zero/ball_follower/install/ball_follower_description/share/ball_follower_description//urdf/mobile_base.xacro
-- Symlinking: /home/zero/ball_follower/install/ball_follower_description/share/ball_follower_description//urdf/mobile_base_gazebo.xacro
-- Symlinking: /home/zero/ball_follower/install/ball_follower_description/share/ball_follower_description//launch/display.launch.py
-- Symlinking: /home/zero/ball_follower/install/ball_follower_description/share/ball_follower_description//rviz/config.rviz
-- Symlinking: /home/zero/ball_follower/install/ball_follower_description/share/ament_index/resource_index/package_run_dependencies/ball_follower_description
-- Symlinking: /home/zero/ball_follower/install/ball_follower_description/share/ament_index/resource_index/parent_prefix_path/ball_follower_description
-- Symlinking: /home/zero/ball_follower/install/ball_follower_description/share/ball_follower_description/environment/ament_prefix_path.sh
-- Symlinking: /home/zero/ball_follower/install/ball_follower_description/share/ball_follower_description/environment/ament_prefix_path.dsv
-- Symlinking: /home/zero/ball_follower/install/ball_follower_description/share/ball_follower_description/environment/path.sh
-- Symlinking: /home/zero/ball_follower/install/ball_follower_description/share/ball_follower_description/environment/path.dsv
-- Symlinking: /home/zero/ball_follower/install/ball_follower_description/share/ball_follower_description/local_setup.bash
-- Symlinking: /home/zero/ball_follower/install/ball_follower_description/share/ball_follower_description/local_setup.sh
-- Symlinking: /home/zero/ball_follower/install/ball_follower_description/share/ball_follower_description/local_setup.zsh
-- Symlinking: /home/zero/ball_follower/install/ball_follower_description/share/ball_follower_description/local_setup.dsv
-- Symlinking: /home/zero/ball_follower/install/ball_follower_description/share/ball_follower_description/package.dsv
-- Symlinking: /home/zero/ball_follower/install/ball_follower_description/share/ament_index/resource_index/packages/ball_follower_description
-- Symlinking: /home/zero/ball_follower/install/ball_follower_description/share/ball_follower_description/cmake/ball_follower_descriptionConfig.cmake
-- Symlinking: /home/zero/ball_follower/install/ball_follower_description/share/ball_follower_description/cmake/ball_follower_descriptionConfig-version.cmake
-- Symlinking: /home/zero/ball_follower/install/ball_follower_description/share/ball_follower_description/package.xml
