[0.938s] Invoking command in '/home/zero/ball_follower/src/ball_follower_interface_pkg': PYTHONPATH=/home/zero/ball_follower/build/ball_follower_interface_pkg/prefix_override:/usr/lib/python3/dist-packages/colcon_core/task/python/colcon_distutils_commands:/home/zero/ball_follower/install/ball_follower_interface_pkg/lib/python3.10/site-packages:${PYTHONPATH} /usr/bin/python3 -W ignore:setup.py install is deprecated -W ignore:easy_install command is deprecated setup.py egg_info --egg-base ../../build/ball_follower_interface_pkg build --build-base /home/zero/ball_follower/build/ball_follower_interface_pkg/build install --record /home/zero/ball_follower/build/ball_follower_interface_pkg/install.log --single-version-externally-managed install_data
[1.306s] running egg_info
[1.306s] writing ../../build/ball_follower_interface_pkg/ball_follower_interface_pkg.egg-info/PKG-INFO
[1.307s] writing dependency_links to ../../build/ball_follower_interface_pkg/ball_follower_interface_pkg.egg-info/dependency_links.txt
[1.307s] writing entry points to ../../build/ball_follower_interface_pkg/ball_follower_interface_pkg.egg-info/entry_points.txt
[1.307s] writing requirements to ../../build/ball_follower_interface_pkg/ball_follower_interface_pkg.egg-info/requires.txt
[1.307s] writing top-level names to ../../build/ball_follower_interface_pkg/ball_follower_interface_pkg.egg-info/top_level.txt
[1.309s] reading manifest file '../../build/ball_follower_interface_pkg/ball_follower_interface_pkg.egg-info/SOURCES.txt'
[1.310s] writing manifest file '../../build/ball_follower_interface_pkg/ball_follower_interface_pkg.egg-info/SOURCES.txt'
[1.310s] running build
[1.310s] running build_py
[1.310s] copying ball_follower_interface_pkg/green_ball_follower.py -> /home/zero/ball_follower/build/ball_follower_interface_pkg/build/lib/ball_follower_interface_pkg
[1.310s] running install
[1.311s] running install_lib
[1.312s] copying /home/zero/ball_follower/build/ball_follower_interface_pkg/build/lib/ball_follower_interface_pkg/green_ball_follower.py -> /home/zero/ball_follower/install/ball_follower_interface_pkg/lib/python3.10/site-packages/ball_follower_interface_pkg
[1.312s] byte-compiling /home/zero/ball_follower/install/ball_follower_interface_pkg/lib/python3.10/site-packages/ball_follower_interface_pkg/green_ball_follower.py to green_ball_follower.cpython-310.pyc
[1.313s] running install_data
[1.314s] running install_egg_info
[1.316s] removing '/home/zero/ball_follower/install/ball_follower_interface_pkg/lib/python3.10/site-packages/ball_follower_interface_pkg-0.0.0-py3.10.egg-info' (and everything under it)
[1.316s] Copying ../../build/ball_follower_interface_pkg/ball_follower_interface_pkg.egg-info to /home/zero/ball_follower/install/ball_follower_interface_pkg/lib/python3.10/site-packages/ball_follower_interface_pkg-0.0.0-py3.10.egg-info
[1.317s] running install_scripts
[1.347s] Installing green_ball_follower script to /home/zero/ball_follower/install/ball_follower_interface_pkg/lib/ball_follower_interface_pkg
[1.348s] writing list of installed files to '/home/zero/ball_follower/build/ball_follower_interface_pkg/install.log'
[1.379s] Invoked command in '/home/zero/ball_follower/src/ball_follower_interface_pkg' returned '0': PYTHONPATH=/home/zero/ball_follower/build/ball_follower_interface_pkg/prefix_override:/usr/lib/python3/dist-packages/colcon_core/task/python/colcon_distutils_commands:/home/zero/ball_follower/install/ball_follower_interface_pkg/lib/python3.10/site-packages:${PYTHONPATH} /usr/bin/python3 -W ignore:setup.py install is deprecated -W ignore:easy_install command is deprecated setup.py egg_info --egg-base ../../build/ball_follower_interface_pkg build --build-base /home/zero/ball_follower/build/ball_follower_interface_pkg/build install --record /home/zero/ball_follower/build/ball_follower_interface_pkg/install.log --single-version-externally-managed install_data
