[0.602s] Invoking command in '/home/zero/ball_follower/src/ball_follower_interface_pkg': PYTHONPATH=/home/zero/ball_follower/build/ball_follower_interface_pkg/prefix_override:/usr/lib/python3/dist-packages/colcon_core/task/python/colcon_distutils_commands:/home/zero/ball_follower/install/ball_follower_interface_pkg/lib/python3.10/site-packages:${PYTHONPATH} /usr/bin/python3 -W ignore:setup.py install is deprecated -W ignore:easy_install command is deprecated setup.py egg_info --egg-base ../../build/ball_follower_interface_pkg build --build-base /home/zero/ball_follower/build/ball_follower_interface_pkg/build install --record /home/zero/ball_follower/build/ball_follower_interface_pkg/install.log --single-version-externally-managed install_data
[0.831s] running egg_info
[0.831s] creating ../../build/ball_follower_interface_pkg/ball_follower_interface_pkg.egg-info
[0.831s] writing ../../build/ball_follower_interface_pkg/ball_follower_interface_pkg.egg-info/PKG-INFO
[0.832s] writing dependency_links to ../../build/ball_follower_interface_pkg/ball_follower_interface_pkg.egg-info/dependency_links.txt
[0.832s] writing entry points to ../../build/ball_follower_interface_pkg/ball_follower_interface_pkg.egg-info/entry_points.txt
[0.832s] writing requirements to ../../build/ball_follower_interface_pkg/ball_follower_interface_pkg.egg-info/requires.txt
[0.832s] writing top-level names to ../../build/ball_follower_interface_pkg/ball_follower_interface_pkg.egg-info/top_level.txt
[0.832s] writing manifest file '../../build/ball_follower_interface_pkg/ball_follower_interface_pkg.egg-info/SOURCES.txt'
[0.834s] reading manifest file '../../build/ball_follower_interface_pkg/ball_follower_interface_pkg.egg-info/SOURCES.txt'
[0.834s] writing manifest file '../../build/ball_follower_interface_pkg/ball_follower_interface_pkg.egg-info/SOURCES.txt'
[0.834s] running build
[0.835s] running build_py
[0.835s] creating /home/zero/ball_follower/build/ball_follower_interface_pkg/build
[0.835s] creating /home/zero/ball_follower/build/ball_follower_interface_pkg/build/lib
[0.835s] creating /home/zero/ball_follower/build/ball_follower_interface_pkg/build/lib/ball_follower_interface_pkg
[0.835s] copying ball_follower_interface_pkg/ps3_twist.py -> /home/zero/ball_follower/build/ball_follower_interface_pkg/build/lib/ball_follower_interface_pkg
[0.835s] copying ball_follower_interface_pkg/keyboard_twist.py -> /home/zero/ball_follower/build/ball_follower_interface_pkg/build/lib/ball_follower_interface_pkg
[0.835s] copying ball_follower_interface_pkg/__init__.py -> /home/zero/ball_follower/build/ball_follower_interface_pkg/build/lib/ball_follower_interface_pkg
[0.835s] copying ball_follower_interface_pkg/keyboard.py -> /home/zero/ball_follower/build/ball_follower_interface_pkg/build/lib/ball_follower_interface_pkg
[0.835s] copying ball_follower_interface_pkg/human_follower.py -> /home/zero/ball_follower/build/ball_follower_interface_pkg/build/lib/ball_follower_interface_pkg
[0.835s] running install
[0.835s] running install_lib
[0.836s] creating /home/zero/ball_follower/install/ball_follower_interface_pkg/lib/python3.10/site-packages/ball_follower_interface_pkg
[0.836s] copying /home/zero/ball_follower/build/ball_follower_interface_pkg/build/lib/ball_follower_interface_pkg/ps3_twist.py -> /home/zero/ball_follower/install/ball_follower_interface_pkg/lib/python3.10/site-packages/ball_follower_interface_pkg
[0.836s] copying /home/zero/ball_follower/build/ball_follower_interface_pkg/build/lib/ball_follower_interface_pkg/keyboard_twist.py -> /home/zero/ball_follower/install/ball_follower_interface_pkg/lib/python3.10/site-packages/ball_follower_interface_pkg
[0.836s] copying /home/zero/ball_follower/build/ball_follower_interface_pkg/build/lib/ball_follower_interface_pkg/__init__.py -> /home/zero/ball_follower/install/ball_follower_interface_pkg/lib/python3.10/site-packages/ball_follower_interface_pkg
[0.836s] copying /home/zero/ball_follower/build/ball_follower_interface_pkg/build/lib/ball_follower_interface_pkg/keyboard.py -> /home/zero/ball_follower/install/ball_follower_interface_pkg/lib/python3.10/site-packages/ball_follower_interface_pkg
[0.836s] copying /home/zero/ball_follower/build/ball_follower_interface_pkg/build/lib/ball_follower_interface_pkg/human_follower.py -> /home/zero/ball_follower/install/ball_follower_interface_pkg/lib/python3.10/site-packages/ball_follower_interface_pkg
[0.837s] byte-compiling /home/zero/ball_follower/install/ball_follower_interface_pkg/lib/python3.10/site-packages/ball_follower_interface_pkg/ps3_twist.py to ps3_twist.cpython-310.pyc
[0.837s] byte-compiling /home/zero/ball_follower/install/ball_follower_interface_pkg/lib/python3.10/site-packages/ball_follower_interface_pkg/keyboard_twist.py to keyboard_twist.cpython-310.pyc
[0.838s] byte-compiling /home/zero/ball_follower/install/ball_follower_interface_pkg/lib/python3.10/site-packages/ball_follower_interface_pkg/__init__.py to __init__.cpython-310.pyc
[0.838s] byte-compiling /home/zero/ball_follower/install/ball_follower_interface_pkg/lib/python3.10/site-packages/ball_follower_interface_pkg/keyboard.py to keyboard.cpython-310.pyc
[0.838s] byte-compiling /home/zero/ball_follower/install/ball_follower_interface_pkg/lib/python3.10/site-packages/ball_follower_interface_pkg/human_follower.py to human_follower.cpython-310.pyc
[0.839s] running install_data
[0.839s] creating /home/zero/ball_follower/install/ball_follower_interface_pkg/share/ament_index
[0.839s] creating /home/zero/ball_follower/install/ball_follower_interface_pkg/share/ament_index/resource_index
[0.839s] creating /home/zero/ball_follower/install/ball_follower_interface_pkg/share/ament_index/resource_index/packages
[0.839s] copying resource/ball_follower_interface_pkg -> /home/zero/ball_follower/install/ball_follower_interface_pkg/share/ament_index/resource_index/packages
[0.839s] copying package.xml -> /home/zero/ball_follower/install/ball_follower_interface_pkg/share/ball_follower_interface_pkg
[0.839s] running install_egg_info
[0.840s] Copying ../../build/ball_follower_interface_pkg/ball_follower_interface_pkg.egg-info to /home/zero/ball_follower/install/ball_follower_interface_pkg/lib/python3.10/site-packages/ball_follower_interface_pkg-0.0.0-py3.10.egg-info
[0.841s] running install_scripts
[0.857s] Installing human_follower script to /home/zero/ball_follower/install/ball_follower_interface_pkg/lib/ball_follower_interface_pkg
[0.857s] Installing keyboard script to /home/zero/ball_follower/install/ball_follower_interface_pkg/lib/ball_follower_interface_pkg
[0.857s] Installing keyboard_twist script to /home/zero/ball_follower/install/ball_follower_interface_pkg/lib/ball_follower_interface_pkg
[0.857s] Installing ps3_twist script to /home/zero/ball_follower/install/ball_follower_interface_pkg/lib/ball_follower_interface_pkg
[0.857s] writing list of installed files to '/home/zero/ball_follower/build/ball_follower_interface_pkg/install.log'
[0.878s] Invoked command in '/home/zero/ball_follower/src/ball_follower_interface_pkg' returned '0': PYTHONPATH=/home/zero/ball_follower/build/ball_follower_interface_pkg/prefix_override:/usr/lib/python3/dist-packages/colcon_core/task/python/colcon_distutils_commands:/home/zero/ball_follower/install/ball_follower_interface_pkg/lib/python3.10/site-packages:${PYTHONPATH} /usr/bin/python3 -W ignore:setup.py install is deprecated -W ignore:easy_install command is deprecated setup.py egg_info --egg-base ../../build/ball_follower_interface_pkg build --build-base /home/zero/ball_follower/build/ball_follower_interface_pkg/build install --record /home/zero/ball_follower/build/ball_follower_interface_pkg/install.log --single-version-externally-managed install_data
