[0.011s] Invoking command in '/home/zero/ball_follower/build/ball_follower_bringup': CMAKE_PREFIX_PATH=/home/zero/ball_follower/install/ball_follower_description:/home/zero/ball_follower/install/ball_follower_bringup:/home/zero/sanad_ws/install/sanad_bringup:/home/zero/sanad_ws/install/sanad_navigation:/home/zero/sanad_ws/install/sanad_planning:/home/zero/sanad_ws/install/sanad_mapping:/home/zero/sanad_ws/install/sanad_localization:/home/zero/sanad_ws/install/sanad_interfaces:/home/zero/sanad_ws/install/sanad_firmware:/home/zero/sanad_ws/install/sanad_description:/home/zero/sanad_ws/install/sanad_controller:/home/zero/mangobot/install/mangobot_moveit:/home/zero/mangobot/install/mangobot_description:/home/zero/mangobot/install/mangobot_cpp_examples:/home/zero/mangobot/install/mangobot_controller:/home/zero/arduinobot/install/arduinobot_moveit:/home/zero/arduinobot/install/arduinobot_description:/home/zero/arduinobot/install/arduinobot_controller:/home/zero/ros2_ws/install/ldlidar_ros2:/home/zero/ros2_ws/install/dual_laser_merger:/home/zero/ros2_ws/install/astra_camera:/home/zero/ros2_ws/install/astra_camera_msgs:/home/zero/essential_ros2/install/micro_ros_agent:/home/zero/grid_fleet_ws/install/fleet_interfaces:/home/zero/bumperbot_ws/install/ldlidar_ros2:/home/zero/bumperbot_ws/install/bumperbot_utils:/home/zero/bumperbot_ws/install/bumperbot_navigation:/home/zero/bumperbot_ws/install/bumperbot_planning:/home/zero/bumperbot_ws/install/bumperbot_cpp_examples:/home/zero/bumperbot_ws/install/bumperbot_msgs:/home/zero/bumperbot_ws/install/bumperbot_motion:/home/zero/bumperbot_ws/install/bumperbot_bringup:/home/zero/bumperbot_ws/install/bumperbot_mapping:/home/zero/bumperbot_ws/install/bumperbot_localization:/home/zero/bumperbot_ws/install/bumperbot_firmware:/home/zero/bumperbot_ws/install/bumperbot_description:/home/zero/bumperbot_ws/install/bumperbot_controller:/home/zero/ball_follower/install/ball_follower_interface_pkg:/home/zero/sanad_ws/install/sanad_voice_control:/home/zero/sanad_ws/install/sanad_room_manager:/home/zero/sanad_ws/install/sanad_perception:/home/zero/sanad_ws/install/sanad_interface_pkg:/home/zero/ros2_ws/install/camera_vision_service:/home/zero/grid_fleet_ws/install/fleet_sim:/home/zero/bumperbot_ws/install/sanad_controller:/home/zero/bumperbot_ws/install/bumperbot_py_examples:/opt/ros/humble /usr/bin/cmake /home/zero/ball_follower/src/ball_follower_bringup -DAMENT_CMAKE_SYMLINK_INSTALL=1 -DCMAKE_INSTALL_PREFIX=/home/zero/ball_follower/install/ball_follower_bringup
[0.023s] -- Found ament_cmake: 1.3.14 (/opt/ros/humble/share/ament_cmake/cmake)
[0.163s] -- Override CMake install command with custom implementation using symlinks instead of copying resources
[0.169s] -- Found ball_follower_description: 0.0.0 (/home/zero/ball_follower/install/ball_follower_description/share/ball_follower_description/cmake)
[0.169s] -- Found ros_gz_sim: 0.244.24 (/opt/ros/humble/share/ros_gz_sim/cmake)
[0.205s] -- Found rosidl_generator_c: 3.1.8 (/opt/ros/humble/share/rosidl_generator_c/cmake)
[0.207s] -- Found rosidl_adapter: 3.1.8 (/opt/ros/humble/share/rosidl_adapter/cmake)
[0.213s] -- Found rosidl_generator_cpp: 3.1.8 (/opt/ros/humble/share/rosidl_generator_cpp/cmake)
[0.227s] -- Using all available rosidl_typesupport_c: rosidl_typesupport_fastrtps_c;rosidl_typesupport_introspection_c
[0.240s] -- Using all available rosidl_typesupport_cpp: rosidl_typesupport_fastrtps_cpp;rosidl_typesupport_introspection_cpp
[0.279s] -- Found rmw_implementation_cmake: 6.1.2 (/opt/ros/humble/share/rmw_implementation_cmake/cmake)
[0.282s] -- Found rmw_fastrtps_cpp: 6.2.10 (/opt/ros/humble/share/rmw_fastrtps_cpp/cmake)
[0.393s] -- Using RMW implementation 'rmw_fastrtps_cpp' as default
[0.544s] -- Configuring done
[0.548s] -- Generating done
[0.550s] -- Build files have been written to: /home/zero/ball_follower/build/ball_follower_bringup
[0.559s] Invoked command in '/home/zero/ball_follower/build/ball_follower_bringup' returned '0': CMAKE_PREFIX_PATH=/home/zero/ball_follower/install/ball_follower_description:/home/zero/ball_follower/install/ball_follower_bringup:/home/zero/sanad_ws/install/sanad_bringup:/home/zero/sanad_ws/install/sanad_navigation:/home/zero/sanad_ws/install/sanad_planning:/home/zero/sanad_ws/install/sanad_mapping:/home/zero/sanad_ws/install/sanad_localization:/home/zero/sanad_ws/install/sanad_interfaces:/home/zero/sanad_ws/install/sanad_firmware:/home/zero/sanad_ws/install/sanad_description:/home/zero/sanad_ws/install/sanad_controller:/home/zero/mangobot/install/mangobot_moveit:/home/zero/mangobot/install/mangobot_description:/home/zero/mangobot/install/mangobot_cpp_examples:/home/zero/mangobot/install/mangobot_controller:/home/zero/arduinobot/install/arduinobot_moveit:/home/zero/arduinobot/install/arduinobot_description:/home/zero/arduinobot/install/arduinobot_controller:/home/zero/ros2_ws/install/ldlidar_ros2:/home/zero/ros2_ws/install/dual_laser_merger:/home/zero/ros2_ws/install/astra_camera:/home/zero/ros2_ws/install/astra_camera_msgs:/home/zero/essential_ros2/install/micro_ros_agent:/home/zero/grid_fleet_ws/install/fleet_interfaces:/home/zero/bumperbot_ws/install/ldlidar_ros2:/home/zero/bumperbot_ws/install/bumperbot_utils:/home/zero/bumperbot_ws/install/bumperbot_navigation:/home/zero/bumperbot_ws/install/bumperbot_planning:/home/zero/bumperbot_ws/install/bumperbot_cpp_examples:/home/zero/bumperbot_ws/install/bumperbot_msgs:/home/zero/bumperbot_ws/install/bumperbot_motion:/home/zero/bumperbot_ws/install/bumperbot_bringup:/home/zero/bumperbot_ws/install/bumperbot_mapping:/home/zero/bumperbot_ws/install/bumperbot_localization:/home/zero/bumperbot_ws/install/bumperbot_firmware:/home/zero/bumperbot_ws/install/bumperbot_description:/home/zero/bumperbot_ws/install/bumperbot_controller:/home/zero/ball_follower/install/ball_follower_interface_pkg:/home/zero/sanad_ws/install/sanad_voice_control:/home/zero/sanad_ws/install/sanad_room_manager:/home/zero/sanad_ws/install/sanad_perception:/home/zero/sanad_ws/install/sanad_interface_pkg:/home/zero/ros2_ws/install/camera_vision_service:/home/zero/grid_fleet_ws/install/fleet_sim:/home/zero/bumperbot_ws/install/sanad_controller:/home/zero/bumperbot_ws/install/bumperbot_py_examples:/opt/ros/humble /usr/bin/cmake /home/zero/ball_follower/src/ball_follower_bringup -DAMENT_CMAKE_SYMLINK_INSTALL=1 -DCMAKE_INSTALL_PREFIX=/home/zero/ball_follower/install/ball_follower_bringup
[0.560s] Invoking command in '/home/zero/ball_follower/build/ball_follower_bringup': CMAKE_PREFIX_PATH=/home/zero/ball_follower/install/ball_follower_description:/home/zero/ball_follower/install/ball_follower_bringup:/home/zero/sanad_ws/install/sanad_bringup:/home/zero/sanad_ws/install/sanad_navigation:/home/zero/sanad_ws/install/sanad_planning:/home/zero/sanad_ws/install/sanad_mapping:/home/zero/sanad_ws/install/sanad_localization:/home/zero/sanad_ws/install/sanad_interfaces:/home/zero/sanad_ws/install/sanad_firmware:/home/zero/sanad_ws/install/sanad_description:/home/zero/sanad_ws/install/sanad_controller:/home/zero/mangobot/install/mangobot_moveit:/home/zero/mangobot/install/mangobot_description:/home/zero/mangobot/install/mangobot_cpp_examples:/home/zero/mangobot/install/mangobot_controller:/home/zero/arduinobot/install/arduinobot_moveit:/home/zero/arduinobot/install/arduinobot_description:/home/zero/arduinobot/install/arduinobot_controller:/home/zero/ros2_ws/install/ldlidar_ros2:/home/zero/ros2_ws/install/dual_laser_merger:/home/zero/ros2_ws/install/astra_camera:/home/zero/ros2_ws/install/astra_camera_msgs:/home/zero/essential_ros2/install/micro_ros_agent:/home/zero/grid_fleet_ws/install/fleet_interfaces:/home/zero/bumperbot_ws/install/ldlidar_ros2:/home/zero/bumperbot_ws/install/bumperbot_utils:/home/zero/bumperbot_ws/install/bumperbot_navigation:/home/zero/bumperbot_ws/install/bumperbot_planning:/home/zero/bumperbot_ws/install/bumperbot_cpp_examples:/home/zero/bumperbot_ws/install/bumperbot_msgs:/home/zero/bumperbot_ws/install/bumperbot_motion:/home/zero/bumperbot_ws/install/bumperbot_bringup:/home/zero/bumperbot_ws/install/bumperbot_mapping:/home/zero/bumperbot_ws/install/bumperbot_localization:/home/zero/bumperbot_ws/install/bumperbot_firmware:/home/zero/bumperbot_ws/install/bumperbot_description:/home/zero/bumperbot_ws/install/bumperbot_controller:/home/zero/ball_follower/install/ball_follower_interface_pkg:/home/zero/sanad_ws/install/sanad_voice_control:/home/zero/sanad_ws/install/sanad_room_manager:/home/zero/sanad_ws/install/sanad_perception:/home/zero/sanad_ws/install/sanad_interface_pkg:/home/zero/ros2_ws/install/camera_vision_service:/home/zero/grid_fleet_ws/install/fleet_sim:/home/zero/bumperbot_ws/install/sanad_controller:/home/zero/bumperbot_ws/install/bumperbot_py_examples:/opt/ros/humble /usr/bin/cmake --build /home/zero/ball_follower/build/ball_follower_bringup -- -j12 -l12
[0.598s] Invoked command in '/home/zero/ball_follower/build/ball_follower_bringup' returned '0': CMAKE_PREFIX_PATH=/home/zero/ball_follower/install/ball_follower_description:/home/zero/ball_follower/install/ball_follower_bringup:/home/zero/sanad_ws/install/sanad_bringup:/home/zero/sanad_ws/install/sanad_navigation:/home/zero/sanad_ws/install/sanad_planning:/home/zero/sanad_ws/install/sanad_mapping:/home/zero/sanad_ws/install/sanad_localization:/home/zero/sanad_ws/install/sanad_interfaces:/home/zero/sanad_ws/install/sanad_firmware:/home/zero/sanad_ws/install/sanad_description:/home/zero/sanad_ws/install/sanad_controller:/home/zero/mangobot/install/mangobot_moveit:/home/zero/mangobot/install/mangobot_description:/home/zero/mangobot/install/mangobot_cpp_examples:/home/zero/mangobot/install/mangobot_controller:/home/zero/arduinobot/install/arduinobot_moveit:/home/zero/arduinobot/install/arduinobot_description:/home/zero/arduinobot/install/arduinobot_controller:/home/zero/ros2_ws/install/ldlidar_ros2:/home/zero/ros2_ws/install/dual_laser_merger:/home/zero/ros2_ws/install/astra_camera:/home/zero/ros2_ws/install/astra_camera_msgs:/home/zero/essential_ros2/install/micro_ros_agent:/home/zero/grid_fleet_ws/install/fleet_interfaces:/home/zero/bumperbot_ws/install/ldlidar_ros2:/home/zero/bumperbot_ws/install/bumperbot_utils:/home/zero/bumperbot_ws/install/bumperbot_navigation:/home/zero/bumperbot_ws/install/bumperbot_planning:/home/zero/bumperbot_ws/install/bumperbot_cpp_examples:/home/zero/bumperbot_ws/install/bumperbot_msgs:/home/zero/bumperbot_ws/install/bumperbot_motion:/home/zero/bumperbot_ws/install/bumperbot_bringup:/home/zero/bumperbot_ws/install/bumperbot_mapping:/home/zero/bumperbot_ws/install/bumperbot_localization:/home/zero/bumperbot_ws/install/bumperbot_firmware:/home/zero/bumperbot_ws/install/bumperbot_description:/home/zero/bumperbot_ws/install/bumperbot_controller:/home/zero/ball_follower/install/ball_follower_interface_pkg:/home/zero/sanad_ws/install/sanad_voice_control:/home/zero/sanad_ws/install/sanad_room_manager:/home/zero/sanad_ws/install/sanad_perception:/home/zero/sanad_ws/install/sanad_interface_pkg:/home/zero/ros2_ws/install/camera_vision_service:/home/zero/grid_fleet_ws/install/fleet_sim:/home/zero/bumperbot_ws/install/sanad_controller:/home/zero/bumperbot_ws/install/bumperbot_py_examples:/opt/ros/humble /usr/bin/cmake --build /home/zero/ball_follower/build/ball_follower_bringup -- -j12 -l12
[0.599s] Invoking command in '/home/zero/ball_follower/build/ball_follower_bringup': CMAKE_PREFIX_PATH=/home/zero/ball_follower/install/ball_follower_description:/home/zero/ball_follower/install/ball_follower_bringup:/home/zero/sanad_ws/install/sanad_bringup:/home/zero/sanad_ws/install/sanad_navigation:/home/zero/sanad_ws/install/sanad_planning:/home/zero/sanad_ws/install/sanad_mapping:/home/zero/sanad_ws/install/sanad_localization:/home/zero/sanad_ws/install/sanad_interfaces:/home/zero/sanad_ws/install/sanad_firmware:/home/zero/sanad_ws/install/sanad_description:/home/zero/sanad_ws/install/sanad_controller:/home/zero/mangobot/install/mangobot_moveit:/home/zero/mangobot/install/mangobot_description:/home/zero/mangobot/install/mangobot_cpp_examples:/home/zero/mangobot/install/mangobot_controller:/home/zero/arduinobot/install/arduinobot_moveit:/home/zero/arduinobot/install/arduinobot_description:/home/zero/arduinobot/install/arduinobot_controller:/home/zero/ros2_ws/install/ldlidar_ros2:/home/zero/ros2_ws/install/dual_laser_merger:/home/zero/ros2_ws/install/astra_camera:/home/zero/ros2_ws/install/astra_camera_msgs:/home/zero/essential_ros2/install/micro_ros_agent:/home/zero/grid_fleet_ws/install/fleet_interfaces:/home/zero/bumperbot_ws/install/ldlidar_ros2:/home/zero/bumperbot_ws/install/bumperbot_utils:/home/zero/bumperbot_ws/install/bumperbot_navigation:/home/zero/bumperbot_ws/install/bumperbot_planning:/home/zero/bumperbot_ws/install/bumperbot_cpp_examples:/home/zero/bumperbot_ws/install/bumperbot_msgs:/home/zero/bumperbot_ws/install/bumperbot_motion:/home/zero/bumperbot_ws/install/bumperbot_bringup:/home/zero/bumperbot_ws/install/bumperbot_mapping:/home/zero/bumperbot_ws/install/bumperbot_localization:/home/zero/bumperbot_ws/install/bumperbot_firmware:/home/zero/bumperbot_ws/install/bumperbot_description:/home/zero/bumperbot_ws/install/bumperbot_controller:/home/zero/ball_follower/install/ball_follower_interface_pkg:/home/zero/sanad_ws/install/sanad_voice_control:/home/zero/sanad_ws/install/sanad_room_manager:/home/zero/sanad_ws/install/sanad_perception:/home/zero/sanad_ws/install/sanad_interface_pkg:/home/zero/ros2_ws/install/camera_vision_service:/home/zero/grid_fleet_ws/install/fleet_sim:/home/zero/bumperbot_ws/install/sanad_controller:/home/zero/bumperbot_ws/install/bumperbot_py_examples:/opt/ros/humble /usr/bin/cmake --install /home/zero/ball_follower/build/ball_follower_bringup
[0.606s] -- Install configuration: ""
[0.607s] -- Execute custom install script
[0.607s] -- Symlinking: /home/zero/ball_follower/install/ball_follower_bringup/share/ball_follower_bringup//launch/ball_follower_gazebo.launch.py
[0.615s] -- Symlinking: /home/zero/ball_follower/install/ball_follower_bringup/share/ball_follower_bringup//config/gazebo_bringup.yaml
[0.624s] -- Symlinking: /home/zero/ball_follower/install/ball_follower_bringup/share/ball_follower_bringup//worlds/empty.sdf
[0.633s] -- Symlinking: /home/zero/ball_follower/install/ball_follower_bringup/share/ball_follower_bringup//worlds/home.sdf
[0.641s] -- Symlinking: /home/zero/ball_follower/install/ball_follower_bringup/share/ball_follower_bringup//models/dining_chair/materials/textures/DiningChair_Albedo.jpg
[0.650s] -- Symlinking: /home/zero/ball_follower/install/ball_follower_bringup/share/ball_follower_bringup//models/dining_chair/materials/textures/DiningChair_Normal.jpg
[0.660s] -- Symlinking: /home/zero/ball_follower/install/ball_follower_bringup/share/ball_follower_bringup//models/dining_chair/materials/textures/DiningChair_Roughness.jpg
[0.671s] -- Symlinking: /home/zero/ball_follower/install/ball_follower_bringup/share/ball_follower_bringup//models/dining_chair/meshes/diningchair.dae
[0.681s] -- Symlinking: /home/zero/ball_follower/install/ball_follower_bringup/share/ball_follower_bringup//models/dining_chair/model.config
[0.696s] -- Symlinking: /home/zero/ball_follower/install/ball_follower_bringup/share/ball_follower_bringup//models/dining_chair/model.sdf
[0.709s] -- Symlinking: /home/zero/ball_follower/install/ball_follower_bringup/share/ball_follower_bringup//models/dining_chair/thumbnails/DiningChair.png
[0.723s] -- Symlinking: /home/zero/ball_follower/install/ball_follower_bringup/share/ball_follower_bringup//models/dining_table/materials/textures/Wood_Albedo.png
[0.737s] -- Symlinking: /home/zero/ball_follower/install/ball_follower_bringup/share/ball_follower_bringup//models/dining_table/materials/textures/Wood_Normal.png
[0.753s] -- Symlinking: /home/zero/ball_follower/install/ball_follower_bringup/share/ball_follower_bringup//models/dining_table/materials/textures/Wood_Roughness.png
[0.767s] -- Symlinking: /home/zero/ball_follower/install/ball_follower_bringup/share/ball_follower_bringup//models/dining_table/meshes/diningtable.dae
[0.782s] -- Symlinking: /home/zero/ball_follower/install/ball_follower_bringup/share/ball_follower_bringup//models/dining_table/model.config
[0.798s] -- Symlinking: /home/zero/ball_follower/install/ball_follower_bringup/share/ball_follower_bringup//models/dining_table/model.sdf
[0.812s] -- Symlinking: /home/zero/ball_follower/install/ball_follower_bringup/share/ball_follower_bringup//models/dining_table/thumbnails/DiningTable.png
[0.828s] -- Symlinking: /home/zero/ball_follower/install/ball_follower_bringup/share/ball_follower_bringup//models/nist_maze_wall_120/materials/textures/plywood256x256.png
[0.843s] -- Symlinking: /home/zero/ball_follower/install/ball_follower_bringup/share/ball_follower_bringup//models/nist_maze_wall_120/meshes/nist_maze_wall_120.dae
[0.857s] -- Symlinking: /home/zero/ball_follower/install/ball_follower_bringup/share/ball_follower_bringup//models/nist_maze_wall_120/model-1_2.sdf
[0.876s] -- Symlinking: /home/zero/ball_follower/install/ball_follower_bringup/share/ball_follower_bringup//models/nist_maze_wall_120/model-1_3.sdf
[0.891s] -- Symlinking: /home/zero/ball_follower/install/ball_follower_bringup/share/ball_follower_bringup//models/nist_maze_wall_120/model-1_4.sdf
[0.906s] -- Symlinking: /home/zero/ball_follower/install/ball_follower_bringup/share/ball_follower_bringup//models/nist_maze_wall_120/model.config
[0.920s] -- Symlinking: /home/zero/ball_follower/install/ball_follower_bringup/share/ball_follower_bringup//models/nist_maze_wall_120/model.sdf
[0.933s] -- Symlinking: /home/zero/ball_follower/install/ball_follower_bringup/share/ball_follower_bringup//models/nist_maze_wall_120/thumbnails/1.png
[0.949s] -- Symlinking: /home/zero/ball_follower/install/ball_follower_bringup/share/ball_follower_bringup//models/nist_maze_wall_120/thumbnails/2.png
[0.963s] -- Symlinking: /home/zero/ball_follower/install/ball_follower_bringup/share/ball_follower_bringup//models/nist_maze_wall_120/thumbnails/3.png
[0.978s] -- Symlinking: /home/zero/ball_follower/install/ball_follower_bringup/share/ball_follower_bringup//models/nist_maze_wall_120/thumbnails/4.png
[0.994s] -- Symlinking: /home/zero/ball_follower/install/ball_follower_bringup/share/ball_follower_bringup//models/nist_maze_wall_120/thumbnails/5.png
[1.009s] -- Symlinking: /home/zero/ball_follower/install/ball_follower_bringup/share/ball_follower_bringup//models/standing_person/materials/textures/eyebrow001-unmodified.png
[1.032s] -- Symlinking: /home/zero/ball_follower/install/ball_follower_bringup/share/ball_follower_bringup//models/standing_person/materials/textures/eyebrow001.png
[1.047s] -- Symlinking: /home/zero/ball_follower/install/ball_follower_bringup/share/ball_follower_bringup//models/standing_person/materials/textures/green_eye.png
[1.062s] -- Symlinking: /home/zero/ball_follower/install/ball_follower_bringup/share/ball_follower_bringup//models/standing_person/materials/textures/jeans01_normals.png
[1.079s] -- Symlinking: /home/zero/ball_follower/install/ball_follower_bringup/share/ball_follower_bringup//models/standing_person/materials/textures/jeans_basic_diffuse.png
[1.095s] -- Symlinking: /home/zero/ball_follower/install/ball_follower_bringup/share/ball_follower_bringup//models/standing_person/materials/textures/male02_diffuse_black-unmodified.png
[1.121s] -- Symlinking: /home/zero/ball_follower/install/ball_follower_bringup/share/ball_follower_bringup//models/standing_person/materials/textures/male02_diffuse_black.png
[1.138s] -- Symlinking: /home/zero/ball_follower/install/ball_follower_bringup/share/ball_follower_bringup//models/standing_person/materials/textures/teeth.png
[1.154s] -- Symlinking: /home/zero/ball_follower/install/ball_follower_bringup/share/ball_follower_bringup//models/standing_person/materials/textures/tshirt02_normals.png
[1.173s] -- Symlinking: /home/zero/ball_follower/install/ball_follower_bringup/share/ball_follower_bringup//models/standing_person/materials/textures/tshirt02_texture.png
[1.188s] -- Symlinking: /home/zero/ball_follower/install/ball_follower_bringup/share/ball_follower_bringup//models/standing_person/materials/textures/young_lightskinned_male_diffuse.png
[1.204s] -- Symlinking: /home/zero/ball_follower/install/ball_follower_bringup/share/ball_follower_bringup//models/standing_person/meshes/standing.dae
[1.221s] -- Symlinking: /home/zero/ball_follower/install/ball_follower_bringup/share/ball_follower_bringup//models/standing_person/model.config
[1.235s] -- Symlinking: /home/zero/ball_follower/install/ball_follower_bringup/share/ball_follower_bringup//models/standing_person/model.sdf
[1.250s] -- Symlinking: /home/zero/ball_follower/install/ball_follower_bringup/share/ball_follower_bringup//models/standing_person/thumbnails/1.png
[1.267s] -- Symlinking: /home/zero/ball_follower/install/ball_follower_bringup/share/ball_follower_bringup//models/standing_person/thumbnails/2.png
[1.285s] -- Symlinking: /home/zero/ball_follower/install/ball_follower_bringup/share/ball_follower_bringup//models/standing_person/thumbnails/3.png
[1.300s] -- Symlinking: /home/zero/ball_follower/install/ball_follower_bringup/share/ball_follower_bringup//models/standing_person/thumbnails/4.png
[1.315s] -- Symlinking: /home/zero/ball_follower/install/ball_follower_bringup/share/ball_follower_bringup//models/standing_person/thumbnails/5.png
[1.330s] -- Symlinking: /home/zero/ball_follower/install/ball_follower_bringup/share/ament_index/resource_index/package_run_dependencies/ball_follower_bringup
[1.346s] -- Symlinking: /home/zero/ball_follower/install/ball_follower_bringup/share/ament_index/resource_index/parent_prefix_path/ball_follower_bringup
[1.363s] -- Symlinking: /home/zero/ball_follower/install/ball_follower_bringup/share/ball_follower_bringup/environment/ament_prefix_path.sh
[1.377s] -- Symlinking: /home/zero/ball_follower/install/ball_follower_bringup/share/ball_follower_bringup/environment/ament_prefix_path.dsv
[1.393s] -- Symlinking: /home/zero/ball_follower/install/ball_follower_bringup/share/ball_follower_bringup/environment/path.sh
[1.410s] -- Symlinking: /home/zero/ball_follower/install/ball_follower_bringup/share/ball_follower_bringup/environment/path.dsv
[1.428s] -- Symlinking: /home/zero/ball_follower/install/ball_follower_bringup/share/ball_follower_bringup/local_setup.bash
[1.443s] -- Symlinking: /home/zero/ball_follower/install/ball_follower_bringup/share/ball_follower_bringup/local_setup.sh
[1.456s] -- Symlinking: /home/zero/ball_follower/install/ball_follower_bringup/share/ball_follower_bringup/local_setup.zsh
[1.468s] -- Symlinking: /home/zero/ball_follower/install/ball_follower_bringup/share/ball_follower_bringup/local_setup.dsv
[1.478s] -- Symlinking: /home/zero/ball_follower/install/ball_follower_bringup/share/ball_follower_bringup/package.dsv
[1.487s] -- Symlinking: /home/zero/ball_follower/install/ball_follower_bringup/share/ament_index/resource_index/packages/ball_follower_bringup
[1.498s] -- Symlinking: /home/zero/ball_follower/install/ball_follower_bringup/share/ball_follower_bringup/cmake/ball_follower_bringupConfig.cmake
[1.509s] -- Symlinking: /home/zero/ball_follower/install/ball_follower_bringup/share/ball_follower_bringup/cmake/ball_follower_bringupConfig-version.cmake
[1.517s] -- Symlinking: /home/zero/ball_follower/install/ball_follower_bringup/share/ball_follower_bringup/package.xml
[1.530s] Invoked command in '/home/zero/ball_follower/build/ball_follower_bringup' returned '0': CMAKE_PREFIX_PATH=/home/zero/ball_follower/install/ball_follower_description:/home/zero/ball_follower/install/ball_follower_bringup:/home/zero/sanad_ws/install/sanad_bringup:/home/zero/sanad_ws/install/sanad_navigation:/home/zero/sanad_ws/install/sanad_planning:/home/zero/sanad_ws/install/sanad_mapping:/home/zero/sanad_ws/install/sanad_localization:/home/zero/sanad_ws/install/sanad_interfaces:/home/zero/sanad_ws/install/sanad_firmware:/home/zero/sanad_ws/install/sanad_description:/home/zero/sanad_ws/install/sanad_controller:/home/zero/mangobot/install/mangobot_moveit:/home/zero/mangobot/install/mangobot_description:/home/zero/mangobot/install/mangobot_cpp_examples:/home/zero/mangobot/install/mangobot_controller:/home/zero/arduinobot/install/arduinobot_moveit:/home/zero/arduinobot/install/arduinobot_description:/home/zero/arduinobot/install/arduinobot_controller:/home/zero/ros2_ws/install/ldlidar_ros2:/home/zero/ros2_ws/install/dual_laser_merger:/home/zero/ros2_ws/install/astra_camera:/home/zero/ros2_ws/install/astra_camera_msgs:/home/zero/essential_ros2/install/micro_ros_agent:/home/zero/grid_fleet_ws/install/fleet_interfaces:/home/zero/bumperbot_ws/install/ldlidar_ros2:/home/zero/bumperbot_ws/install/bumperbot_utils:/home/zero/bumperbot_ws/install/bumperbot_navigation:/home/zero/bumperbot_ws/install/bumperbot_planning:/home/zero/bumperbot_ws/install/bumperbot_cpp_examples:/home/zero/bumperbot_ws/install/bumperbot_msgs:/home/zero/bumperbot_ws/install/bumperbot_motion:/home/zero/bumperbot_ws/install/bumperbot_bringup:/home/zero/bumperbot_ws/install/bumperbot_mapping:/home/zero/bumperbot_ws/install/bumperbot_localization:/home/zero/bumperbot_ws/install/bumperbot_firmware:/home/zero/bumperbot_ws/install/bumperbot_description:/home/zero/bumperbot_ws/install/bumperbot_controller:/home/zero/ball_follower/install/ball_follower_interface_pkg:/home/zero/sanad_ws/install/sanad_voice_control:/home/zero/sanad_ws/install/sanad_room_manager:/home/zero/sanad_ws/install/sanad_perception:/home/zero/sanad_ws/install/sanad_interface_pkg:/home/zero/ros2_ws/install/camera_vision_service:/home/zero/grid_fleet_ws/install/fleet_sim:/home/zero/bumperbot_ws/install/sanad_controller:/home/zero/bumperbot_ws/install/bumperbot_py_examples:/opt/ros/humble /usr/bin/cmake --install /home/zero/ball_follower/build/ball_follower_bringup
