running develop
Removing /home/zero/ball_follower/install/ball_follower_interface_pkg/lib/python3.10/site-packages/ball-follower-interface-pkg.egg-link (link to .)
running egg_info
writing ../../build/ball_follower_interface_pkg/ball_follower_interface_pkg.egg-info/PKG-INFO
writing dependency_links to ../../build/ball_follower_interface_pkg/ball_follower_interface_pkg.egg-info/dependency_links.txt
writing entry points to ../../build/ball_follower_interface_pkg/ball_follower_interface_pkg.egg-info/entry_points.txt
writing requirements to ../../build/ball_follower_interface_pkg/ball_follower_interface_pkg.egg-info/requires.txt
writing top-level names to ../../build/ball_follower_interface_pkg/ball_follower_interface_pkg.egg-info/top_level.txt
reading manifest file '../../build/ball_follower_interface_pkg/ball_follower_interface_pkg.egg-info/SOURCES.txt'
writing manifest file '../../build/ball_follower_interface_pkg/ball_follower_interface_pkg.egg-info/SOURCES.txt'
running build
running build_py
running install
running install_lib
copying /home/zero/ball_follower/build/ball_follower_interface_pkg/build/lib/ball_follower_interface_pkg/green_ball_follower.py -> /home/zero/ball_follower/install/ball_follower_interface_pkg/lib/python3.10/site-packages/ball_follower_interface_pkg
copying /home/zero/ball_follower/build/ball_follower_interface_pkg/build/lib/ball_follower_interface_pkg/__init__.py -> /home/zero/ball_follower/install/ball_follower_interface_pkg/lib/python3.10/site-packages/ball_follower_interface_pkg
byte-compiling /home/zero/ball_follower/install/ball_follower_interface_pkg/lib/python3.10/site-packages/ball_follower_interface_pkg/green_ball_follower.py to green_ball_follower.cpython-310.pyc
byte-compiling /home/zero/ball_follower/install/ball_follower_interface_pkg/lib/python3.10/site-packages/ball_follower_interface_pkg/__init__.py to __init__.cpython-310.pyc
running install_data
copying resource/ball_follower_interface_pkg -> /home/zero/ball_follower/install/ball_follower_interface_pkg/share/ament_index/resource_index/packages
copying package.xml -> /home/zero/ball_follower/install/ball_follower_interface_pkg/share/ball_follower_interface_pkg
running install_egg_info
Copying ../../build/ball_follower_interface_pkg/ball_follower_interface_pkg.egg-info to /home/zero/ball_follower/install/ball_follower_interface_pkg/lib/python3.10/site-packages/ball_follower_interface_pkg-0.0.0-py3.10.egg-info
running install_scripts
Installing green_ball_follower script to /home/zero/ball_follower/install/ball_follower_interface_pkg/lib/ball_follower_interface_pkg
writing list of installed files to '/home/zero/ball_follower/build/ball_follower_interface_pkg/install.log'
