[0.722s] Invoking command in '/home/zero/ball_follower/build/ball_follower_interface_pkg': PYTHONPATH=/home/zero/ball_follower/build/ball_follower_interface_pkg/prefix_override:/usr/lib/python3/dist-packages/colcon_core/task/python/colcon_distutils_commands:/home/zero/ball_follower/install/ball_follower_interface_pkg/lib/python3.10/site-packages:${PYTHONPATH} /usr/bin/python3 -W ignore:setup.py install is deprecated -W ignore:easy_install command is deprecated setup.py develop --uninstall --editable --build-directory /home/zero/ball_follower/build/ball_follower_interface_pkg/build
[1.009s] running develop
[1.216s] Removing /home/zero/ball_follower/install/ball_follower_interface_pkg/lib/python3.10/site-packages/ball-follower-interface-pkg.egg-link (link to .)
[1.249s] Invoked command in '/home/zero/ball_follower/build/ball_follower_interface_pkg' returned '0': PYTHONPATH=/home/zero/ball_follower/build/ball_follower_interface_pkg/prefix_override:/usr/lib/python3/dist-packages/colcon_core/task/python/colcon_distutils_commands:/home/zero/ball_follower/install/ball_follower_interface_pkg/lib/python3.10/site-packages:${PYTHONPATH} /usr/bin/python3 -W ignore:setup.py install is deprecated -W ignore:easy_install command is deprecated setup.py develop --uninstall --editable --build-directory /home/zero/ball_follower/build/ball_follower_interface_pkg/build
[1.251s] Invoking command in '/home/zero/ball_follower/src/ball_follower_interface_pkg': PYTHONPATH=/home/zero/ball_follower/build/ball_follower_interface_pkg/prefix_override:/usr/lib/python3/dist-packages/colcon_core/task/python/colcon_distutils_commands:/home/zero/ball_follower/install/ball_follower_interface_pkg/lib/python3.10/site-packages:${PYTHONPATH} /usr/bin/python3 -W ignore:setup.py install is deprecated -W ignore:easy_install command is deprecated setup.py egg_info --egg-base ../../build/ball_follower_interface_pkg build --build-base /home/zero/ball_follower/build/ball_follower_interface_pkg/build install --record /home/zero/ball_follower/build/ball_follower_interface_pkg/install.log --single-version-externally-managed install_data --force
[1.540s] running egg_info
[1.541s] writing ../../build/ball_follower_interface_pkg/ball_follower_interface_pkg.egg-info/PKG-INFO
[1.541s] writing dependency_links to ../../build/ball_follower_interface_pkg/ball_follower_interface_pkg.egg-info/dependency_links.txt
[1.541s] writing entry points to ../../build/ball_follower_interface_pkg/ball_follower_interface_pkg.egg-info/entry_points.txt
[1.541s] writing requirements to ../../build/ball_follower_interface_pkg/ball_follower_interface_pkg.egg-info/requires.txt
[1.541s] writing top-level names to ../../build/ball_follower_interface_pkg/ball_follower_interface_pkg.egg-info/top_level.txt
[1.543s] reading manifest file '../../build/ball_follower_interface_pkg/ball_follower_interface_pkg.egg-info/SOURCES.txt'
[1.544s] writing manifest file '../../build/ball_follower_interface_pkg/ball_follower_interface_pkg.egg-info/SOURCES.txt'
[1.544s] running build
[1.544s] running build_py
[1.544s] copying ball_follower_interface_pkg/green_ball_follower.py -> /home/zero/ball_follower/build/ball_follower_interface_pkg/build/lib/ball_follower_interface_pkg
[1.544s] running install
[1.545s] running install_lib
[1.545s] copying /home/zero/ball_follower/build/ball_follower_interface_pkg/build/lib/ball_follower_interface_pkg/green_ball_follower.py -> /home/zero/ball_follower/install/ball_follower_interface_pkg/lib/python3.10/site-packages/ball_follower_interface_pkg
[1.546s] copying /home/zero/ball_follower/build/ball_follower_interface_pkg/build/lib/ball_follower_interface_pkg/__init__.py -> /home/zero/ball_follower/install/ball_follower_interface_pkg/lib/python3.10/site-packages/ball_follower_interface_pkg
[1.546s] byte-compiling /home/zero/ball_follower/install/ball_follower_interface_pkg/lib/python3.10/site-packages/ball_follower_interface_pkg/green_ball_follower.py to green_ball_follower.cpython-310.pyc
[1.547s] byte-compiling /home/zero/ball_follower/install/ball_follower_interface_pkg/lib/python3.10/site-packages/ball_follower_interface_pkg/__init__.py to __init__.cpython-310.pyc
[1.547s] running install_data
[1.547s] copying resource/ball_follower_interface_pkg -> /home/zero/ball_follower/install/ball_follower_interface_pkg/share/ament_index/resource_index/packages
[1.547s] copying package.xml -> /home/zero/ball_follower/install/ball_follower_interface_pkg/share/ball_follower_interface_pkg
[1.547s] running install_egg_info
[1.549s] Copying ../../build/ball_follower_interface_pkg/ball_follower_interface_pkg.egg-info to /home/zero/ball_follower/install/ball_follower_interface_pkg/lib/python3.10/site-packages/ball_follower_interface_pkg-0.0.0-py3.10.egg-info
[1.550s] running install_scripts
[1.571s] Installing green_ball_follower script to /home/zero/ball_follower/install/ball_follower_interface_pkg/lib/ball_follower_interface_pkg
[1.572s] writing list of installed files to '/home/zero/ball_follower/build/ball_follower_interface_pkg/install.log'
[1.595s] Invoked command in '/home/zero/ball_follower/src/ball_follower_interface_pkg' returned '0': PYTHONPATH=/home/zero/ball_follower/build/ball_follower_interface_pkg/prefix_override:/usr/lib/python3/dist-packages/colcon_core/task/python/colcon_distutils_commands:/home/zero/ball_follower/install/ball_follower_interface_pkg/lib/python3.10/site-packages:${PYTHONPATH} /usr/bin/python3 -W ignore:setup.py install is deprecated -W ignore:easy_install command is deprecated setup.py egg_info --egg-base ../../build/ball_follower_interface_pkg build --build-base /home/zero/ball_follower/build/ball_follower_interface_pkg/build install --record /home/zero/ball_follower/build/ball_follower_interface_pkg/install.log --single-version-externally-managed install_data --force
