-- Install configuration: ""
-- Up-to-date: /home/zero/ball_follower/install/ball_follower_description/share/ball_follower_description//urdf
-- Up-to-date: /home/zero/ball_follower/install/ball_follower_description/share/ball_follower_description//urdf/ball_follower.urdf.xacro
-- Up-to-date: /home/zero/ball_follower/install/ball_follower_description/share/ball_follower_description//urdf/mobile_base_gazebo.xacro
-- Up-to-date: /home/zero/ball_follower/install/ball_follower_description/share/ball_follower_description//urdf/mobile_base.xacro
-- Up-to-date: /home/zero/ball_follower/install/ball_follower_description/share/ball_follower_description//urdf/camera.xacro
-- Up-to-date: /home/zero/ball_follower/install/ball_follower_description/share/ball_follower_description//urdf/common_properties.xacro
-- Up-to-date: /home/zero/ball_follower/install/ball_follower_description/share/ball_follower_description//launch
-- Up-to-date: /home/zero/ball_follower/install/ball_follower_description/share/ball_follower_description//launch/display.launch.xml
-- Up-to-date: /home/zero/ball_follower/install/ball_follower_description/share/ball_follower_description//rviz
-- Up-to-date: /home/zero/ball_follower/install/ball_follower_description/share/ball_follower_description//rviz/config.rviz
-- Up-to-date: /home/zero/ball_follower/install/ball_follower_description/share/ament_index/resource_index/package_run_dependencies/ball_follower_description
-- Up-to-date: /home/zero/ball_follower/install/ball_follower_description/share/ament_index/resource_index/parent_prefix_path/ball_follower_description
-- Up-to-date: /home/zero/ball_follower/install/ball_follower_description/share/ball_follower_description/environment/ament_prefix_path.sh
-- Up-to-date: /home/zero/ball_follower/install/ball_follower_description/share/ball_follower_description/environment/ament_prefix_path.dsv
-- Up-to-date: /home/zero/ball_follower/install/ball_follower_description/share/ball_follower_description/environment/path.sh
-- Up-to-date: /home/zero/ball_follower/install/ball_follower_description/share/ball_follower_description/environment/path.dsv
-- Up-to-date: /home/zero/ball_follower/install/ball_follower_description/share/ball_follower_description/local_setup.bash
-- Up-to-date: /home/zero/ball_follower/install/ball_follower_description/share/ball_follower_description/local_setup.sh
-- Up-to-date: /home/zero/ball_follower/install/ball_follower_description/share/ball_follower_description/local_setup.zsh
-- Up-to-date: /home/zero/ball_follower/install/ball_follower_description/share/ball_follower_description/local_setup.dsv
-- Installing: /home/zero/ball_follower/install/ball_follower_description/share/ball_follower_description/package.dsv
-- Up-to-date: /home/zero/ball_follower/install/ball_follower_description/share/ament_index/resource_index/packages/ball_follower_description
-- Up-to-date: /home/zero/ball_follower/install/ball_follower_description/share/ball_follower_description/cmake/ball_follower_descriptionConfig.cmake
-- Up-to-date: /home/zero/ball_follower/install/ball_follower_description/share/ball_follower_description/cmake/ball_follower_descriptionConfig-version.cmake
-- Up-to-date: /home/zero/ball_follower/install/ball_follower_description/share/ball_follower_description/package.xml
