[0.951s] Invoking command in '/home/zero/ball_follower/src/ball_follower_interface_pkg': PYTHONPATH=/home/zero/ball_follower/build/ball_follower_interface_pkg/prefix_override:/usr/lib/python3/dist-packages/colcon_core/task/python/colcon_distutils_commands:/home/zero/ball_follower/install/ball_follower_interface_pkg/lib/python3.10/site-packages:${PYTHONPATH} /usr/bin/python3 -W ignore:setup.py install is deprecated -W ignore:easy_install command is deprecated setup.py egg_info --egg-base ../../build/ball_follower_interface_pkg build --build-base /home/zero/ball_follower/build/ball_follower_interface_pkg/build install --record /home/zero/ball_follower/build/ball_follower_interface_pkg/install.log --single-version-externally-managed install_data
[1.304s] running egg_info
[1.305s] writing ../../build/ball_follower_interface_pkg/ball_follower_interface_pkg.egg-info/PKG-INFO
[1.305s] writing dependency_links to ../../build/ball_follower_interface_pkg/ball_follower_interface_pkg.egg-info/dependency_links.txt
[1.305s] writing entry points to ../../build/ball_follower_interface_pkg/ball_follower_interface_pkg.egg-info/entry_points.txt
[1.305s] writing requirements to ../../build/ball_follower_interface_pkg/ball_follower_interface_pkg.egg-info/requires.txt
[1.305s] writing top-level names to ../../build/ball_follower_interface_pkg/ball_follower_interface_pkg.egg-info/top_level.txt
[1.308s] reading manifest file '../../build/ball_follower_interface_pkg/ball_follower_interface_pkg.egg-info/SOURCES.txt'
[1.308s] writing manifest file '../../build/ball_follower_interface_pkg/ball_follower_interface_pkg.egg-info/SOURCES.txt'
[1.308s] running build
[1.309s] running build_py
[1.309s] running install
[1.309s] running install_lib
[1.311s] running install_data
[1.311s] running install_egg_info
[1.314s] removing '/home/zero/ball_follower/install/ball_follower_interface_pkg/lib/python3.10/site-packages/ball_follower_interface_pkg-0.0.0-py3.10.egg-info' (and everything under it)
[1.314s] Copying ../../build/ball_follower_interface_pkg/ball_follower_interface_pkg.egg-info to /home/zero/ball_follower/install/ball_follower_interface_pkg/lib/python3.10/site-packages/ball_follower_interface_pkg-0.0.0-py3.10.egg-info
[1.315s] running install_scripts
[1.341s] Installing green_ball_follower script to /home/zero/ball_follower/install/ball_follower_interface_pkg/lib/ball_follower_interface_pkg
[1.341s] writing list of installed files to '/home/zero/ball_follower/build/ball_follower_interface_pkg/install.log'
[1.381s] Invoked command in '/home/zero/ball_follower/src/ball_follower_interface_pkg' returned '0': PYTHONPATH=/home/zero/ball_follower/build/ball_follower_interface_pkg/prefix_override:/usr/lib/python3/dist-packages/colcon_core/task/python/colcon_distutils_commands:/home/zero/ball_follower/install/ball_follower_interface_pkg/lib/python3.10/site-packages:${PYTHONPATH} /usr/bin/python3 -W ignore:setup.py install is deprecated -W ignore:easy_install command is deprecated setup.py egg_info --egg-base ../../build/ball_follower_interface_pkg build --build-base /home/zero/ball_follower/build/ball_follower_interface_pkg/build install --record /home/zero/ball_follower/build/ball_follower_interface_pkg/install.log --single-version-externally-managed install_data
